Archive member included to satisfy reference by file (symbol)

/usr/lib/gcc/arm-none-eabi/6.3.1/../../../arm-none-eabi/lib/thumb/v7-m/libc_nano.a(lib_a-atexit.o)
                              /usr/lib/gcc/arm-none-eabi/6.3.1/../../../arm-none-eabi/lib/thumb/v7-m/crt0.o (atexit)
/usr/lib/gcc/arm-none-eabi/6.3.1/../../../arm-none-eabi/lib/thumb/v7-m/libc_nano.a(lib_a-atoi.o)
                              _build/gps.o (atoi)
/usr/lib/gcc/arm-none-eabi/6.3.1/../../../arm-none-eabi/lib/thumb/v7-m/libc_nano.a(lib_a-exit.o)
                              /usr/lib/gcc/arm-none-eabi/6.3.1/../../../arm-none-eabi/lib/thumb/v7-m/crt0.o (exit)
/usr/lib/gcc/arm-none-eabi/6.3.1/../../../arm-none-eabi/lib/thumb/v7-m/libc_nano.a(lib_a-fini.o)
                              /usr/lib/gcc/arm-none-eabi/6.3.1/../../../arm-none-eabi/lib/thumb/v7-m/crt0.o (__libc_fini_array)
/usr/lib/gcc/arm-none-eabi/6.3.1/../../../arm-none-eabi/lib/thumb/v7-m/libc_nano.a(lib_a-impure.o)
                              /usr/lib/gcc/arm-none-eabi/6.3.1/../../../arm-none-eabi/lib/thumb/v7-m/libc_nano.a(lib_a-exit.o) (_global_impure_ptr)
/usr/lib/gcc/arm-none-eabi/6.3.1/../../../arm-none-eabi/lib/thumb/v7-m/libc_nano.a(lib_a-init.o)
                              /usr/lib/gcc/arm-none-eabi/6.3.1/../../../arm-none-eabi/lib/thumb/v7-m/crt0.o (__libc_init_array)
/usr/lib/gcc/arm-none-eabi/6.3.1/../../../arm-none-eabi/lib/thumb/v7-m/libc_nano.a(lib_a-memset.o)
                              /usr/lib/gcc/arm-none-eabi/6.3.1/../../../arm-none-eabi/lib/thumb/v7-m/crt0.o (memset)
/usr/lib/gcc/arm-none-eabi/6.3.1/../../../arm-none-eabi/lib/thumb/v7-m/libc_nano.a(lib_a-strncmp.o)
                              _build/gps.o (strncmp)
/usr/lib/gcc/arm-none-eabi/6.3.1/../../../arm-none-eabi/lib/thumb/v7-m/libc_nano.a(lib_a-strtol.o)
                              /usr/lib/gcc/arm-none-eabi/6.3.1/../../../arm-none-eabi/lib/thumb/v7-m/libc_nano.a(lib_a-atoi.o) (_strtol_r)
/usr/lib/gcc/arm-none-eabi/6.3.1/../../../arm-none-eabi/lib/thumb/v7-m/libc_nano.a(lib_a-__atexit.o)
                              /usr/lib/gcc/arm-none-eabi/6.3.1/../../../arm-none-eabi/lib/thumb/v7-m/libc_nano.a(lib_a-atexit.o) (__register_exitproc)
/usr/lib/gcc/arm-none-eabi/6.3.1/../../../arm-none-eabi/lib/thumb/v7-m/libc_nano.a(lib_a-__call_atexit.o)
                              /usr/lib/gcc/arm-none-eabi/6.3.1/../../../arm-none-eabi/lib/thumb/v7-m/libc_nano.a(lib_a-__atexit.o) (__call_exitprocs)
/usr/lib/gcc/arm-none-eabi/6.3.1/../../../arm-none-eabi/lib/thumb/v7-m/libc_nano.a(lib_a-locale.o)
                              /usr/lib/gcc/arm-none-eabi/6.3.1/../../../arm-none-eabi/lib/thumb/v7-m/libc_nano.a(lib_a-strtol.o) (__locale_ctype_ptr_l)
/usr/lib/gcc/arm-none-eabi/6.3.1/../../../arm-none-eabi/lib/thumb/v7-m/libc_nano.a(lib_a-mbtowc_r.o)
                              /usr/lib/gcc/arm-none-eabi/6.3.1/../../../arm-none-eabi/lib/thumb/v7-m/libc_nano.a(lib_a-locale.o) (__ascii_mbtowc)
/usr/lib/gcc/arm-none-eabi/6.3.1/../../../arm-none-eabi/lib/thumb/v7-m/libc_nano.a(lib_a-strcmp.o)
                              /usr/lib/gcc/arm-none-eabi/6.3.1/../../../arm-none-eabi/lib/thumb/v7-m/libc_nano.a(lib_a-locale.o) (strcmp)
/usr/lib/gcc/arm-none-eabi/6.3.1/../../../arm-none-eabi/lib/thumb/v7-m/libc_nano.a(lib_a-wctomb_r.o)
                              /usr/lib/gcc/arm-none-eabi/6.3.1/../../../arm-none-eabi/lib/thumb/v7-m/libc_nano.a(lib_a-locale.o) (__ascii_wctomb)
/usr/lib/gcc/arm-none-eabi/6.3.1/../../../arm-none-eabi/lib/thumb/v7-m/libc_nano.a(lib_a-ctype_.o)
                              /usr/lib/gcc/arm-none-eabi/6.3.1/../../../arm-none-eabi/lib/thumb/v7-m/libc_nano.a(lib_a-locale.o) (_ctype_)
/usr/lib/gcc/arm-none-eabi/6.3.1/../../../arm-none-eabi/lib/thumb/v7-m/libm.a(lib_a-s_ceil.o)
                              _build/sx1276.o (ceil)
/usr/lib/gcc/arm-none-eabi/6.3.1/../../../arm-none-eabi/lib/thumb/v7-m/libm.a(lib_a-s_floor.o)
                              _build/sx1276.o (floor)
/usr/lib/gcc/arm-none-eabi/6.3.1/../../../arm-none-eabi/lib/thumb/v7-m/libm.a(lib_a-s_round.o)
                              _build/sx1276.o (round)
/usr/lib/gcc/arm-none-eabi/6.3.1/../../../arm-none-eabi/lib/thumb/v7-m/libnosys.a(_exit.o)
                              /usr/lib/gcc/arm-none-eabi/6.3.1/../../../arm-none-eabi/lib/thumb/v7-m/libc_nano.a(lib_a-exit.o) (_exit)
/usr/lib/gcc/arm-none-eabi/6.3.1/thumb/v7-m/libgcc.a(_arm_addsubdf3.o)
                              _build/rtc-board.o (__aeabi_dsub)
/usr/lib/gcc/arm-none-eabi/6.3.1/thumb/v7-m/libgcc.a(_arm_muldivdf3.o)
                              _build/sx1276.o (__aeabi_dmul)
/usr/lib/gcc/arm-none-eabi/6.3.1/thumb/v7-m/libgcc.a(_arm_cmpdf2.o)
                              _build/gps.o (__aeabi_dcmpeq)
/usr/lib/gcc/arm-none-eabi/6.3.1/thumb/v7-m/libgcc.a(_arm_fixdfsi.o)
                              _build/sx1276.o (__aeabi_d2iz)
/usr/lib/gcc/arm-none-eabi/6.3.1/thumb/v7-m/libgcc.a(_arm_fixunsdfsi.o)
                              _build/sx1276.o (__aeabi_d2uiz)
[...]
Memory Configuration

Name             Origin             Length             Attributes
RAM              0x0000000020000000 0x0000000000008000 xrw
FLASH            0x0000000008000000 0x0000000000020000 xr
*default*        0x0000000000000000 0xffffffffffffffff

Linker script and memory map

LOAD /usr/lib/gcc/arm-none-eabi/6.3.1/thumb/v7-m/crti.o
LOAD /usr/lib/gcc/arm-none-eabi/6.3.1/thumb/v7-m/crtbegin.o
LOAD /usr/lib/gcc/arm-none-eabi/6.3.1/../../../arm-none-eabi/lib/thumb/v7-m/crt0.o
LOAD _build/main.o
LOAD _build/system_stm32l1xx.o
LOAD _build/sx1276.o
LOAD _build/stm32l1xx_hal_flash.o
LOAD _build/stm32l1xx_hal_flash_ex.o
LOAD _build/stm32l1xx_hal_rtc_ex.o
LOAD _build/stm32l1xx_hal_pwr_ex.o
LOAD _build/stm32l1xx_hal_msp_template.o
LOAD _build/stm32l1xx_hal_crc.o
LOAD _build/stm32l1xx_hal_usart.o
LOAD _build/stm32l1xx_hal_lcd.o
LOAD _build/stm32l1xx_hal_pcd.o
LOAD _build/stm32l1xx_hal_spi.o
LOAD _build/stm32l1xx_hal_irda.o
LOAD _build/stm32l1xx_hal_rcc_ex.o
LOAD _build/stm32l1xx_hal.o
LOAD _build/stm32l1xx_hal_i2c.o
LOAD _build/stm32l1xx_hal_smartcard.o
LOAD _build/stm32l1xx_hal_cryp.o
LOAD _build/stm32l1xx_hal_iwdg.o
LOAD _build/stm32l1xx_hal_uart.o
LOAD _build/stm32l1xx_hal_wwdg.o
LOAD _build/stm32l1xx_hal_pcd_ex.o
LOAD _build/stm32l1xx_hal_adc.o
LOAD _build/stm32l1xx_hal_flash_ramfunc.o
LOAD _build/stm32l1xx_hal_gpio.o
LOAD _build/stm32l1xx_hal_comp.o
LOAD _build/stm32l1xx_hal_nor.o
LOAD _build/stm32l1xx_hal_cryp_ex.o
LOAD _build/stm32l1xx_hal_opamp_ex.o
LOAD _build/stm32l1xx_hal_cortex.o
LOAD _build/stm32l1xx_hal_tim_ex.o
LOAD _build/stm32l1xx_hal_adc_ex.o
LOAD _build/stm32l1xx_hal_dma.o
LOAD _build/stm32l1xx_hal_dac.o
LOAD _build/stm32l1xx_hal_tim.o
LOAD _build/stm32l1xx_hal_dac_ex.o
LOAD _build/stm32l1xx_hal_rtc.o
LOAD _build/stm32l1xx_hal_pwr.o
LOAD _build/stm32l1xx_hal_i2s.o
LOAD _build/stm32l1xx_hal_opamp.o
LOAD _build/stm32l1xx_hal_sram.o
LOAD _build/stm32l1xx_hal_sd.o
LOAD _build/stm32l1xx_hal_rcc.o
LOAD _build/sx1276-board.o
LOAD _build/spi-board.o
LOAD _build/gpio-board.o
LOAD _build/delay-board.o
LOAD _build/board.o
LOAD _build/eeprom-board.o
LOAD _build/rtc-board.o
LOAD _build/i2c-board.o
LOAD _build/adc-board.o
LOAD _build/uart-board.o
LOAD _build/uart.o
LOAD _build/eeprom.o
LOAD _build/i2c.o
LOAD _build/gps.o
LOAD _build/delay.o
LOAD _build/gpio.o
LOAD _build/fifo.o
LOAD _build/timer.o
LOAD _build/adc.o
LOAD _build/startup_stm32l151xba.o
LOAD /usr/lib/gcc/arm-none-eabi/6.3.1/../../../arm-none-eabi/lib/thumb/v7-m/libc_nano.a
LOAD /usr/lib/gcc/arm-none-eabi/6.3.1/../../../arm-none-eabi/lib/thumb/v7-m/libm.a
LOAD /usr/lib/gcc/arm-none-eabi/6.3.1/../../../arm-none-eabi/lib/thumb/v7-m/libnosys.a
START GROUP
LOAD /usr/lib/gcc/arm-none-eabi/6.3.1/thumb/v7-m/libgcc.a
LOAD /usr/lib/gcc/arm-none-eabi/6.3.1/../../../arm-none-eabi/lib/thumb/v7-m/libc_nano.a
END GROUP
START GROUP
LOAD /usr/lib/gcc/arm-none-eabi/6.3.1/thumb/v7-m/libgcc.a
LOAD /usr/lib/gcc/arm-none-eabi/6.3.1/../../../arm-none-eabi/lib/thumb/v7-m/libc_nano.a
END GROUP
LOAD /usr/lib/gcc/arm-none-eabi/6.3.1/thumb/v7-m/crtend.o
LOAD /usr/lib/gcc/arm-none-eabi/6.3.1/thumb/v7-m/crtn.o
                0x0000000020008000                _estack = 0x20008000
                0x0000000000000200                _Min_Heap_Size = 0x200
                0x0000000000000400                _Min_Stack_Size = 0x400

.isr_vector     0x0000000008000000      0x13c
                0x0000000008000000                . = ALIGN (0x4)
 *(.isr_vector)
 .isr_vector    0x0000000008000000      0x13c _build/startup_stm32l151xba.o
                0x0000000008000000                g_pfnVectors
                0x000000000800013c                . = ALIGN (0x4)

.text           0x0000000008000140     0x442c
                0x0000000008000140                . = ALIGN (0x4)
 *(.text)
 .text          0x0000000008000140       0xa4 /usr/lib/gcc/arm-none-eabi/6.3.1/thumb/v7-m/crtbegin.o
 .text          0x00000000080001e4       0x48 /usr/lib/gcc/arm-none-eabi/6.3.1/../../../arm-none-eabi/lib/thumb/v7-m/libc_nano.a(lib_a-init.o)
                0x00000000080001e4                __libc_init_array
 .text          0x000000000800022c       0x94 /usr/lib/gcc/arm-none-eabi/6.3.1/../../../arm-none-eabi/lib/thumb/v7-m/libc_nano.a(lib_a-memset.o)
                0x000000000800022c                memset
 .text          0x00000000080002c0      0x110 /usr/lib/gcc/arm-none-eabi/6.3.1/../../../arm-none-eabi/lib/thumb/v7-m/libm.a(lib_a-s_ceil.o)
                0x00000000080002c0                ceil
 .text          0x00000000080003d0       0x9c /usr/lib/gcc/arm-none-eabi/6.3.1/../../../arm-none-eabi/lib/thumb/v7-m/libm.a(lib_a-s_round.o)
                0x00000000080003d0                round
 .text          0x000000000800046c      0x370 /usr/lib/gcc/arm-none-eabi/6.3.1/thumb/v7-m/libgcc.a(_arm_addsubdf3.o)
                0x000000000800046c                __aeabi_drsub
                0x0000000008000474                __aeabi_dsub
                0x0000000008000474                __subdf3
                0x0000000008000478                __adddf3
                0x0000000008000478                __aeabi_dadd
                0x00000000080006f0                __aeabi_ui2d
                0x00000000080006f0                __floatunsidf
                0x0000000008000710                __floatsidf
                0x0000000008000710                __aeabi_i2d
                0x0000000008000734                __extendsfdf2
                0x0000000008000734                __aeabi_f2d
                0x0000000008000770                __aeabi_ul2d
                0x0000000008000770                __floatundidf
                0x0000000008000780                __floatdidf
                0x0000000008000780                __aeabi_l2d
 .text          0x00000000080007dc      0x424 /usr/lib/gcc/arm-none-eabi/6.3.1/thumb/v7-m/libgcc.a(_arm_muldivdf3.o)
                0x00000000080007dc                __aeabi_dmul
                0x00000000080007dc                __muldf3
                0x0000000008000a30                __aeabi_ddiv
                0x0000000008000a30                __divdf3
 .text          0x0000000008000c00      0x110 /usr/lib/gcc/arm-none-eabi/6.3.1/thumb/v7-m/libgcc.a(_arm_cmpdf2.o)
                0x0000000008000c00                __gtdf2
                0x0000000008000c00                __gedf2
                0x0000000008000c08                __ltdf2
                0x0000000008000c08                __ledf2
                0x0000000008000c10                __cmpdf2
                0x0000000008000c10                __eqdf2
                0x0000000008000c10                __nedf2
                0x0000000008000c8c                __aeabi_cdrcmple
                0x0000000008000c9c                __aeabi_cdcmple
                0x0000000008000c9c                __aeabi_cdcmpeq
                0x0000000008000cac                __aeabi_dcmpeq
                0x0000000008000cc0                __aeabi_dcmplt
                0x0000000008000cd4                __aeabi_dcmple
                0x0000000008000ce8                __aeabi_dcmpge
                0x0000000008000cfc                __aeabi_dcmpgt
 .text          0x0000000008000d10       0x50 /usr/lib/gcc/arm-none-eabi/6.3.1/thumb/v7-m/libgcc.a(_arm_fixdfsi.o)
                0x0000000008000d10                __fixdfsi
                0x0000000008000d10                __aeabi_d2iz
 .text          0x0000000008000d60       0x40 /usr/lib/gcc/arm-none-eabi/6.3.1/thumb/v7-m/libgcc.a(_arm_fixunsdfsi.o)
                0x0000000008000d60                __fixunsdfsi
                0x0000000008000d60                __aeabi_d2uiz
 *(.text*)
 .text.MX_GPIO_Init
                0x0000000008000da0       0x20 _build/main.o
 .text.MX_USART1_UART_Init
                0x0000000008000dc0       0x2c _build/main.o
 .text.SystemClock_Config
                0x0000000008000dec       0x70 _build/main.o
                0x0000000008000dec                SystemClock_Config
 .text.main     0x0000000008000e5c       0x34 _build/main.o
                0x0000000008000e5c                main
 .text.SystemInit
                0x0000000008000e90       0x48 _build/system_stm32l1xx.o
                0x0000000008000e90                SystemInit
 .text.HAL_RTCEx_DeactivateWakeUpTimer
                0x0000000008000ed8       0x70 _build/stm32l1xx_hal_rtc_ex.o
                0x0000000008000ed8                HAL_RTCEx_DeactivateWakeUpTimer
 .text.HAL_RTCEx_AlarmBEventCallback
                0x0000000008000f48        0x2 _build/stm32l1xx_hal_rtc_ex.o
                0x0000000008000f48                HAL_RTCEx_AlarmBEventCallback
 .text.HAL_PWREx_EnableFastWakeUp
                0x0000000008000f4a       0x1c _build/stm32l1xx_hal_pwr_ex.o
                0x0000000008000f4a                HAL_PWREx_EnableFastWakeUp
 .text.HAL_PWREx_EnableUltraLowPower
                0x0000000008000f66       0x1c _build/stm32l1xx_hal_pwr_ex.o
                0x0000000008000f66                HAL_PWREx_EnableUltraLowPower
 .text.HAL_MspInit
                0x0000000008000f82        0x2 _build/stm32l1xx_hal_msp_template.o
                0x0000000008000f82                HAL_MspInit
 .text.HAL_SPI_MspInit
                0x0000000008000f84        0x2 _build/stm32l1xx_hal_spi.o
                0x0000000008000f84                HAL_SPI_MspInit
 .text.HAL_SPI_Init
                0x0000000008000f86       0x70 _build/stm32l1xx_hal_spi.o
                0x0000000008000f86                HAL_SPI_Init
 .text.HAL_SPI_MspDeInit
                0x0000000008000ff6        0x2 _build/stm32l1xx_hal_spi.o
                0x0000000008000ff6                HAL_SPI_MspDeInit
 .text.HAL_SPI_DeInit
                0x0000000008000ff8       0x2c _build/stm32l1xx_hal_spi.o
                0x0000000008000ff8                HAL_SPI_DeInit
 .text.HAL_RCCEx_PeriphCLKConfig
                0x0000000008001024      0x138 _build/stm32l1xx_hal_rcc_ex.o
                0x0000000008001024                HAL_RCCEx_PeriphCLKConfig
 .text.HAL_InitTick
                0x000000000800115c       0x50 _build/stm32l1xx_hal.o
                0x000000000800115c                HAL_InitTick
 .text.HAL_Init
                0x00000000080011ac       0x1e _build/stm32l1xx_hal.o
                0x00000000080011ac                HAL_Init
 *fill*         0x00000000080011ca        0x2 
 .text.HAL_IncTick
                0x00000000080011cc       0x18 _build/stm32l1xx_hal.o
                0x00000000080011cc                HAL_IncTick
 .text.HAL_GetTick
                0x00000000080011e4        0xc _build/stm32l1xx_hal.o
                0x00000000080011e4                HAL_GetTick
 .text.HAL_Delay
                0x00000000080011f0       0x28 _build/stm32l1xx_hal.o
                0x00000000080011f0                HAL_Delay
 .text.HAL_DBGMCU_DisableDBGSleepMode
                0x0000000008001218       0x10 _build/stm32l1xx_hal.o
                0x0000000008001218                HAL_DBGMCU_DisableDBGSleepMode
 .text.HAL_DBGMCU_DisableDBGStopMode
                0x0000000008001228       0x10 _build/stm32l1xx_hal.o
                0x0000000008001228                HAL_DBGMCU_DisableDBGStopMode
 .text.HAL_DBGMCU_DisableDBGStandbyMode
                0x0000000008001238       0x10 _build/stm32l1xx_hal.o
                0x0000000008001238                HAL_DBGMCU_DisableDBGStandbyMode
 .text.HAL_I2C_MspInit
                0x0000000008001248        0x2 _build/stm32l1xx_hal_i2c.o
                0x0000000008001248                HAL_I2C_MspInit
 *fill*         0x000000000800124a        0x2 
 .text.HAL_I2C_Init
                0x000000000800124c      0x1a0 _build/stm32l1xx_hal_i2c.o
                0x000000000800124c                HAL_I2C_Init
 .text.UART_EndRxTransfer
                0x00000000080013ec       0x1c _build/stm32l1xx_hal_uart.o
 .text.UART_Transmit_IT
                0x0000000008001408       0x6a _build/stm32l1xx_hal_uart.o
 *fill*         0x0000000008001472        0x2 
 .text.UART_SetConfig
                0x0000000008001474      0x164 _build/stm32l1xx_hal_uart.o
 .text.UART_WaitOnFlagUntilTimeout
                0x00000000080015d8       0x64 _build/stm32l1xx_hal_uart.o
 .text.HAL_UART_MspInit
                0x000000000800163c        0x2 _build/stm32l1xx_hal_uart.o
                0x000000000800163c                HAL_UART_MspInit
 .text.HAL_UART_Init
                0x000000000800163e       0x5e _build/stm32l1xx_hal_uart.o
                0x000000000800163e                HAL_UART_Init
 .text.HAL_UART_Transmit
                0x000000000800169c       0xe2 _build/stm32l1xx_hal_uart.o
                0x000000000800169c                HAL_UART_Transmit
 .text.HAL_UART_Transmit_IT
                0x000000000800177e       0x48 _build/stm32l1xx_hal_uart.o
                0x000000000800177e                HAL_UART_Transmit_IT
 .text.HAL_UART_Receive_IT
                0x00000000080017c6       0x5c _build/stm32l1xx_hal_uart.o
                0x00000000080017c6                HAL_UART_Receive_IT
 .text.UART_EndTransmit_IT
                0x0000000008001822       0x1a _build/stm32l1xx_hal_uart.o
 .text.UART_Receive_IT
                0x000000000800183c       0x9e _build/stm32l1xx_hal_uart.o
 *fill*         0x00000000080018da        0x2 
 .text.HAL_UART_IRQHandler
                0x00000000080018dc      0x120 _build/stm32l1xx_hal_uart.o
                0x00000000080018dc                HAL_UART_IRQHandler
 .text.UART_DMAAbortOnError
                0x00000000080019fc       0x10 _build/stm32l1xx_hal_uart.o
 .text.HAL_ADC_MspInit
                0x0000000008001a0c        0x2 _build/stm32l1xx_hal_adc.o
                0x0000000008001a0c                HAL_ADC_MspInit
 *fill*         0x0000000008001a0e        0x2 
 .text.HAL_ADC_Init
                0x0000000008001a10      0x1a0 _build/stm32l1xx_hal_adc.o
                0x0000000008001a10                HAL_ADC_Init
 .text.HAL_ADC_MspDeInit
                0x0000000008001bb0        0x2 _build/stm32l1xx_hal_adc.o
                0x0000000008001bb0                HAL_ADC_MspDeInit
 .text.ADC_ConversionStop_Disable
                0x0000000008001bb2       0x4c _build/stm32l1xx_hal_adc.o
                0x0000000008001bb2                ADC_ConversionStop_Disable
 *fill*         0x0000000008001bfe        0x2 
 .text.HAL_ADC_DeInit
                0x0000000008001c00      0x11c _build/stm32l1xx_hal_adc.o
                0x0000000008001c00                HAL_ADC_DeInit
 .text.HAL_GPIO_Init
                0x0000000008001d1c      0x1a0 _build/stm32l1xx_hal_gpio.o
                0x0000000008001d1c                HAL_GPIO_Init
 .text.HAL_GPIO_WritePin
                0x0000000008001ebc        0xc _build/stm32l1xx_hal_gpio.o
                0x0000000008001ebc                HAL_GPIO_WritePin
 .text.HAL_GPIO_EXTI_IRQHandler
                0x0000000008001ec8       0x1c _build/stm32l1xx_hal_gpio.o
                0x0000000008001ec8                HAL_GPIO_EXTI_IRQHandler
 .text.HAL_NVIC_SetPriorityGrouping
                0x0000000008001ee4       0x24 _build/stm32l1xx_hal_cortex.o
                0x0000000008001ee4                HAL_NVIC_SetPriorityGrouping
 .text.HAL_NVIC_SetPriority
                0x0000000008001f08       0x64 _build/stm32l1xx_hal_cortex.o
                0x0000000008001f08                HAL_NVIC_SetPriority
 .text.HAL_NVIC_EnableIRQ
                0x0000000008001f6c       0x1c _build/stm32l1xx_hal_cortex.o
                0x0000000008001f6c                HAL_NVIC_EnableIRQ
 .text.HAL_SYSTICK_Config
                0x0000000008001f88       0x2c _build/stm32l1xx_hal_cortex.o
                0x0000000008001f88                HAL_SYSTICK_Config
 .text.HAL_SYSTICK_CLKSourceConfig
                0x0000000008001fb4       0x20 _build/stm32l1xx_hal_cortex.o
                0x0000000008001fb4                HAL_SYSTICK_CLKSourceConfig
 .text.HAL_SYSTICK_Callback
                0x0000000008001fd4        0x2 _build/stm32l1xx_hal_cortex.o
                0x0000000008001fd4                HAL_SYSTICK_Callback
 .text.HAL_SYSTICK_IRQHandler
                0x0000000008001fd6        0x8 _build/stm32l1xx_hal_cortex.o
                0x0000000008001fd6                HAL_SYSTICK_IRQHandler
 .text.HAL_DMA_Abort_IT
                0x0000000008001fde       0x50 _build/stm32l1xx_hal_dma.o
                0x0000000008001fde                HAL_DMA_Abort_IT
 .text.HAL_RTC_MspInit
                0x000000000800202e        0x2 _build/stm32l1xx_hal_rtc.o
                0x000000000800202e                HAL_RTC_MspInit
 .text.HAL_RTC_DeactivateAlarm
                0x0000000008002030       0xb8 _build/stm32l1xx_hal_rtc.o
                0x0000000008002030                HAL_RTC_DeactivateAlarm
 .text.HAL_RTC_AlarmAEventCallback
                0x00000000080020e8        0x2 _build/stm32l1xx_hal_rtc.o
                0x00000000080020e8                HAL_RTC_AlarmAEventCallback
 *fill*         0x00000000080020ea        0x2 
 .text.HAL_RTC_AlarmIRQHandler
                0x00000000080020ec       0x60 _build/stm32l1xx_hal_rtc.o
                0x00000000080020ec                HAL_RTC_AlarmIRQHandler
 .text.HAL_RTC_WaitForSynchro
                0x000000000800214c       0x3e _build/stm32l1xx_hal_rtc.o
                0x000000000800214c                HAL_RTC_WaitForSynchro
 .text.RTC_EnterInitMode
                0x000000000800218a       0x3c _build/stm32l1xx_hal_rtc.o
                0x000000000800218a                RTC_EnterInitMode
 .text.HAL_RTC_Init
                0x00000000080021c6       0xa4 _build/stm32l1xx_hal_rtc.o
                0x00000000080021c6                HAL_RTC_Init
 .text.RTC_ByteToBcd2
                0x000000000800226a       0x16 _build/stm32l1xx_hal_rtc.o
                0x000000000800226a                RTC_ByteToBcd2
 .text.HAL_RTC_SetTime
                0x0000000008002280       0xf0 _build/stm32l1xx_hal_rtc.o
                0x0000000008002280                HAL_RTC_SetTime
 .text.HAL_RTC_SetDate
                0x0000000008002370       0xce _build/stm32l1xx_hal_rtc.o
                0x0000000008002370                HAL_RTC_SetDate
 *fill*         0x000000000800243e        0x2 
 .text.HAL_RTC_SetAlarm_IT
                0x0000000008002440      0x190 _build/stm32l1xx_hal_rtc.o
                0x0000000008002440                HAL_RTC_SetAlarm_IT
 .text.RTC_Bcd2ToByte
                0x00000000080025d0       0x12 _build/stm32l1xx_hal_rtc.o
                0x00000000080025d0                RTC_Bcd2ToByte
 .text.HAL_RTC_GetTime
                0x00000000080025e2       0x58 _build/stm32l1xx_hal_rtc.o
                0x00000000080025e2                HAL_RTC_GetTime
 .text.HAL_RTC_GetDate
                0x000000000800263a       0x42 _build/stm32l1xx_hal_rtc.o
                0x000000000800263a                HAL_RTC_GetDate
 .text.HAL_RTC_GetAlarm
                0x000000000800267c       0x80 _build/stm32l1xx_hal_rtc.o
                0x000000000800267c                HAL_RTC_GetAlarm
 .text.HAL_PWR_DisablePVD
                0x00000000080026fc       0x1a _build/stm32l1xx_hal_pwr.o
                0x00000000080026fc                HAL_PWR_DisablePVD
 *fill*         0x0000000008002716        0x2 
 .text.HAL_PWR_EnterSTOPMode
                0x0000000008002718       0x38 _build/stm32l1xx_hal_pwr.o
                0x0000000008002718                HAL_PWR_EnterSTOPMode
 .text.RCC_SetFlashLatencyFromMSIRange
                0x0000000008002750       0x98 _build/stm32l1xx_hal_rcc.o
 .text.HAL_RCC_OscConfig
                0x00000000080027e8      0x50c _build/stm32l1xx_hal_rcc.o
                0x00000000080027e8                HAL_RCC_OscConfig
 .text.HAL_RCC_GetSysClockFreq
                0x0000000008002cf4       0x70 _build/stm32l1xx_hal_rcc.o
                0x0000000008002cf4                HAL_RCC_GetSysClockFreq
 .text.HAL_RCC_ClockConfig
                0x0000000008002d64      0x1dc _build/stm32l1xx_hal_rcc.o
                0x0000000008002d64                HAL_RCC_ClockConfig
 .text.HAL_RCC_GetHCLKFreq
                0x0000000008002f40        0xc _build/stm32l1xx_hal_rcc.o
                0x0000000008002f40                HAL_RCC_GetHCLKFreq
 .text.HAL_RCC_GetPCLK1Freq
                0x0000000008002f4c       0x20 _build/stm32l1xx_hal_rcc.o
                0x0000000008002f4c                HAL_RCC_GetPCLK1Freq
 .text.HAL_RCC_GetPCLK2Freq
                0x0000000008002f6c       0x20 _build/stm32l1xx_hal_rcc.o
                0x0000000008002f6c                HAL_RCC_GetPCLK2Freq
 .text.SX1276IoInit
                0x0000000008002f8c       0x90 _build/sx1276-board.o
                0x0000000008002f8c                SX1276IoInit
 .text.SX1276IoDeInit
                0x000000000800301c       0x8c _build/sx1276-board.o
                0x000000000800301c                SX1276IoDeInit
 .text.SpiDeInit
                0x00000000080030a8       0x68 _build/spi-board.o
                0x00000000080030a8                SpiDeInit
 .text.SpiFormat
                0x0000000008003110       0x98 _build/spi-board.o
                0x0000000008003110                SpiFormat
 .text.SpiFrequency
                0x00000000080031a8       0x44 _build/spi-board.o
                0x00000000080031a8                SpiFrequency
 .text.SpiInit  0x00000000080031ec      0x194 _build/spi-board.o
                0x00000000080031ec                SpiInit
 .text.GpioMcuWrite
                0x0000000008003380       0x1c _build/gpio-board.o
                0x0000000008003380                GpioMcuWrite
 .text.GpioMcuInit
                0x000000000800339c      0x130 _build/gpio-board.o
                0x000000000800339c                GpioMcuInit
 .text.EXTI0_IRQHandler
                0x00000000080034cc        0xe _build/gpio-board.o
                0x00000000080034cc                EXTI0_IRQHandler
 .text.EXTI1_IRQHandler
                0x00000000080034da        0xe _build/gpio-board.o
                0x00000000080034da                EXTI1_IRQHandler
 .text.EXTI2_IRQHandler
                0x00000000080034e8        0xe _build/gpio-board.o
                0x00000000080034e8                EXTI2_IRQHandler
 .text.EXTI3_IRQHandler
                0x00000000080034f6        0xe _build/gpio-board.o
                0x00000000080034f6                EXTI3_IRQHandler
 .text.EXTI4_IRQHandler
                0x0000000008003504        0xe _build/gpio-board.o
                0x0000000008003504                EXTI4_IRQHandler
 .text.EXTI9_5_IRQHandler
                0x0000000008003512       0x2a _build/gpio-board.o
                0x0000000008003512                EXTI9_5_IRQHandler
 .text.EXTI15_10_IRQHandler
                0x000000000800353c       0x38 _build/gpio-board.o
                0x000000000800353c                EXTI15_10_IRQHandler
 .text.HAL_GPIO_EXTI_Callback
                0x0000000008003574       0x28 _build/gpio-board.o
                0x0000000008003574                HAL_GPIO_EXTI_Callback
 .text.OnCalibrateSystemWakeupTimeTimerEvent
                0x000000000800359c        0xc _build/board.o
 .text.SystemClockReConfig
                0x00000000080035a8       0x6c _build/board.o
 .text.SystemClockConfig
                0x0000000008003614       0xa8 _build/board.o
 .text.CalibrateSystemWakeupTime
                0x00000000080036bc       0x40 _build/board.o
 .text.BoardDisableIrq
                0x00000000080036fc       0x10 _build/board.o
                0x00000000080036fc                BoardDisableIrq
 .text.BoardEnableIrq
                0x000000000800370c       0x14 _build/board.o
                0x000000000800370c                BoardEnableIrq
 .text.BoardDeInitMcu
                0x0000000008003720       0x78 _build/board.o
                0x0000000008003720                BoardDeInitMcu
 .text.SysTick_Handler
                0x0000000008003798        0xc _build/board.o
                0x0000000008003798                SysTick_Handler
 .text.GetBoardPowerSource
                0x00000000080037a4        0x4 _build/board.o
                0x00000000080037a4                GetBoardPowerSource
 .text.BoardUnusedIoInit
                0x00000000080037a8       0xe4 _build/board.o
 .text.BoardInitMcu
                0x000000000800388c       0x80 _build/board.o
                0x000000000800388c                BoardInitMcu
 .text.RtcCheckCalendarRollOver
                0x000000000800390c       0x40 _build/rtc-board.o
 .text.RtcGetCalendar
                0x000000000800394c       0x4c _build/rtc-board.o
 .text.RtcComputeTimerTimeToAlarmTick
                0x0000000008003998      0x208 _build/rtc-board.o
 .text.RtcStartWakeUpAlarm
                0x0000000008003ba0       0x90 _build/rtc-board.o
 .text.RtcConvertCalendarTickToTimerTime
                0x0000000008003c30      0x140 _build/rtc-board.o
 .text.RtcComputeWakeUpTime
                0x0000000008003d70       0x88 _build/rtc-board.o
 .text.RtcInit  0x0000000008003df8       0x90 _build/rtc-board.o
                0x0000000008003df8                RtcInit
 .text.RtcSetTimeout
                0x0000000008003e88        0x8 _build/rtc-board.o
                0x0000000008003e88                RtcSetTimeout
 .text.RtcGetAdjustedTimeoutValue
                0x0000000008003e90       0x48 _build/rtc-board.o
                0x0000000008003e90                RtcGetAdjustedTimeoutValue
 .text.RtcGetElapsedAlarmTime
                0x0000000008003ed8       0x24 _build/rtc-board.o
                0x0000000008003ed8                RtcGetElapsedAlarmTime
 .text.RtcEnterLowPowerStopMode
                0x0000000008003efc       0x40 _build/rtc-board.o
                0x0000000008003efc                RtcEnterLowPowerStopMode
 .text.RtcRecoverMcuStatus
                0x0000000008003f3c       0x48 _build/rtc-board.o
                0x0000000008003f3c                RtcRecoverMcuStatus
 .text.BlockLowPowerDuringTask
                0x0000000008003f84       0x18 _build/rtc-board.o
                0x0000000008003f84                BlockLowPowerDuringTask
 .text.RTC_Alarm_IRQHandler
                0x0000000008003f9c       0x2c _build/rtc-board.o
                0x0000000008003f9c                RTC_Alarm_IRQHandler
 .text.I2cMcuInit
                0x0000000008003fc8       0x78 _build/i2c-board.o
                0x0000000008003fc8                I2cMcuInit
 .text.I2cMcuFormat
                0x0000000008004040       0x54 _build/i2c-board.o
                0x0000000008004040                I2cMcuFormat
 .text.AdcMcuInit
                0x0000000008004094       0x4c _build/adc-board.o
                0x0000000008004094                AdcMcuInit
 .text.AdcMcuConfig
                0x00000000080040e0       0x38 _build/adc-board.o
                0x00000000080040e0                AdcMcuConfig
 .text.HAL_UART_TxCpltCallback
                0x0000000008004118       0x3c _build/uart-board.o
                0x0000000008004118                HAL_UART_TxCpltCallback
 .text.HAL_UART_RxCpltCallback
                0x0000000008004154       0x3c _build/uart-board.o
                0x0000000008004154                HAL_UART_RxCpltCallback
 .text.HAL_UART_ErrorCallback
                0x0000000008004190       0x18 _build/uart-board.o
                0x0000000008004190                HAL_UART_ErrorCallback
 .text.USART1_IRQHandler
                0x00000000080041a8       0x10 _build/uart-board.o
                0x00000000080041a8                USART1_IRQHandler
 .text.I2cInit  0x00000000080041b8       0x38 _build/i2c.o
                0x00000000080041b8                I2cInit
 .text.GpioInit
                0x00000000080041f0       0x16 _build/gpio.o
                0x00000000080041f0                GpioInit
 .text.FifoNext
                0x0000000008004206       0x10 _build/fifo.o
 .text.FifoPush
                0x0000000008004216       0x14 _build/fifo.o
                0x0000000008004216                FifoPush
 .text.FifoPop  0x000000000800422a       0x14 _build/fifo.o
                0x000000000800422a                FifoPop
 .text.IsFifoEmpty
                0x000000000800423e        0xe _build/fifo.o
                0x000000000800423e                IsFifoEmpty
 .text.IsFifoFull
                0x000000000800424c       0x16 _build/fifo.o
                0x000000000800424c                IsFifoFull
 *fill*         0x0000000008004262        0x2 
 .text.TimerInsertTimer
                0x0000000008004264       0x58 _build/timer.o
 .text.TimerExists
                0x00000000080042bc       0x1c _build/timer.o
 .text.TimerSetTimeout
                0x00000000080042d8       0x1c _build/timer.o
 .text.TimerInsertNewHeadTimer
                0x00000000080042f4       0x28 _build/timer.o
 .text.TimerInit
                0x000000000800431c        0xe _build/timer.o
                0x000000000800431c                TimerInit
 .text.TimerGetValue
                0x000000000800432a        0x8 _build/timer.o
                0x000000000800432a                TimerGetValue
 *fill*         0x0000000008004332        0x2 
 .text.TimerStart
                0x0000000008004334       0x68 _build/timer.o
                0x0000000008004334                TimerStart
 .text.TimerIrqHandler
                0x000000000800439c       0x54 _build/timer.o
                0x000000000800439c                TimerIrqHandler
 .text.TimerStop
                0x00000000080043f0       0x9c _build/timer.o
                0x00000000080043f0                TimerStop
 .text.TimerSetValue
                0x000000000800448c       0x10 _build/timer.o
                0x000000000800448c                TimerSetValue
 .text.TimerLowPowerHandler
                0x000000000800449c       0x40 _build/timer.o
                0x000000000800449c                TimerLowPowerHandler
 .text.AdcInit  0x00000000080044dc       0x20 _build/adc.o
                0x00000000080044dc                AdcInit
 .text.AdcDeInit
                0x00000000080044fc        0xc _build/adc.o
                0x00000000080044fc                AdcDeInit
 .text.Reset_Handler
                0x0000000008004508       0x48 _build/startup_stm32l151xba.o
                0x0000000008004508                Reset_Handler
 .text.Default_Handler
                0x0000000008004550        0x2 _build/startup_stm32l151xba.o
                0x0000000008004550                DebugMon_Handler
                0x0000000008004550                HardFault_Handler
                0x0000000008004550                TIM10_IRQHandler
                0x0000000008004550                USB_HP_IRQHandler
                0x0000000008004550                TIM6_IRQHandler
                0x0000000008004550                PVD_IRQHandler
                0x0000000008004550                PendSV_Handler
                0x0000000008004550                NMI_Handler
                0x0000000008004550                I2C2_EV_IRQHandler
                0x0000000008004550                UsageFault_Handler
                0x0000000008004550                SPI1_IRQHandler
                0x0000000008004550                USB_FS_WKUP_IRQHandler
                0x0000000008004550                DMA1_Channel4_IRQHandler
                0x0000000008004550                ADC1_IRQHandler
                0x0000000008004550                USART3_IRQHandler
                0x0000000008004550                DMA1_Channel7_IRQHandler
                0x0000000008004550                TIM4_IRQHandler
                0x0000000008004550                I2C1_EV_IRQHandler
                0x0000000008004550                DMA1_Channel6_IRQHandler
                0x0000000008004550                TIM3_IRQHandler
                0x0000000008004550                RCC_IRQHandler
                0x0000000008004550                DMA1_Channel1_IRQHandler
                0x0000000008004550                Default_Handler
                0x0000000008004550                TIM7_IRQHandler
                0x0000000008004550                TIM9_IRQHandler
                0x0000000008004550                TAMPER_STAMP_IRQHandler
                0x0000000008004550                RTC_WKUP_IRQHandler
                0x0000000008004550                SPI2_IRQHandler
                0x0000000008004550                MemManage_Handler
                0x0000000008004550                SVC_Handler
                0x0000000008004550                DMA1_Channel5_IRQHandler
                0x0000000008004550                USB_LP_IRQHandler
                0x0000000008004550                DMA1_Channel3_IRQHandler
                0x0000000008004550                COMP_IRQHandler
                0x0000000008004550                WWDG_IRQHandler
                0x0000000008004550                TIM2_IRQHandler
                0x0000000008004550                DAC_IRQHandler
                0x0000000008004550                TIM11_IRQHandler
                0x0000000008004550                USART2_IRQHandler
                0x0000000008004550                I2C2_ER_IRQHandler
                0x0000000008004550                DMA1_Channel2_IRQHandler
                0x0000000008004550                FLASH_IRQHandler
                0x0000000008004550                BusFault_Handler
                0x0000000008004550                I2C1_ER_IRQHandler
 *(.glue_7)
 .glue_7        0x0000000008004552        0x0 linker stubs
 *(.glue_7t)
 .glue_7t       0x0000000008004552        0x0 linker stubs
 *(.eh_frame)
 *fill*         0x0000000008004552        0x2 
 .eh_frame      0x0000000008004554        0x0 /usr/lib/gcc/arm-none-eabi/6.3.1/thumb/v7-m/crtbegin.o
 *(.init)
 .init          0x0000000008004554        0x4 /usr/lib/gcc/arm-none-eabi/6.3.1/thumb/v7-m/crti.o
                0x0000000008004554                _init
 .init          0x0000000008004558        0x8 /usr/lib/gcc/arm-none-eabi/6.3.1/thumb/v7-m/crtn.o
 *(.fini)
 .fini          0x0000000008004560        0x4 /usr/lib/gcc/arm-none-eabi/6.3.1/thumb/v7-m/crti.o
                0x0000000008004560                _fini
 .fini          0x0000000008004564        0x8 /usr/lib/gcc/arm-none-eabi/6.3.1/thumb/v7-m/crtn.o
                0x000000000800456c                . = ALIGN (0x4)
                0x000000000800456c                _etext = .

.vfp11_veneer   0x000000000800456c        0x0
 .vfp11_veneer  0x000000000800456c        0x0 linker stubs

.v4_bx          0x000000000800456c        0x0
 .v4_bx         0x000000000800456c        0x0 linker stubs

.iplt           0x000000000800456c        0x0
 .iplt          0x000000000800456c        0x0 /usr/lib/gcc/arm-none-eabi/6.3.1/thumb/v7-m/crtbegin.o

.rodata         0x000000000800456c       0x4c
                0x000000000800456c                . = ALIGN (0x4)
 *(.rodata)
 *(.rodata*)
 .rodata.main.str1.4
                0x000000000800456c       0x10 _build/main.o
                                          0xf (size before relaxing)
 .rodata.AHBPrescTable
                0x000000000800457c       0x10 _build/system_stm32l1xx.o
                0x000000000800457c                AHBPrescTable
 .rodata.APBPrescTable
                0x000000000800458c        0x8 _build/system_stm32l1xx.o
                0x000000000800458c                APBPrescTable
 .rodata.PLLMulTable
                0x0000000008004594        0x9 _build/system_stm32l1xx.o
                0x0000000008004594                PLLMulTable
 *fill*         0x000000000800459d        0x3 
 .rodata.DaysInMonth
                0x00000000080045a0        0xc _build/rtc-board.o
 .rodata.DaysInMonthLeapYear
                0x00000000080045ac        0xc _build/rtc-board.o
                0x00000000080045b8                . = ALIGN (0x4)

.rel.dyn        0x00000000080045b8        0x0
 .rel.iplt      0x00000000080045b8        0x0 /usr/lib/gcc/arm-none-eabi/6.3.1/thumb/v7-m/crtbegin.o

.ARM.extab
 *(.ARM.extab* .gnu.linkonce.armextab.*)

.ARM            0x00000000080045b8        0x0
                0x00000000080045b8                __exidx_start = .
 *(.ARM.exidx*)
                0x00000000080045b8                __exidx_end = .

.preinit_array  0x00000000080045b8        0x0
                0x00000000080045b8                PROVIDE (__preinit_array_start, .)
 *(.preinit_array*)
                0x00000000080045b8                PROVIDE (__preinit_array_end, .)

.init_array     0x00000000080045b8        0x4
                0x00000000080045b8                PROVIDE (__init_array_start, .)
 *(SORT(.init_array.*))
 *(.init_array*)
 .init_array    0x00000000080045b8        0x4 /usr/lib/gcc/arm-none-eabi/6.3.1/thumb/v7-m/crtbegin.o
                0x00000000080045bc                PROVIDE (__init_array_end, .)

.fini_array     0x00000000080045bc        0x4
                0x00000000080045bc                PROVIDE (__fini_array_start, .)
 *(SORT(.fini_array.*))
 *(.fini_array*)
 .fini_array    0x00000000080045bc        0x4 /usr/lib/gcc/arm-none-eabi/6.3.1/thumb/v7-m/crtbegin.o
                0x00000000080045c0                PROVIDE (__fini_array_end, .)
                0x00000000080045c0                _sidata = LOADADDR (.data)

.data           0x0000000020000000        0xc load address 0x00000000080045c0
                0x0000000020000000                . = ALIGN (0x4)
                0x0000000020000000                _sdata = .
 *(.data)
 *(.data*)
 .data.SystemCoreClock
                0x0000000020000000        0x4 _build/system_stm32l1xx.o
                0x0000000020000000                SystemCoreClock
 .data.uwTickFreq
                0x0000000020000004        0x4 _build/stm32l1xx_hal.o
                0x0000000020000004                uwTickFreq
 .data.uwTickPrio
                0x0000000020000008        0x4 _build/stm32l1xx_hal.o
                0x0000000020000008                uwTickPrio
                0x000000002000000c                . = ALIGN (0x4)
                0x000000002000000c                _edata = .

.jcr            0x000000002000000c        0x0 load address 0x00000000080045cc
 .jcr           0x000000002000000c        0x0 /usr/lib/gcc/arm-none-eabi/6.3.1/thumb/v7-m/crtbegin.o

.tm_clone_table
                0x000000002000000c        0x0 load address 0x00000000080045cc
 .tm_clone_table
                0x000000002000000c        0x0 /usr/lib/gcc/arm-none-eabi/6.3.1/thumb/v7-m/crtbegin.o
 .tm_clone_table
                0x000000002000000c        0x0 /usr/lib/gcc/arm-none-eabi/6.3.1/thumb/v7-m/crtend.o

.igot.plt       0x000000002000000c        0x0 load address 0x00000000080045cc
 .igot.plt      0x000000002000000c        0x0 /usr/lib/gcc/arm-none-eabi/6.3.1/thumb/v7-m/crtbegin.o
                0x000000002000000c                . = ALIGN (0x4)

.bss            0x000000002000000c      0x478 load address 0x00000000080045cc
                0x000000002000000c                _sbss = .
                0x000000002000000c                __bss_start__ = _sbss
 *(.bss)
 .bss           0x000000002000000c       0x1c /usr/lib/gcc/arm-none-eabi/6.3.1/thumb/v7-m/crtbegin.o
 *(.bss*)
 .bss.SpiHandle
                0x0000000020000028       0xb0 _build/spi-board.o
 .bss.GpioIrq   0x00000000200000d8       0x40 _build/gpio-board.o
 .bss.CalibrateSystemWakeupTimeTimer
                0x0000000020000118       0x14 _build/board.o
 .bss.IrqNestLevel
                0x000000002000012c        0x1 _build/board.o
 .bss.McuInitialized
                0x000000002000012d        0x1 _build/board.o
 .bss.SystemWakeupTimeCalibrated
                0x000000002000012e        0x1 _build/board.o
 .bss.CalendarRollOverReady
                0x000000002000012f        0x1 _build/rtc-board.o
 .bss.Century   0x0000000020000130        0x2 _build/rtc-board.o
 .bss.LowPowerDisableDuringTask
                0x0000000020000132        0x1 _build/rtc-board.o
 *fill*         0x0000000020000133        0x1 
 .bss.McuWakeUpTime
                0x0000000020000134        0x4 _build/rtc-board.o
                0x0000000020000134                McuWakeUpTime
 .bss.NonScheduledWakeUp
                0x0000000020000138        0x1 _build/rtc-board.o
                0x0000000020000138                NonScheduledWakeUp
 *fill*         0x0000000020000139        0x1 
 .bss.PreviousCentury
                0x000000002000013a        0x2 _build/rtc-board.o
 .bss.RtcHandle
                0x000000002000013c       0x20 _build/rtc-board.o
                0x000000002000013c                RtcHandle
 .bss.RtcInitialized
                0x000000002000015c        0x1 _build/rtc-board.o
 .bss.RtcTimerEventAllowsLowPower
                0x000000002000015d        0x1 _build/rtc-board.o
 *fill*         0x000000002000015e        0x2 
 .bss.TimeoutValueError
                0x0000000020000160        0x4 _build/rtc-board.o
 .bss.WakeUpTimeInitialized
                0x0000000020000164        0x1 _build/rtc-board.o
 *fill*         0x0000000020000165        0x3 
 .bss.I2cHandle
                0x0000000020000168       0x54 _build/i2c-board.o
 .bss.RxData    0x00000000200001bc        0x1 _build/uart-board.o
                0x00000000200001bc                RxData
 .bss.TxData    0x00000000200001bd        0x1 _build/uart-board.o
                0x00000000200001bd                TxData
 *fill*         0x00000000200001be        0x2 
 .bss.UartHandle
                0x00000000200001c0       0x40 _build/uart-board.o
 .bss.I2cInitialized
                0x0000000020000200        0x1 _build/i2c.o
 .bss.HasLoopedThroughMain
                0x0000000020000201        0x1 _build/timer.o
                0x0000000020000201                HasLoopedThroughMain
 *fill*         0x0000000020000202        0x2 
 .bss.TimerListHead
                0x0000000020000204        0x4 _build/timer.o
 .bss.AdcInitialized
                0x0000000020000208        0x1 _build/adc.o
 *(COMMON)
 *fill*         0x0000000020000209        0x3 
 COMMON         0x000000002000020c       0x40 _build/main.o
                0x000000002000020c                huart1
 COMMON         0x000000002000024c      0x128 _build/sx1276.o
                0x000000002000024c                TxTimeoutTimer
                0x0000000020000260                RxTimeoutSyncWord
                0x0000000020000274                SX1276
                0x0000000020000360                RxTimeoutTimer
 COMMON         0x0000000020000374        0x4 _build/stm32l1xx_hal.o
                0x0000000020000374                uwTick
 COMMON         0x0000000020000378       0x9c _build/board.o
                0x0000000020000378                UsbDetect
                0x0000000020000384                Led2
                0x0000000020000390                Led3
                0x000000002000039c                I2c
                0x00000000200003b8                Uart1
                0x00000000200003f0                Adc
                0x00000000200003fc                Led1
                0x0000000020000408                Led4
 COMMON         0x0000000020000414       0x1c _build/rtc-board.o
                0x0000000020000414                RtcCalendarContext
 COMMON         0x0000000020000430       0x54 _build/adc-board.o
                0x0000000020000430                AdcHandle
                0x0000000020000484                . = ALIGN (0x4)
                0x0000000020000484                _ebss = .
                0x0000000020000484                __bss_end__ = _ebss

._user_heap_stack
                0x0000000020000484      0x604 load address 0x00000000080045cc
                0x0000000020000488                . = ALIGN (0x8)
 *fill*         0x0000000020000484        0x4 
                [!provide]                        PROVIDE (end, .)
                [!provide]                        PROVIDE (_end, .)
                0x0000000020000688                . = (. + _Min_Heap_Size)
 *fill*         0x0000000020000488      0x200 
                0x0000000020000a88                . = (. + _Min_Stack_Size)
 *fill*         0x0000000020000688      0x400 
                0x0000000020000a88                . = ALIGN (0x8)

/DISCARD/
 libc.a(*)
 libm.a(*)
 libgcc.a(*)

.ARM.attributes
                0x0000000000000000       0x29
 *(.ARM.attributes)
 .ARM.attributes
                0x0000000000000000       0x1d /usr/lib/gcc/arm-none-eabi/6.3.1/thumb/v7-m/crti.o
 .ARM.attributes
                0x000000000000001d       0x2d /usr/lib/gcc/arm-none-eabi/6.3.1/thumb/v7-m/crtbegin.o
 .ARM.attributes
                0x000000000000004a       0x33 _build/main.o
 .ARM.attributes
                0x000000000000007d       0x33 _build/system_stm32l1xx.o
 .ARM.attributes
                0x00000000000000b0       0x33 _build/sx1276.o
 .ARM.attributes
                0x00000000000000e3       0x33 _build/stm32l1xx_hal_rtc_ex.o
 .ARM.attributes
                0x0000000000000116       0x33 _build/stm32l1xx_hal_pwr_ex.o
 .ARM.attributes
                0x0000000000000149       0x33 _build/stm32l1xx_hal_msp_template.o
 .ARM.attributes
                0x000000000000017c       0x33 _build/stm32l1xx_hal_spi.o
 .ARM.attributes
                0x00000000000001af       0x33 _build/stm32l1xx_hal_rcc_ex.o
 .ARM.attributes
                0x00000000000001e2       0x33 _build/stm32l1xx_hal.o
 .ARM.attributes
                0x0000000000000215       0x33 _build/stm32l1xx_hal_i2c.o
 .ARM.attributes
                0x0000000000000248       0x33 _build/stm32l1xx_hal_uart.o
 .ARM.attributes
                0x000000000000027b       0x33 _build/stm32l1xx_hal_adc.o
 .ARM.attributes
                0x00000000000002ae       0x33 _build/stm32l1xx_hal_gpio.o
 .ARM.attributes
                0x00000000000002e1       0x33 _build/stm32l1xx_hal_cortex.o
 .ARM.attributes
                0x0000000000000314       0x33 _build/stm32l1xx_hal_dma.o
 .ARM.attributes
                0x0000000000000347       0x33 _build/stm32l1xx_hal_rtc.o
 .ARM.attributes
                0x000000000000037a       0x33 _build/stm32l1xx_hal_pwr.o
 .ARM.attributes
                0x00000000000003ad       0x33 _build/stm32l1xx_hal_rcc.o
 .ARM.attributes
                0x00000000000003e0       0x33 _build/sx1276-board.o
 .ARM.attributes
                0x0000000000000413       0x33 _build/spi-board.o
 .ARM.attributes
                0x0000000000000446       0x33 _build/gpio-board.o
 .ARM.attributes
                0x0000000000000479       0x33 _build/board.o
 .ARM.attributes
                0x00000000000004ac       0x33 _build/rtc-board.o
 .ARM.attributes
                0x00000000000004df       0x33 _build/i2c-board.o
 .ARM.attributes
                0x0000000000000512       0x33 _build/adc-board.o
 .ARM.attributes
                0x0000000000000545       0x33 _build/uart-board.o
 .ARM.attributes
                0x0000000000000578       0x33 _build/i2c.o
 .ARM.attributes
                0x00000000000005ab       0x33 _build/gpio.o
 .ARM.attributes
                0x00000000000005de       0x33 _build/fifo.o
 .ARM.attributes
                0x0000000000000611       0x33 _build/timer.o
 .ARM.attributes
                0x0000000000000644       0x33 _build/adc.o
 .ARM.attributes
                0x0000000000000677       0x21 _build/startup_stm32l151xba.o
 .ARM.attributes
                0x0000000000000698       0x2d /usr/lib/gcc/arm-none-eabi/6.3.1/../../../arm-none-eabi/lib/thumb/v7-m/libc_nano.a(lib_a-init.o)
 .ARM.attributes
                0x00000000000006c5       0x2d /usr/lib/gcc/arm-none-eabi/6.3.1/../../../arm-none-eabi/lib/thumb/v7-m/libc_nano.a(lib_a-memset.o)
 .ARM.attributes
                0x00000000000006f2       0x2d /usr/lib/gcc/arm-none-eabi/6.3.1/../../../arm-none-eabi/lib/thumb/v7-m/libm.a(lib_a-s_ceil.o)
 .ARM.attributes
                0x000000000000071f       0x2d /usr/lib/gcc/arm-none-eabi/6.3.1/../../../arm-none-eabi/lib/thumb/v7-m/libm.a(lib_a-s_round.o)
 .ARM.attributes
                0x000000000000074c       0x1d /usr/lib/gcc/arm-none-eabi/6.3.1/thumb/v7-m/libgcc.a(_arm_addsubdf3.o)
 .ARM.attributes
                0x0000000000000769       0x1d /usr/lib/gcc/arm-none-eabi/6.3.1/thumb/v7-m/libgcc.a(_arm_muldivdf3.o)
 .ARM.attributes
                0x0000000000000786       0x1d /usr/lib/gcc/arm-none-eabi/6.3.1/thumb/v7-m/libgcc.a(_arm_cmpdf2.o)
 .ARM.attributes
                0x00000000000007a3       0x1d /usr/lib/gcc/arm-none-eabi/6.3.1/thumb/v7-m/libgcc.a(_arm_fixdfsi.o)
 .ARM.attributes
                0x00000000000007c0       0x1d /usr/lib/gcc/arm-none-eabi/6.3.1/thumb/v7-m/libgcc.a(_arm_fixunsdfsi.o)
 .ARM.attributes
                0x00000000000007dd       0x2d /usr/lib/gcc/arm-none-eabi/6.3.1/thumb/v7-m/crtend.o
 .ARM.attributes
                0x000000000000080a       0x1d /usr/lib/gcc/arm-none-eabi/6.3.1/thumb/v7-m/crtn.o
OUTPUT(_build/STM32L151.elf elf32-littlearm)

.comment        0x0000000000000000       0x88
 .comment       0x0000000000000000       0x31 /usr/lib/gcc/arm-none-eabi/6.3.1/thumb/v7-m/crtbegin.o
                                         0x32 (size before relaxing)
 .comment       0x0000000000000031       0x32 _build/main.o
 .comment       0x0000000000000031       0x32 _build/system_stm32l1xx.o
 .comment       0x0000000000000031       0x32 _build/sx1276.o
 .comment       0x0000000000000031       0x32 _build/stm32l1xx_hal_rtc_ex.o
 .comment       0x0000000000000031       0x32 _build/stm32l1xx_hal_pwr_ex.o
 .comment       0x0000000000000031       0x32 _build/stm32l1xx_hal_msp_template.o
 .comment       0x0000000000000031       0x32 _build/stm32l1xx_hal_spi.o
 .comment       0x0000000000000031       0x32 _build/stm32l1xx_hal_rcc_ex.o
 .comment       0x0000000000000031       0x32 _build/stm32l1xx_hal.o
 .comment       0x0000000000000031       0x32 _build/stm32l1xx_hal_i2c.o
 .comment       0x0000000000000031       0x32 _build/stm32l1xx_hal_uart.o
 .comment       0x0000000000000031       0x32 _build/stm32l1xx_hal_adc.o
 .comment       0x0000000000000031       0x32 _build/stm32l1xx_hal_gpio.o
 .comment       0x0000000000000031       0x32 _build/stm32l1xx_hal_cortex.o
 .comment       0x0000000000000031       0x32 _build/stm32l1xx_hal_dma.o
 .comment       0x0000000000000031       0x32 _build/stm32l1xx_hal_rtc.o
 .comment       0x0000000000000031       0x32 _build/stm32l1xx_hal_pwr.o
 .comment       0x0000000000000031       0x32 _build/stm32l1xx_hal_rcc.o
 .comment       0x0000000000000031       0x32 _build/sx1276-board.o
 .comment       0x0000000000000031       0x32 _build/spi-board.o
 .comment       0x0000000000000031       0x32 _build/gpio-board.o
 .comment       0x0000000000000031       0x32 _build/board.o
 .comment       0x0000000000000031       0x32 _build/rtc-board.o
 .comment       0x0000000000000031       0x32 _build/i2c-board.o
 .comment       0x0000000000000031       0x32 _build/adc-board.o
 .comment       0x0000000000000031       0x32 _build/uart-board.o
 .comment       0x0000000000000031       0x32 _build/i2c.o
 .comment       0x0000000000000031       0x32 _build/gpio.o
 .comment       0x0000000000000031       0x32 _build/fifo.o
 .comment       0x0000000000000031       0x32 _build/timer.o
 .comment       0x0000000000000031       0x32 _build/adc.o
 .comment       0x0000000000000031       0x57 /usr/lib/gcc/arm-none-eabi/6.3.1/../../../arm-none-eabi/lib/thumb/v7-m/libc_nano.a(lib_a-init.o)
                                         0x58 (size before relaxing)
 .comment       0x0000000000000088       0x58 /usr/lib/gcc/arm-none-eabi/6.3.1/../../../arm-none-eabi/lib/thumb/v7-m/libc_nano.a(lib_a-memset.o)
 .comment       0x0000000000000088       0x58 /usr/lib/gcc/arm-none-eabi/6.3.1/../../../arm-none-eabi/lib/thumb/v7-m/libm.a(lib_a-s_ceil.o)
 .comment       0x0000000000000088       0x58 /usr/lib/gcc/arm-none-eabi/6.3.1/../../../arm-none-eabi/lib/thumb/v7-m/libm.a(lib_a-s_round.o)
 .comment       0x0000000000000088       0x32 /usr/lib/gcc/arm-none-eabi/6.3.1/thumb/v7-m/crtend.o

.debug_info     0x0000000000000000    0x22bbb
 .debug_info    0x0000000000000000      0xad6 _build/main.o
 .debug_info    0x0000000000000ad6      0x4de _build/system_stm32l1xx.o
 .debug_info    0x0000000000000fb4     0x3db4 _build/sx1276.o
 .debug_info    0x0000000000004d68     0x12b8 _build/stm32l1xx_hal_rtc_ex.o
 .debug_info    0x0000000000006020      0x41e _build/stm32l1xx_hal_pwr_ex.o
 .debug_info    0x000000000000643e      0x1ce _build/stm32l1xx_hal_msp_template.o
 .debug_info    0x000000000000660c     0x1c8d _build/stm32l1xx_hal_spi.o
 .debug_info    0x0000000000008299      0x557 _build/stm32l1xx_hal_rcc_ex.o
 .debug_info    0x00000000000087f0      0x836 _build/stm32l1xx_hal.o
 .debug_info    0x0000000000009026     0x343b _build/stm32l1xx_hal_i2c.o
 .debug_info    0x000000000000c461     0x1820 _build/stm32l1xx_hal_uart.o
 .debug_info    0x000000000000dc81     0x11d1 _build/stm32l1xx_hal_adc.o
 .debug_info    0x000000000000ee52      0x71d _build/stm32l1xx_hal_gpio.o
 .debug_info    0x000000000000f56f      0xf94 _build/stm32l1xx_hal_cortex.o
 .debug_info    0x0000000000010503      0x8a8 _build/stm32l1xx_hal_dma.o
 .debug_info    0x0000000000010dab      0xf9e _build/stm32l1xx_hal_rtc.o
 .debug_info    0x0000000000011d49      0x86e _build/stm32l1xx_hal_pwr.o
 .debug_info    0x00000000000125b7      0xbcd _build/stm32l1xx_hal_rcc.o
 .debug_info    0x0000000000013184     0x1f45 _build/sx1276-board.o
 .debug_info    0x00000000000150c9     0x1115 _build/spi-board.o
 .debug_info    0x00000000000161de      0xf73 _build/gpio-board.o
 .debug_info    0x0000000000017151     0x220b _build/board.o
 .debug_info    0x000000000001935c     0x1d30 _build/rtc-board.o
 .debug_info    0x000000000001b08c     0x11e8 _build/i2c-board.o
 .debug_info    0x000000000001c274      0xe14 _build/adc-board.o
 .debug_info    0x000000000001d088     0x14e4 _build/uart-board.o
 .debug_info    0x000000000001e56c      0x8cb _build/i2c.o
 .debug_info    0x000000000001ee37      0x768 _build/gpio.o
 .debug_info    0x000000000001f59f      0x29d _build/fifo.o
 .debug_info    0x000000000001f83c      0x6dd _build/timer.o
 .debug_info    0x000000000001ff19      0x55e _build/adc.o
 .debug_info    0x0000000000020477       0x86 _build/startup_stm32l151xba.o
 .debug_info    0x00000000000204fd      0x109 /usr/lib/gcc/arm-none-eabi/6.3.1/../../../arm-none-eabi/lib/thumb/v7-m/libc_nano.a(lib_a-init.o)
 .debug_info    0x0000000000020606      0xe1d /usr/lib/gcc/arm-none-eabi/6.3.1/../../../arm-none-eabi/lib/thumb/v7-m/libc_nano.a(lib_a-memset.o)
 .debug_info    0x0000000000021423      0x9e9 /usr/lib/gcc/arm-none-eabi/6.3.1/../../../arm-none-eabi/lib/thumb/v7-m/libm.a(lib_a-s_ceil.o)
 .debug_info    0x0000000000021e0c      0x9ef /usr/lib/gcc/arm-none-eabi/6.3.1/../../../arm-none-eabi/lib/thumb/v7-m/libm.a(lib_a-s_round.o)
 .debug_info    0x00000000000227fb       0xc0 /usr/lib/gcc/arm-none-eabi/6.3.1/thumb/v7-m/libgcc.a(_arm_addsubdf3.o)
 .debug_info    0x00000000000228bb       0xc0 /usr/lib/gcc/arm-none-eabi/6.3.1/thumb/v7-m/libgcc.a(_arm_muldivdf3.o)
 .debug_info    0x000000000002297b       0xc0 /usr/lib/gcc/arm-none-eabi/6.3.1/thumb/v7-m/libgcc.a(_arm_cmpdf2.o)
 .debug_info    0x0000000000022a3b       0xc0 /usr/lib/gcc/arm-none-eabi/6.3.1/thumb/v7-m/libgcc.a(_arm_fixdfsi.o)
 .debug_info    0x0000000000022afb       0xc0 /usr/lib/gcc/arm-none-eabi/6.3.1/thumb/v7-m/libgcc.a(_arm_fixunsdfsi.o)

.debug_abbrev   0x0000000000000000     0x4cc2
 .debug_abbrev  0x0000000000000000      0x203 _build/main.o
 .debug_abbrev  0x0000000000000203      0x110 _build/system_stm32l1xx.o
 .debug_abbrev  0x0000000000000313      0x3fc _build/sx1276.o
 .debug_abbrev  0x000000000000070f      0x247 _build/stm32l1xx_hal_rtc_ex.o
 .debug_abbrev  0x0000000000000956      0x170 _build/stm32l1xx_hal_pwr_ex.o
 .debug_abbrev  0x0000000000000ac6       0x93 _build/stm32l1xx_hal_msp_template.o
 .debug_abbrev  0x0000000000000b59      0x284 _build/stm32l1xx_hal_spi.o
 .debug_abbrev  0x0000000000000ddd      0x206 _build/stm32l1xx_hal_rcc_ex.o
 .debug_abbrev  0x0000000000000fe3      0x225 _build/stm32l1xx_hal.o
 .debug_abbrev  0x0000000000001208      0x2e8 _build/stm32l1xx_hal_i2c.o
 .debug_abbrev  0x00000000000014f0      0x2ba _build/stm32l1xx_hal_uart.o
 .debug_abbrev  0x00000000000017aa      0x2b8 _build/stm32l1xx_hal_adc.o
 .debug_abbrev  0x0000000000001a62      0x21a _build/stm32l1xx_hal_gpio.o
 .debug_abbrev  0x0000000000001c7c      0x33b _build/stm32l1xx_hal_cortex.o
 .debug_abbrev  0x0000000000001fb7      0x231 _build/stm32l1xx_hal_dma.o
 .debug_abbrev  0x00000000000021e8      0x21c _build/stm32l1xx_hal_rtc.o
 .debug_abbrev  0x0000000000002404      0x202 _build/stm32l1xx_hal_pwr.o
 .debug_abbrev  0x0000000000002606      0x287 _build/stm32l1xx_hal_rcc.o
 .debug_abbrev  0x000000000000288d      0x2e1 _build/sx1276-board.o
 .debug_abbrev  0x0000000000002b6e      0x230 _build/spi-board.o
 .debug_abbrev  0x0000000000002d9e      0x260 _build/gpio-board.o
 .debug_abbrev  0x0000000000002ffe      0x389 _build/board.o
 .debug_abbrev  0x0000000000003387      0x40c _build/rtc-board.o
 .debug_abbrev  0x0000000000003793      0x22b _build/i2c-board.o
 .debug_abbrev  0x00000000000039be      0x20d _build/adc-board.o
 .debug_abbrev  0x0000000000003bcb      0x28d _build/uart-board.o
 .debug_abbrev  0x0000000000003e58      0x12e _build/i2c.o
 .debug_abbrev  0x0000000000003f86      0x128 _build/gpio.o
 .debug_abbrev  0x00000000000040ae      0x137 _build/fifo.o
 .debug_abbrev  0x00000000000041e5      0x267 _build/timer.o
 .debug_abbrev  0x000000000000444c      0x13e _build/adc.o
 .debug_abbrev  0x000000000000458a       0x12 _build/startup_stm32l151xba.o
 .debug_abbrev  0x000000000000459c       0xba /usr/lib/gcc/arm-none-eabi/6.3.1/../../../arm-none-eabi/lib/thumb/v7-m/libc_nano.a(lib_a-init.o)
 .debug_abbrev  0x0000000000004656      0x1a8 /usr/lib/gcc/arm-none-eabi/6.3.1/../../../arm-none-eabi/lib/thumb/v7-m/libc_nano.a(lib_a-memset.o)
 .debug_abbrev  0x00000000000047fe      0x229 /usr/lib/gcc/arm-none-eabi/6.3.1/../../../arm-none-eabi/lib/thumb/v7-m/libm.a(lib_a-s_ceil.o)
 .debug_abbrev  0x0000000000004a27      0x237 /usr/lib/gcc/arm-none-eabi/6.3.1/../../../arm-none-eabi/lib/thumb/v7-m/libm.a(lib_a-s_round.o)
 .debug_abbrev  0x0000000000004c5e       0x14 /usr/lib/gcc/arm-none-eabi/6.3.1/thumb/v7-m/libgcc.a(_arm_addsubdf3.o)
 .debug_abbrev  0x0000000000004c72       0x14 /usr/lib/gcc/arm-none-eabi/6.3.1/thumb/v7-m/libgcc.a(_arm_muldivdf3.o)
 .debug_abbrev  0x0000000000004c86       0x14 /usr/lib/gcc/arm-none-eabi/6.3.1/thumb/v7-m/libgcc.a(_arm_cmpdf2.o)
 .debug_abbrev  0x0000000000004c9a       0x14 /usr/lib/gcc/arm-none-eabi/6.3.1/thumb/v7-m/libgcc.a(_arm_fixdfsi.o)
 .debug_abbrev  0x0000000000004cae       0x14 /usr/lib/gcc/arm-none-eabi/6.3.1/thumb/v7-m/libgcc.a(_arm_fixunsdfsi.o)

.debug_loc      0x0000000000000000    0x11fae
 .debug_loc     0x0000000000000000       0xa5 _build/main.o
 .debug_loc     0x00000000000000a5      0x18f _build/system_stm32l1xx.o
 .debug_loc     0x0000000000000234     0x146f _build/sx1276.o
 .debug_loc     0x00000000000016a3      0xe7f _build/stm32l1xx_hal_rtc_ex.o
 .debug_loc     0x0000000000002522       0xac _build/stm32l1xx_hal_pwr_ex.o
 .debug_loc     0x00000000000025ce     0x21ae _build/stm32l1xx_hal_spi.o
 .debug_loc     0x000000000000477c      0x315 _build/stm32l1xx_hal_rcc_ex.o
 .debug_loc     0x0000000000004a91      0x21c _build/stm32l1xx_hal.o
 .debug_loc     0x0000000000004cad     0x4254 _build/stm32l1xx_hal_i2c.o
 .debug_loc     0x0000000000008f01     0x1a59 _build/stm32l1xx_hal_uart.o
 .debug_loc     0x000000000000a95a      0xb36 _build/stm32l1xx_hal_adc.o
 .debug_loc     0x000000000000b490      0x408 _build/stm32l1xx_hal_gpio.o
 .debug_loc     0x000000000000b898      0x6a6 _build/stm32l1xx_hal_cortex.o
 .debug_loc     0x000000000000bf3e      0x82a _build/stm32l1xx_hal_dma.o
 .debug_loc     0x000000000000c768      0xbb6 _build/stm32l1xx_hal_rtc.o
 .debug_loc     0x000000000000d31e      0x11e _build/stm32l1xx_hal_pwr.o
 .debug_loc     0x000000000000d43c      0x6de _build/stm32l1xx_hal_rcc.o
 .debug_loc     0x000000000000db1a      0x3f2 _build/sx1276-board.o
 .debug_loc     0x000000000000df0c      0x386 _build/spi-board.o
 .debug_loc     0x000000000000e292      0x78c _build/gpio-board.o
 .debug_loc     0x000000000000ea1e      0x2ae _build/board.o
 .debug_loc     0x000000000000eccc      0xb45 _build/rtc-board.o
 .debug_loc     0x000000000000f811      0x60e _build/i2c-board.o
 .debug_loc     0x000000000000fe1f      0x156 _build/adc-board.o
 .debug_loc     0x000000000000ff75      0x6bb _build/uart-board.o
 .debug_loc     0x0000000000010630      0x68f _build/i2c.o
 .debug_loc     0x0000000000010cbf      0x285 _build/gpio.o
 .debug_loc     0x0000000000010f44      0x13e _build/fifo.o
 .debug_loc     0x0000000000011082      0x74f _build/timer.o
 .debug_loc     0x00000000000117d1      0x10f _build/adc.o
 .debug_loc     0x00000000000118e0       0xa2 /usr/lib/gcc/arm-none-eabi/6.3.1/../../../arm-none-eabi/lib/thumb/v7-m/libc_nano.a(lib_a-init.o)
 .debug_loc     0x0000000000011982      0x175 /usr/lib/gcc/arm-none-eabi/6.3.1/../../../arm-none-eabi/lib/thumb/v7-m/libc_nano.a(lib_a-memset.o)
 .debug_loc     0x0000000000011af7      0x2c8 /usr/lib/gcc/arm-none-eabi/6.3.1/../../../arm-none-eabi/lib/thumb/v7-m/libm.a(lib_a-s_ceil.o)
 .debug_loc     0x0000000000011dbf      0x1ef /usr/lib/gcc/arm-none-eabi/6.3.1/../../../arm-none-eabi/lib/thumb/v7-m/libm.a(lib_a-s_round.o)

.debug_aranges  0x0000000000000000     0x15b0
 .debug_aranges
                0x0000000000000000       0x40 _build/main.o
 .debug_aranges
                0x0000000000000040       0x28 _build/system_stm32l1xx.o
 .debug_aranges
                0x0000000000000068      0x138 _build/sx1276.o
 .debug_aranges
                0x00000000000001a0      0x140 _build/stm32l1xx_hal_rtc_ex.o
 .debug_aranges
                0x00000000000002e0       0x50 _build/stm32l1xx_hal_pwr_ex.o
 .debug_aranges
                0x0000000000000330       0x38 _build/stm32l1xx_hal_msp_template.o
 .debug_aranges
                0x0000000000000368      0x1d0 _build/stm32l1xx_hal_spi.o
 .debug_aranges
                0x0000000000000538       0x58 _build/stm32l1xx_hal_rcc_ex.o
 .debug_aranges
                0x0000000000000590       0xe0 _build/stm32l1xx_hal.o
 .debug_aranges
                0x0000000000000670      0x290 _build/stm32l1xx_hal_i2c.o
 .debug_aranges
                0x0000000000000900      0x1d0 _build/stm32l1xx_hal_uart.o
 .debug_aranges
                0x0000000000000ad0       0xf0 _build/stm32l1xx_hal_adc.o
 .debug_aranges
                0x0000000000000bc0       0x58 _build/stm32l1xx_hal_gpio.o
 .debug_aranges
                0x0000000000000c18       0xa8 _build/stm32l1xx_hal_cortex.o
 .debug_aranges
                0x0000000000000cc0       0x80 _build/stm32l1xx_hal_dma.o
 .debug_aranges
                0x0000000000000d40       0xb8 _build/stm32l1xx_hal_rtc.o
 .debug_aranges
                0x0000000000000df8       0xa0 _build/stm32l1xx_hal_pwr.o
 .debug_aranges
                0x0000000000000e98       0x90 _build/stm32l1xx_hal_rcc.o
 .debug_aranges
                0x0000000000000f28       0x78 _build/sx1276-board.o
 .debug_aranges
                0x0000000000000fa0       0x40 _build/spi-board.o
 .debug_aranges
                0x0000000000000fe0       0x88 _build/gpio-board.o
 .debug_aranges
                0x0000000000001068       0xa8 _build/board.o
 .debug_aranges
                0x0000000000001110       0xb0 _build/rtc-board.o
 .debug_aranges
                0x00000000000011c0       0x58 _build/i2c-board.o
 .debug_aranges
                0x0000000000001218       0x30 _build/adc-board.o
 .debug_aranges
                0x0000000000001248       0x70 _build/uart-board.o
 .debug_aranges
                0x00000000000012b8       0x50 _build/i2c.o
 .debug_aranges
                0x0000000000001308       0x48 _build/gpio.o
 .debug_aranges
                0x0000000000001350       0x50 _build/fifo.o
 .debug_aranges
                0x00000000000013a0       0x98 _build/timer.o
 .debug_aranges
                0x0000000000001438       0x30 _build/adc.o
 .debug_aranges
                0x0000000000001468       0x28 _build/startup_stm32l151xba.o
 .debug_aranges
                0x0000000000001490       0x20 /usr/lib/gcc/arm-none-eabi/6.3.1/../../../arm-none-eabi/lib/thumb/v7-m/libc_nano.a(lib_a-init.o)
 .debug_aranges
                0x00000000000014b0       0x20 /usr/lib/gcc/arm-none-eabi/6.3.1/../../../arm-none-eabi/lib/thumb/v7-m/libc_nano.a(lib_a-memset.o)
 .debug_aranges
                0x00000000000014d0       0x20 /usr/lib/gcc/arm-none-eabi/6.3.1/../../../arm-none-eabi/lib/thumb/v7-m/libm.a(lib_a-s_ceil.o)
 .debug_aranges
                0x00000000000014f0       0x20 /usr/lib/gcc/arm-none-eabi/6.3.1/../../../arm-none-eabi/lib/thumb/v7-m/libm.a(lib_a-s_round.o)
 .debug_aranges
                0x0000000000001510       0x20 /usr/lib/gcc/arm-none-eabi/6.3.1/thumb/v7-m/libgcc.a(_arm_addsubdf3.o)
 .debug_aranges
                0x0000000000001530       0x20 /usr/lib/gcc/arm-none-eabi/6.3.1/thumb/v7-m/libgcc.a(_arm_muldivdf3.o)
 .debug_aranges
                0x0000000000001550       0x20 /usr/lib/gcc/arm-none-eabi/6.3.1/thumb/v7-m/libgcc.a(_arm_cmpdf2.o)
 .debug_aranges
                0x0000000000001570       0x20 /usr/lib/gcc/arm-none-eabi/6.3.1/thumb/v7-m/libgcc.a(_arm_fixdfsi.o)
 .debug_aranges
                0x0000000000001590       0x20 /usr/lib/gcc/arm-none-eabi/6.3.1/thumb/v7-m/libgcc.a(_arm_fixunsdfsi.o)

.debug_ranges   0x0000000000000000     0x13f8
 .debug_ranges  0x0000000000000000       0x30 _build/main.o
 .debug_ranges  0x0000000000000030       0x18 _build/system_stm32l1xx.o
 .debug_ranges  0x0000000000000048      0x158 _build/sx1276.o
 .debug_ranges  0x00000000000001a0      0x130 _build/stm32l1xx_hal_rtc_ex.o
 .debug_ranges  0x00000000000002d0       0x40 _build/stm32l1xx_hal_pwr_ex.o
 .debug_ranges  0x0000000000000310       0x28 _build/stm32l1xx_hal_msp_template.o
 .debug_ranges  0x0000000000000338      0x1c0 _build/stm32l1xx_hal_spi.o
 .debug_ranges  0x00000000000004f8       0x60 _build/stm32l1xx_hal_rcc_ex.o
 .debug_ranges  0x0000000000000558       0xd0 _build/stm32l1xx_hal.o
 .debug_ranges  0x0000000000000628      0x298 _build/stm32l1xx_hal_i2c.o
 .debug_ranges  0x00000000000008c0      0x1c0 _build/stm32l1xx_hal_uart.o
 .debug_ranges  0x0000000000000a80       0xe0 _build/stm32l1xx_hal_adc.o
 .debug_ranges  0x0000000000000b60       0x48 _build/stm32l1xx_hal_gpio.o
 .debug_ranges  0x0000000000000ba8       0xf8 _build/stm32l1xx_hal_cortex.o
 .debug_ranges  0x0000000000000ca0       0x70 _build/stm32l1xx_hal_dma.o
 .debug_ranges  0x0000000000000d10       0xa8 _build/stm32l1xx_hal_rtc.o
 .debug_ranges  0x0000000000000db8       0x90 _build/stm32l1xx_hal_pwr.o
 .debug_ranges  0x0000000000000e48       0x98 _build/stm32l1xx_hal_rcc.o
 .debug_ranges  0x0000000000000ee0       0x68 _build/sx1276-board.o
 .debug_ranges  0x0000000000000f48       0x30 _build/spi-board.o
 .debug_ranges  0x0000000000000f78       0xa8 _build/gpio-board.o
 .debug_ranges  0x0000000000001020       0x98 _build/board.o
 .debug_ranges  0x00000000000010b8       0xc0 _build/rtc-board.o
 .debug_ranges  0x0000000000001178       0x48 _build/i2c-board.o
 .debug_ranges  0x00000000000011c0       0x20 _build/adc-board.o
 .debug_ranges  0x00000000000011e0       0x78 _build/uart-board.o
 .debug_ranges  0x0000000000001258       0x40 _build/i2c.o
 .debug_ranges  0x0000000000001298       0x38 _build/gpio.o
 .debug_ranges  0x00000000000012d0       0x40 _build/fifo.o
 .debug_ranges  0x0000000000001310       0x88 _build/timer.o
 .debug_ranges  0x0000000000001398       0x20 _build/adc.o
 .debug_ranges  0x00000000000013b8       0x20 _build/startup_stm32l151xba.o
 .debug_ranges  0x00000000000013d8       0x20 /usr/lib/gcc/arm-none-eabi/6.3.1/../../../arm-none-eabi/lib/thumb/v7-m/libm.a(lib_a-s_round.o)

.debug_line     0x0000000000000000     0x9d81
 .debug_line    0x0000000000000000      0x254 _build/main.o
 .debug_line    0x0000000000000254      0x1c2 _build/system_stm32l1xx.o
 .debug_line    0x0000000000000416      0x894 _build/sx1276.o
 .debug_line    0x0000000000000caa      0x8e4 _build/stm32l1xx_hal_rtc_ex.o
 .debug_line    0x000000000000158e      0x28b _build/stm32l1xx_hal_pwr_ex.o
 .debug_line    0x0000000000001819      0x1b5 _build/stm32l1xx_hal_msp_template.o
 .debug_line    0x00000000000019ce      0xbf9 _build/stm32l1xx_hal_spi.o
 .debug_line    0x00000000000025c7      0x2cf _build/stm32l1xx_hal_rcc_ex.o
 .debug_line    0x0000000000002896      0x390 _build/stm32l1xx_hal.o
 .debug_line    0x0000000000002c26     0x174b _build/stm32l1xx_hal_i2c.o
 .debug_line    0x0000000000004371      0xb0f _build/stm32l1xx_hal_uart.o
 .debug_line    0x0000000000004e80      0x697 _build/stm32l1xx_hal_adc.o
 .debug_line    0x0000000000005517      0x31e _build/stm32l1xx_hal_gpio.o
 .debug_line    0x0000000000005835      0x3e1 _build/stm32l1xx_hal_cortex.o
 .debug_line    0x0000000000005c16      0x3e6 _build/stm32l1xx_hal_dma.o
 .debug_line    0x0000000000005ffc      0x5a4 _build/stm32l1xx_hal_rtc.o
 .debug_line    0x00000000000065a0      0x33a _build/stm32l1xx_hal_pwr.o
 .debug_line    0x00000000000068da      0x534 _build/stm32l1xx_hal_rcc.o
 .debug_line    0x0000000000006e0e      0x307 _build/sx1276-board.o
 .debug_line    0x0000000000007115      0x2af _build/spi-board.o
 .debug_line    0x00000000000073c4      0x38a _build/gpio-board.o
 .debug_line    0x000000000000774e      0x4d5 _build/board.o
 .debug_line    0x0000000000007c23      0x56c _build/rtc-board.o
 .debug_line    0x000000000000818f      0x2b8 _build/i2c-board.o
 .debug_line    0x0000000000008447      0x244 _build/adc-board.o
 .debug_line    0x000000000000868b      0x375 _build/uart-board.o
 .debug_line    0x0000000000008a00      0x164 _build/i2c.o
 .debug_line    0x0000000000008b64      0x120 _build/gpio.o
 .debug_line    0x0000000000008c84      0x113 _build/fifo.o
 .debug_line    0x0000000000008d97      0x2a1 _build/timer.o
 .debug_line    0x0000000000009038       0xfe _build/adc.o
 .debug_line    0x0000000000009136       0xa0 _build/startup_stm32l151xba.o
 .debug_line    0x00000000000091d6       0xba /usr/lib/gcc/arm-none-eabi/6.3.1/../../../arm-none-eabi/lib/thumb/v7-m/libc_nano.a(lib_a-init.o)
 .debug_line    0x0000000000009290      0x1e2 /usr/lib/gcc/arm-none-eabi/6.3.1/../../../arm-none-eabi/lib/thumb/v7-m/libc_nano.a(lib_a-memset.o)
 .debug_line    0x0000000000009472      0x248 /usr/lib/gcc/arm-none-eabi/6.3.1/../../../arm-none-eabi/lib/thumb/v7-m/libm.a(lib_a-s_ceil.o)
 .debug_line    0x00000000000096ba      0x1f7 /usr/lib/gcc/arm-none-eabi/6.3.1/../../../arm-none-eabi/lib/thumb/v7-m/libm.a(lib_a-s_round.o)
 .debug_line    0x00000000000098b1      0x183 /usr/lib/gcc/arm-none-eabi/6.3.1/thumb/v7-m/libgcc.a(_arm_addsubdf3.o)
 .debug_line    0x0000000000009a34      0x19f /usr/lib/gcc/arm-none-eabi/6.3.1/thumb/v7-m/libgcc.a(_arm_muldivdf3.o)
 .debug_line    0x0000000000009bd3       0xbe /usr/lib/gcc/arm-none-eabi/6.3.1/thumb/v7-m/libgcc.a(_arm_cmpdf2.o)
 .debug_line    0x0000000000009c91       0x7a /usr/lib/gcc/arm-none-eabi/6.3.1/thumb/v7-m/libgcc.a(_arm_fixdfsi.o)
 .debug_line    0x0000000000009d0b       0x76 /usr/lib/gcc/arm-none-eabi/6.3.1/thumb/v7-m/libgcc.a(_arm_fixunsdfsi.o)

.debug_str      0x0000000000000000     0x6bec
 .debug_str     0x0000000000000000      0x7a2 _build/main.o
                                        0x853 (size before relaxing)
 .debug_str     0x00000000000007a2       0xe0 _build/system_stm32l1xx.o
                                        0x2fc (size before relaxing)
 .debug_str     0x0000000000000882      0xfc0 _build/sx1276.o
                                       0x130b (size before relaxing)
 .debug_str     0x0000000000001842      0x85c _build/stm32l1xx_hal_rtc_ex.o
                                        0xacf (size before relaxing)
 .debug_str     0x000000000000209e      0x128 _build/stm32l1xx_hal_pwr_ex.o
                                        0x330 (size before relaxing)
 .debug_str     0x00000000000021c6       0x85 _build/stm32l1xx_hal_msp_template.o
                                        0x23c (size before relaxing)
 .debug_str     0x000000000000224b      0x6ef _build/stm32l1xx_hal_spi.o
                                        0xb5c (size before relaxing)
 .debug_str     0x000000000000293a      0x12c _build/stm32l1xx_hal_rcc_ex.o
                                        0x44e (size before relaxing)
 .debug_str     0x0000000000002a66      0x50b _build/stm32l1xx_hal.o
                                        0x7b9 (size before relaxing)
 .debug_str     0x0000000000002f71      0xad4 _build/stm32l1xx_hal_i2c.o
                                        0xf88 (size before relaxing)
 .debug_str     0x0000000000003a45      0x545 _build/stm32l1xx_hal_uart.o
                                        0xbb9 (size before relaxing)
 .debug_str     0x0000000000003f8a      0x4f9 _build/stm32l1xx_hal_adc.o
                                        0x9d2 (size before relaxing)
 .debug_str     0x0000000000004483      0x1a0 _build/stm32l1xx_hal_gpio.o
                                        0x450 (size before relaxing)
 .debug_str     0x0000000000004623      0x47d _build/stm32l1xx_hal_cortex.o
                                        0xa0a (size before relaxing)
 .debug_str     0x0000000000004aa0      0x20d _build/stm32l1xx_hal_dma.o
                                        0x654 (size before relaxing)
 .debug_str     0x0000000000004cad      0x20a _build/stm32l1xx_hal_rtc.o
                                        0x756 (size before relaxing)
 .debug_str     0x0000000000004eb7      0x20e _build/stm32l1xx_hal_pwr.o
                                        0x4df (size before relaxing)
 .debug_str     0x00000000000050c5      0x1e5 _build/stm32l1xx_hal_rcc.o
                                        0x6af (size before relaxing)
 .debug_str     0x00000000000052aa      0x212 _build/sx1276-board.o
                                        0xf80 (size before relaxing)
 .debug_str     0x00000000000054bc       0xd9 _build/spi-board.o
                                        0xa9b (size before relaxing)
 .debug_str     0x0000000000005595      0x1b3 _build/gpio-board.o
                                        0xc05 (size before relaxing)
 .debug_str     0x0000000000005748      0x35f _build/board.o
                                       0x1456 (size before relaxing)
 .debug_str     0x0000000000005aa7      0x447 _build/rtc-board.o
                                       0x1296 (size before relaxing)
 .debug_str     0x0000000000005eee      0x1dd _build/i2c-board.o
                                        0xcbe (size before relaxing)
 .debug_str     0x00000000000060cb       0x80 _build/adc-board.o
                                        0xa9c (size before relaxing)
 .debug_str     0x000000000000614b      0x243 _build/uart-board.o
                                       0x101b (size before relaxing)
 .debug_str     0x000000000000638e       0x6c _build/i2c.o
                                        0x5d7 (size before relaxing)
 .debug_str     0x00000000000063fa       0x42 _build/gpio.o
                                        0x675 (size before relaxing)
 .debug_str     0x000000000000643c       0x3b _build/fifo.o
                                        0x1cc (size before relaxing)
 .debug_str     0x0000000000006477      0x129 _build/timer.o
                                        0x44b (size before relaxing)
 .debug_str     0x00000000000065a0       0x28 _build/adc.o
                                        0x4e5 (size before relaxing)
 .debug_str     0x00000000000065c8      0x17e /usr/lib/gcc/arm-none-eabi/6.3.1/../../../arm-none-eabi/lib/thumb/v7-m/libc_nano.a(lib_a-init.o)
                                        0x220 (size before relaxing)
 .debug_str     0x0000000000006746      0x384 /usr/lib/gcc/arm-none-eabi/6.3.1/../../../arm-none-eabi/lib/thumb/v7-m/libc_nano.a(lib_a-memset.o)
                                        0x906 (size before relaxing)
 .debug_str     0x0000000000006aca       0xc7 /usr/lib/gcc/arm-none-eabi/6.3.1/../../../arm-none-eabi/lib/thumb/v7-m/libm.a(lib_a-s_ceil.o)
                                        0x64e (size before relaxing)
 .debug_str     0x0000000000006b91       0x5b /usr/lib/gcc/arm-none-eabi/6.3.1/../../../arm-none-eabi/lib/thumb/v7-m/libm.a(lib_a-s_round.o)
                                        0x66c (size before relaxing)

.debug_frame    0x0000000000000000     0x41a8
 .debug_frame   0x0000000000000000       0x94 _build/main.o
 .debug_frame   0x0000000000000094       0x30 _build/system_stm32l1xx.o
 .debug_frame   0x00000000000000c4      0x48c _build/sx1276.o
 .debug_frame   0x0000000000000550      0x3ec _build/stm32l1xx_hal_rtc_ex.o
 .debug_frame   0x000000000000093c       0x80 _build/stm32l1xx_hal_pwr_ex.o
 .debug_frame   0x00000000000009bc       0x50 _build/stm32l1xx_hal_msp_template.o
 .debug_frame   0x0000000000000a0c      0x628 _build/stm32l1xx_hal_spi.o
 .debug_frame   0x0000000000001034       0xc4 _build/stm32l1xx_hal_rcc_ex.o
 .debug_frame   0x00000000000010f8      0x1e4 _build/stm32l1xx_hal.o
 .debug_frame   0x00000000000012dc      0xa10 _build/stm32l1xx_hal_i2c.o
 .debug_frame   0x0000000000001cec      0x570 _build/stm32l1xx_hal_uart.o
 .debug_frame   0x000000000000225c      0x334 _build/stm32l1xx_hal_adc.o
 .debug_frame   0x0000000000002590       0xe4 _build/stm32l1xx_hal_gpio.o
 .debug_frame   0x0000000000002674      0x16c _build/stm32l1xx_hal_cortex.o
 .debug_frame   0x00000000000027e0      0x16c _build/stm32l1xx_hal_dma.o
 .debug_frame   0x000000000000294c      0x268 _build/stm32l1xx_hal_rtc.o
 .debug_frame   0x0000000000002bb4      0x12c _build/stm32l1xx_hal_pwr.o
 .debug_frame   0x0000000000002ce0      0x1c4 _build/stm32l1xx_hal_rcc.o
 .debug_frame   0x0000000000002ea4      0x168 _build/sx1276-board.o
 .debug_frame   0x000000000000300c       0xd0 _build/spi-board.o
 .debug_frame   0x00000000000030dc      0x1bc _build/gpio-board.o
 .debug_frame   0x0000000000003298      0x1d4 _build/board.o
 .debug_frame   0x000000000000346c      0x294 _build/rtc-board.o
 .debug_frame   0x0000000000003700      0x11c _build/i2c-board.o
 .debug_frame   0x000000000000381c       0x78 _build/adc-board.o
 .debug_frame   0x0000000000003894      0x1a0 _build/uart-board.o
 .debug_frame   0x0000000000003a34      0x114 _build/i2c.o
 .debug_frame   0x0000000000003b48       0xbc _build/gpio.o
 .debug_frame   0x0000000000003c04       0xac _build/fifo.o
 .debug_frame   0x0000000000003cb0      0x1d0 _build/timer.o
 .debug_frame   0x0000000000003e80       0x58 _build/adc.o
 .debug_frame   0x0000000000003ed8       0x2c /usr/lib/gcc/arm-none-eabi/6.3.1/../../../arm-none-eabi/lib/thumb/v7-m/libc_nano.a(lib_a-init.o)
 .debug_frame   0x0000000000003f04       0x38 /usr/lib/gcc/arm-none-eabi/6.3.1/../../../arm-none-eabi/lib/thumb/v7-m/libc_nano.a(lib_a-memset.o)
 .debug_frame   0x0000000000003f3c       0x34 /usr/lib/gcc/arm-none-eabi/6.3.1/../../../arm-none-eabi/lib/thumb/v7-m/libm.a(lib_a-s_ceil.o)
 .debug_frame   0x0000000000003f70       0x30 /usr/lib/gcc/arm-none-eabi/6.3.1/../../../arm-none-eabi/lib/thumb/v7-m/libm.a(lib_a-s_round.o)
 .debug_frame   0x0000000000003fa0       0xac /usr/lib/gcc/arm-none-eabi/6.3.1/thumb/v7-m/libgcc.a(_arm_addsubdf3.o)
 .debug_frame   0x000000000000404c       0x50 /usr/lib/gcc/arm-none-eabi/6.3.1/thumb/v7-m/libgcc.a(_arm_muldivdf3.o)
 .debug_frame   0x000000000000409c       0xc4 /usr/lib/gcc/arm-none-eabi/6.3.1/thumb/v7-m/libgcc.a(_arm_cmpdf2.o)
 .debug_frame   0x0000000000004160       0x24 /usr/lib/gcc/arm-none-eabi/6.3.1/thumb/v7-m/libgcc.a(_arm_fixdfsi.o)
 .debug_frame   0x0000000000004184       0x24 /usr/lib/gcc/arm-none-eabi/6.3.1/thumb/v7-m/libgcc.a(_arm_fixunsdfsi.o)

Cross Reference Table

Symbol                                            File
ADC1_IRQHandler                                   _build/startup_stm32l151xba.o
ADC_ConversionStop_Disable                        _build/stm32l1xx_hal_adc.o
                                                  _build/stm32l1xx_hal_adc_ex.o
ADC_Enable                                        _build/stm32l1xx_hal_adc.o
                                                  _build/stm32l1xx_hal_adc_ex.o
AHBPrescTable                                     _build/system_stm32l1xx.o
                                                  _build/stm32l1xx_hal_rcc.o
APBPrescTable                                     _build/system_stm32l1xx.o
                                                  _build/stm32l1xx_hal_rcc.o
Adc                                               _build/board.o
AdcDeInit                                         _build/adc.o
                                                  _build/board.o
AdcHandle                                         _build/adc-board.o
AdcInit                                           _build/adc.o
                                                  _build/board.o
AdcMcuConfig                                      _build/adc-board.o
                                                  _build/adc.o
AdcMcuInit                                        _build/adc-board.o
                                                  _build/adc.o
AdcMcuReadChannel                                 _build/adc-board.o
                                                  _build/adc.o
AdcReadChannel                                    _build/adc.o
                                                  _build/board.o
AntSwitchHf                                       _build/sx1276-board.o
AntSwitchLf                                       _build/sx1276-board.o
BlockLowPowerDuringTask                           _build/rtc-board.o
                                                  _build/gps.o
BoardBatteryMeasureVolage                         _build/board.o
BoardDeInitMcu                                    _build/board.o
                                                  _build/rtc-board.o
BoardDisableIrq                                   _build/board.o
                                                  _build/timer.o
                                                  _build/gps.o
                                                  _build/uart-board.o
                                                  _build/spi-board.o
BoardEnableIrq                                    _build/board.o
                                                  _build/timer.o
                                                  _build/gps.o
                                                  _build/uart-board.o
                                                  _build/spi-board.o
BoardGetBatteryLevel                              _build/board.o
BoardGetBatteryVoltage                            _build/board.o
BoardGetRandomSeed                                _build/board.o
BoardGetUniqueId                                  _build/board.o
BoardInitMcu                                      _build/board.o
                                                  _build/rtc-board.o
BoardResetMcu                                     _build/board.o
BusFault_Handler                                  _build/startup_stm32l151xba.o
COMP_IRQHandler                                   _build/startup_stm32l151xba.o
DAC_IRQHandler                                    _build/startup_stm32l151xba.o
DMA1_Channel1_IRQHandler                          _build/startup_stm32l151xba.o
DMA1_Channel2_IRQHandler                          _build/startup_stm32l151xba.o
DMA1_Channel3_IRQHandler                          _build/startup_stm32l151xba.o
DMA1_Channel4_IRQHandler                          _build/startup_stm32l151xba.o
DMA1_Channel5_IRQHandler                          _build/startup_stm32l151xba.o
DMA1_Channel6_IRQHandler                          _build/startup_stm32l151xba.o
DMA1_Channel7_IRQHandler                          _build/startup_stm32l151xba.o
DebugMon_Handler                                  _build/startup_stm32l151xba.o
Default_Handler                                   _build/startup_stm32l151xba.o
Delay                                             _build/delay.o
DelayMs                                           _build/delay.o
                                                  _build/sx1276-board.o
                                                  _build/sx1276.o
DelayMsMcu                                        _build/delay-board.o
                                                  _build/delay.o
DioIrq                                            _build/sx1276.o
EXTI0_IRQHandler                                  _build/gpio-board.o
EXTI15_10_IRQHandler                              _build/gpio-board.o
EXTI1_IRQHandler                                  _build/gpio-board.o
EXTI2_IRQHandler                                  _build/gpio-board.o
EXTI3_IRQHandler                                  _build/gpio-board.o
EXTI4_IRQHandler                                  _build/gpio-board.o
EXTI9_5_IRQHandler                                _build/gpio-board.o
EepromGetDeviceAddr                               _build/eeprom.o
EepromMcuGetDeviceAddr                            _build/eeprom-board.o
                                                  _build/eeprom.o
EepromMcuReadBuffer                               _build/eeprom-board.o
                                                  _build/eeprom.o
EepromMcuSetDeviceAddr                            _build/eeprom-board.o
                                                  _build/eeprom.o
EepromMcuWriteBuffer                              _build/eeprom-board.o
                                                  _build/eeprom.o
EepromReadBuffer                                  _build/eeprom.o
EepromSetDeviceAddr                               _build/eeprom.o
EepromWriteBuffer                                 _build/eeprom.o
Error_Handler                                     _build/main.o
FLASH_IRQHandler                                  _build/startup_stm32l151xba.o
FLASH_PageErase                                   _build/stm32l1xx_hal_flash_ex.o
                                                  _build/stm32l1xx_hal_flash.o
FLASH_WaitForLastOperation                        _build/stm32l1xx_hal_flash.o
                                                  _build/stm32l1xx_hal_flash_ex.o
FifoFlush                                         _build/fifo.o
FifoInit                                          _build/fifo.o
FifoPop                                           _build/fifo.o
                                                  _build/uart-board.o
FifoPush                                          _build/fifo.o
                                                  _build/uart-board.o
FskBandwidths                                     _build/sx1276.o
GetBoardPowerSource                               _build/board.o
                                                  _build/timer.o
GpioInit                                          _build/gpio.o
                                                  _build/uart-board.o
                                                  _build/adc-board.o
                                                  _build/i2c-board.o
                                                  _build/board.o
                                                  _build/spi-board.o
                                                  _build/sx1276-board.o
GpioMcuInit                                       _build/gpio-board.o
                                                  _build/gpio.o
GpioMcuRead                                       _build/gpio-board.o
                                                  _build/gpio.o
GpioMcuRemoveInterrupt                            _build/gpio-board.o
                                                  _build/gpio.o
GpioMcuSetInterrupt                               _build/gpio-board.o
                                                  _build/gpio.o
GpioMcuToggle                                     _build/gpio-board.o
                                                  _build/gpio.o
GpioMcuWrite                                      _build/gpio-board.o
                                                  _build/gpio.o
GpioRead                                          _build/gpio.o
GpioRemoveInterrupt                               _build/gpio.o
GpioSetInterrupt                                  _build/gpio.o
                                                  _build/sx1276-board.o
GpioToggle                                        _build/gpio.o
GpioWrite                                         _build/gpio.o
                                                  _build/sx1276-board.o
                                                  _build/sx1276.o
GpsConvertPositionFromStringToNumerical           _build/gps.o
GpsConvertPositionIntoBinary                      _build/gps.o
GpsFormatGpsData                                  _build/gps.o
GpsGetLatestGpsAltitude                           _build/gps.o
GpsGetLatestGpsPositionBinary                     _build/gps.o
GpsGetLatestGpsPositionDouble                     _build/gps.o
GpsGetPpsDetectedState                            _build/gps.o
GpsHasFix                                         _build/gps.o
GpsInit                                           _build/gps.o
GpsMcuInit                                        _build/gps.o
GpsMcuInvertPpsTrigger                            _build/gps.o
GpsMcuProcess                                     _build/gps.o
GpsMcuStart                                       _build/gps.o
GpsMcuStop                                        _build/gps.o
GpsNmeaChecksum                                   _build/gps.o
GpsParseGpsData                                   _build/gps.o
GpsPpsHandler                                     _build/gps.o
GpsProcess                                        _build/gps.o
GpsResetPosition                                  _build/gps.o
GpsStart                                          _build/gps.o
GpsStop                                           _build/gps.o
HAL_ADCEx_InjectedConfigChannel                   _build/stm32l1xx_hal_adc_ex.o
HAL_ADCEx_InjectedConvCpltCallback                _build/stm32l1xx_hal_adc_ex.o
                                                  _build/stm32l1xx_hal_adc.o
HAL_ADCEx_InjectedGetValue                        _build/stm32l1xx_hal_adc_ex.o
HAL_ADCEx_InjectedPollForConversion               _build/stm32l1xx_hal_adc_ex.o
HAL_ADCEx_InjectedStart                           _build/stm32l1xx_hal_adc_ex.o
HAL_ADCEx_InjectedStart_IT                        _build/stm32l1xx_hal_adc_ex.o
HAL_ADCEx_InjectedStop                            _build/stm32l1xx_hal_adc_ex.o
HAL_ADCEx_InjectedStop_IT                         _build/stm32l1xx_hal_adc_ex.o
HAL_ADC_AnalogWDGConfig                           _build/stm32l1xx_hal_adc.o
HAL_ADC_ConfigChannel                             _build/stm32l1xx_hal_adc.o
                                                  _build/adc-board.o
HAL_ADC_ConvCpltCallback                          _build/stm32l1xx_hal_adc.o
HAL_ADC_ConvHalfCpltCallback                      _build/stm32l1xx_hal_adc.o
HAL_ADC_DeInit                                    _build/stm32l1xx_hal_adc.o
                                                  _build/adc-board.o
HAL_ADC_ErrorCallback                             _build/stm32l1xx_hal_adc.o
HAL_ADC_GetError                                  _build/stm32l1xx_hal_adc.o
HAL_ADC_GetState                                  _build/stm32l1xx_hal_adc.o
HAL_ADC_GetValue                                  _build/stm32l1xx_hal_adc.o
                                                  _build/adc-board.o
HAL_ADC_IRQHandler                                _build/stm32l1xx_hal_adc.o
HAL_ADC_Init                                      _build/stm32l1xx_hal_adc.o
                                                  _build/adc-board.o
HAL_ADC_LevelOutOfWindowCallback                  _build/stm32l1xx_hal_adc.o
HAL_ADC_MspDeInit                                 _build/stm32l1xx_hal_adc.o
HAL_ADC_MspInit                                   _build/stm32l1xx_hal_adc.o
HAL_ADC_PollForConversion                         _build/stm32l1xx_hal_adc.o
                                                  _build/adc-board.o
HAL_ADC_PollForEvent                              _build/stm32l1xx_hal_adc.o
HAL_ADC_Start                                     _build/stm32l1xx_hal_adc.o
                                                  _build/adc-board.o
HAL_ADC_Start_DMA                                 _build/stm32l1xx_hal_adc.o
HAL_ADC_Start_IT                                  _build/stm32l1xx_hal_adc.o
HAL_ADC_Stop                                      _build/stm32l1xx_hal_adc.o
HAL_ADC_Stop_DMA                                  _build/stm32l1xx_hal_adc.o
HAL_ADC_Stop_IT                                   _build/stm32l1xx_hal_adc.o
HAL_DBGMCU_DisableDBGSleepMode                    _build/stm32l1xx_hal.o
                                                  _build/board.o
HAL_DBGMCU_DisableDBGStandbyMode                  _build/stm32l1xx_hal.o
                                                  _build/board.o
HAL_DBGMCU_DisableDBGStopMode                     _build/stm32l1xx_hal.o
                                                  _build/board.o
HAL_DBGMCU_EnableDBGSleepMode                     _build/stm32l1xx_hal.o
HAL_DBGMCU_EnableDBGStandbyMode                   _build/stm32l1xx_hal.o
HAL_DBGMCU_EnableDBGStopMode                      _build/stm32l1xx_hal.o
HAL_DMA_Abort                                     _build/stm32l1xx_hal_dma.o
                                                  _build/stm32l1xx_hal_adc.o
                                                  _build/stm32l1xx_hal_uart.o
                                                  _build/stm32l1xx_hal_spi.o
HAL_DMA_Abort_IT                                  _build/stm32l1xx_hal_dma.o
                                                  _build/stm32l1xx_hal_tim.o
                                                  _build/stm32l1xx_hal_uart.o
                                                  _build/stm32l1xx_hal_i2c.o
                                                  _build/stm32l1xx_hal_spi.o
HAL_DMA_DeInit                                    _build/stm32l1xx_hal_dma.o
HAL_DMA_GetError                                  _build/stm32l1xx_hal_dma.o
                                                  _build/stm32l1xx_hal_uart.o
HAL_DMA_GetState                                  _build/stm32l1xx_hal_dma.o
                                                  _build/stm32l1xx_hal_i2c.o
HAL_DMA_IRQHandler                                _build/stm32l1xx_hal_dma.o
HAL_DMA_Init                                      _build/stm32l1xx_hal_dma.o
HAL_DMA_PollForTransfer                           _build/stm32l1xx_hal_dma.o
HAL_DMA_RegisterCallback                          _build/stm32l1xx_hal_dma.o
HAL_DMA_Start                                     _build/stm32l1xx_hal_dma.o
HAL_DMA_Start_IT                                  _build/stm32l1xx_hal_dma.o
                                                  _build/stm32l1xx_hal_tim.o
                                                  _build/stm32l1xx_hal_adc.o
                                                  _build/stm32l1xx_hal_uart.o
                                                  _build/stm32l1xx_hal_i2c.o