Archive member included to satisfy reference by file (symbol)

/usr/lib/gcc/arm-none-eabi/6.3.1/../../../arm-none-eabi/lib/thumb/v7-m/libc_nano.a(lib_a-atexit.o)
                              /usr/lib/gcc/arm-none-eabi/6.3.1/../../../arm-none-eabi/lib/thumb/v7-m/crt0.o (atexit)
/usr/lib/gcc/arm-none-eabi/6.3.1/../../../arm-none-eabi/lib/thumb/v7-m/libc_nano.a(lib_a-atoi.o)
                              _build/gps.o (atoi)
/usr/lib/gcc/arm-none-eabi/6.3.1/../../../arm-none-eabi/lib/thumb/v7-m/libc_nano.a(lib_a-exit.o)
                              /usr/lib/gcc/arm-none-eabi/6.3.1/../../../arm-none-eabi/lib/thumb/v7-m/crt0.o (exit)
/usr/lib/gcc/arm-none-eabi/6.3.1/../../../arm-none-eabi/lib/thumb/v7-m/libc_nano.a(lib_a-fini.o)
                              /usr/lib/gcc/arm-none-eabi/6.3.1/../../../arm-none-eabi/lib/thumb/v7-m/crt0.o (__libc_fini_array)
/usr/lib/gcc/arm-none-eabi/6.3.1/../../../arm-none-eabi/lib/thumb/v7-m/libc_nano.a(lib_a-impure.o)
                              /usr/lib/gcc/arm-none-eabi/6.3.1/../../../arm-none-eabi/lib/thumb/v7-m/libc_nano.a(lib_a-exit.o) (_global_impure_ptr)
/usr/lib/gcc/arm-none-eabi/6.3.1/../../../arm-none-eabi/lib/thumb/v7-m/libc_nano.a(lib_a-init.o)
                              /usr/lib/gcc/arm-none-eabi/6.3.1/../../../arm-none-eabi/lib/thumb/v7-m/crt0.o (__libc_init_array)
/usr/lib/gcc/arm-none-eabi/6.3.1/../../../arm-none-eabi/lib/thumb/v7-m/libc_nano.a(lib_a-memset.o)
                              /usr/lib/gcc/arm-none-eabi/6.3.1/../../../arm-none-eabi/lib/thumb/v7-m/crt0.o (memset)
/usr/lib/gcc/arm-none-eabi/6.3.1/../../../arm-none-eabi/lib/thumb/v7-m/libc_nano.a(lib_a-strncmp.o)
                              _build/gps.o (strncmp)
/usr/lib/gcc/arm-none-eabi/6.3.1/../../../arm-none-eabi/lib/thumb/v7-m/libc_nano.a(lib_a-strtol.o)
                              /usr/lib/gcc/arm-none-eabi/6.3.1/../../../arm-none-eabi/lib/thumb/v7-m/libc_nano.a(lib_a-atoi.o) (_strtol_r)
/usr/lib/gcc/arm-none-eabi/6.3.1/../../../arm-none-eabi/lib/thumb/v7-m/libc_nano.a(lib_a-__atexit.o)
                              /usr/lib/gcc/arm-none-eabi/6.3.1/../../../arm-none-eabi/lib/thumb/v7-m/libc_nano.a(lib_a-atexit.o) (__register_exitproc)
/usr/lib/gcc/arm-none-eabi/6.3.1/../../../arm-none-eabi/lib/thumb/v7-m/libc_nano.a(lib_a-__call_atexit.o)
                              /usr/lib/gcc/arm-none-eabi/6.3.1/../../../arm-none-eabi/lib/thumb/v7-m/libc_nano.a(lib_a-__atexit.o) (__call_exitprocs)
/usr/lib/gcc/arm-none-eabi/6.3.1/../../../arm-none-eabi/lib/thumb/v7-m/libc_nano.a(lib_a-locale.o)
                              /usr/lib/gcc/arm-none-eabi/6.3.1/../../../arm-none-eabi/lib/thumb/v7-m/libc_nano.a(lib_a-strtol.o) (__locale_ctype_ptr_l)
/usr/lib/gcc/arm-none-eabi/6.3.1/../../../arm-none-eabi/lib/thumb/v7-m/libc_nano.a(lib_a-mbtowc_r.o)
                              /usr/lib/gcc/arm-none-eabi/6.3.1/../../../arm-none-eabi/lib/thumb/v7-m/libc_nano.a(lib_a-locale.o) (__ascii_mbtowc)
/usr/lib/gcc/arm-none-eabi/6.3.1/../../../arm-none-eabi/lib/thumb/v7-m/libc_nano.a(lib_a-strcmp.o)
                              /usr/lib/gcc/arm-none-eabi/6.3.1/../../../arm-none-eabi/lib/thumb/v7-m/libc_nano.a(lib_a-locale.o) (strcmp)
/usr/lib/gcc/arm-none-eabi/6.3.1/../../../arm-none-eabi/lib/thumb/v7-m/libc_nano.a(lib_a-wctomb_r.o)
                              /usr/lib/gcc/arm-none-eabi/6.3.1/../../../arm-none-eabi/lib/thumb/v7-m/libc_nano.a(lib_a-locale.o) (__ascii_wctomb)
/usr/lib/gcc/arm-none-eabi/6.3.1/../../../arm-none-eabi/lib/thumb/v7-m/libc_nano.a(lib_a-ctype_.o)
                              /usr/lib/gcc/arm-none-eabi/6.3.1/../../../arm-none-eabi/lib/thumb/v7-m/libc_nano.a(lib_a-locale.o) (_ctype_)
/usr/lib/gcc/arm-none-eabi/6.3.1/../../../arm-none-eabi/lib/thumb/v7-m/libm.a(lib_a-s_ceil.o)
                              _build/sx1276.o (ceil)
/usr/lib/gcc/arm-none-eabi/6.3.1/../../../arm-none-eabi/lib/thumb/v7-m/libm.a(lib_a-s_floor.o)
                              _build/sx1276.o (floor)
/usr/lib/gcc/arm-none-eabi/6.3.1/../../../arm-none-eabi/lib/thumb/v7-m/libm.a(lib_a-s_round.o)
                              _build/sx1276.o (round)
/usr/lib/gcc/arm-none-eabi/6.3.1/../../../arm-none-eabi/lib/thumb/v7-m/libnosys.a(_exit.o)
                              /usr/lib/gcc/arm-none-eabi/6.3.1/../../../arm-none-eabi/lib/thumb/v7-m/libc_nano.a(lib_a-exit.o) (_exit)
/usr/lib/gcc/arm-none-eabi/6.3.1/thumb/v7-m/libgcc.a(_arm_addsubdf3.o)
                              _build/rtc-board.o (__aeabi_dsub)
/usr/lib/gcc/arm-none-eabi/6.3.1/thumb/v7-m/libgcc.a(_arm_muldivdf3.o)
                              _build/sx1276.o (__aeabi_dmul)
/usr/lib/gcc/arm-none-eabi/6.3.1/thumb/v7-m/libgcc.a(_arm_cmpdf2.o)
                              _build/gps.o (__aeabi_dcmpeq)
/usr/lib/gcc/arm-none-eabi/6.3.1/thumb/v7-m/libgcc.a(_arm_fixdfsi.o)
                              _build/sx1276.o (__aeabi_d2iz)
/usr/lib/gcc/arm-none-eabi/6.3.1/thumb/v7-m/libgcc.a(_arm_fixunsdfsi.o)
                              _build/sx1276.o (__aeabi_d2uiz)
[...]
Memory Configuration

Name             Origin             Length             Attributes
RAM              0x0000000020000000 0x0000000000008000 xrw
FLASH            0x0000000008000000 0x0000000000020000 xr
*default*        0x0000000000000000 0xffffffffffffffff

Linker script and memory map

LOAD /usr/lib/gcc/arm-none-eabi/6.3.1/thumb/v7-m/crti.o
LOAD /usr/lib/gcc/arm-none-eabi/6.3.1/thumb/v7-m/crtbegin.o
LOAD /usr/lib/gcc/arm-none-eabi/6.3.1/../../../arm-none-eabi/lib/thumb/v7-m/crt0.o
LOAD _build/main.o
LOAD _build/system_stm32l1xx.o
LOAD _build/sx1276.o
LOAD _build/stm32l1xx_hal_flash.o
LOAD _build/stm32l1xx_hal_flash_ex.o
LOAD _build/stm32l1xx_hal_rtc_ex.o
LOAD _build/stm32l1xx_hal_pwr_ex.o
LOAD _build/stm32l1xx_hal_msp_template.o
LOAD _build/stm32l1xx_hal_crc.o
LOAD _build/stm32l1xx_hal_usart.o
LOAD _build/stm32l1xx_hal_lcd.o
LOAD _build/stm32l1xx_hal_pcd.o
LOAD _build/stm32l1xx_hal_spi.o
LOAD _build/stm32l1xx_hal_irda.o
LOAD _build/stm32l1xx_hal_rcc_ex.o
LOAD _build/stm32l1xx_hal.o
LOAD _build/stm32l1xx_hal_i2c.o
LOAD _build/stm32l1xx_hal_smartcard.o
LOAD _build/stm32l1xx_hal_cryp.o
LOAD _build/stm32l1xx_hal_iwdg.o
LOAD _build/stm32l1xx_hal_uart.o
LOAD _build/stm32l1xx_hal_wwdg.o
LOAD _build/stm32l1xx_hal_pcd_ex.o
LOAD _build/stm32l1xx_hal_adc.o
LOAD _build/stm32l1xx_hal_flash_ramfunc.o
LOAD _build/stm32l1xx_hal_gpio.o
LOAD _build/stm32l1xx_hal_comp.o
LOAD _build/stm32l1xx_hal_nor.o
LOAD _build/stm32l1xx_hal_cryp_ex.o
LOAD _build/stm32l1xx_hal_opamp_ex.o
LOAD _build/stm32l1xx_hal_cortex.o
LOAD _build/stm32l1xx_hal_tim_ex.o
LOAD _build/stm32l1xx_hal_adc_ex.o
LOAD _build/stm32l1xx_hal_dma.o
LOAD _build/stm32l1xx_hal_dac.o
LOAD _build/stm32l1xx_hal_tim.o
LOAD _build/stm32l1xx_hal_dac_ex.o
LOAD _build/stm32l1xx_hal_rtc.o
LOAD _build/stm32l1xx_hal_pwr.o
LOAD _build/stm32l1xx_hal_i2s.o
LOAD _build/stm32l1xx_hal_opamp.o
LOAD _build/stm32l1xx_hal_sram.o
LOAD _build/stm32l1xx_hal_sd.o
LOAD _build/stm32l1xx_hal_rcc.o
LOAD _build/sx1276-board.o
LOAD _build/spi-board.o
LOAD _build/gpio-board.o
LOAD _build/delay-board.o
LOAD _build/board.o
LOAD _build/eeprom-board.o
LOAD _build/rtc-board.o
LOAD _build/i2c-board.o
LOAD _build/adc-board.o
LOAD _build/uart-board.o
LOAD _build/uart.o
LOAD _build/eeprom.o
LOAD _build/i2c.o
LOAD _build/gps.o
LOAD _build/delay.o
LOAD _build/gpio.o
LOAD _build/fifo.o
LOAD _build/timer.o
LOAD _build/adc.o
LOAD _build/startup_stm32l151xba.o
LOAD /usr/lib/gcc/arm-none-eabi/6.3.1/../../../arm-none-eabi/lib/thumb/v7-m/libc_nano.a
LOAD /usr/lib/gcc/arm-none-eabi/6.3.1/../../../arm-none-eabi/lib/thumb/v7-m/libm.a
LOAD /usr/lib/gcc/arm-none-eabi/6.3.1/../../../arm-none-eabi/lib/thumb/v7-m/libnosys.a
START GROUP
LOAD /usr/lib/gcc/arm-none-eabi/6.3.1/thumb/v7-m/libgcc.a
LOAD /usr/lib/gcc/arm-none-eabi/6.3.1/../../../arm-none-eabi/lib/thumb/v7-m/libc_nano.a
END GROUP
START GROUP
LOAD /usr/lib/gcc/arm-none-eabi/6.3.1/thumb/v7-m/libgcc.a
LOAD /usr/lib/gcc/arm-none-eabi/6.3.1/../../../arm-none-eabi/lib/thumb/v7-m/libc_nano.a
END GROUP
LOAD /usr/lib/gcc/arm-none-eabi/6.3.1/thumb/v7-m/crtend.o
LOAD /usr/lib/gcc/arm-none-eabi/6.3.1/thumb/v7-m/crtn.o
                0x0000000020008000                _estack = 0x20008000
                0x0000000000000200                _Min_Heap_Size = 0x200
                0x0000000000000400                _Min_Stack_Size = 0x400

.isr_vector     0x0000000008000000      0x13c
                0x0000000008000000                . = ALIGN (0x4)
 *(.isr_vector)
 .isr_vector    0x0000000008000000      0x13c _build/startup_stm32l151xba.o
                0x0000000008000000                g_pfnVectors
                0x000000000800013c                . = ALIGN (0x4)

.text           0x0000000008000140     0x3ef8
                0x0000000008000140                . = ALIGN (0x4)
 *(.text)
 .text          0x0000000008000140       0xa4 /usr/lib/gcc/arm-none-eabi/6.3.1/thumb/v7-m/crtbegin.o
 .text          0x00000000080001e4       0x48 /usr/lib/gcc/arm-none-eabi/6.3.1/../../../arm-none-eabi/lib/thumb/v7-m/libc_nano.a(lib_a-init.o)
                0x00000000080001e4                __libc_init_array
 *fill*         0x000000000800022c        0x4 
 .text          0x0000000008000230      0x110 /usr/lib/gcc/arm-none-eabi/6.3.1/../../../arm-none-eabi/lib/thumb/v7-m/libm.a(lib_a-s_ceil.o)
                0x0000000008000230                ceil
 .text          0x0000000008000340       0x9c /usr/lib/gcc/arm-none-eabi/6.3.1/../../../arm-none-eabi/lib/thumb/v7-m/libm.a(lib_a-s_round.o)
                0x0000000008000340                round
 .text          0x00000000080003dc      0x370 /usr/lib/gcc/arm-none-eabi/6.3.1/thumb/v7-m/libgcc.a(_arm_addsubdf3.o)
                0x00000000080003dc                __aeabi_drsub
                0x00000000080003e4                __aeabi_dsub
                0x00000000080003e4                __subdf3
                0x00000000080003e8                __adddf3
                0x00000000080003e8                __aeabi_dadd
                0x0000000008000660                __aeabi_ui2d
                0x0000000008000660                __floatunsidf
                0x0000000008000680                __floatsidf
                0x0000000008000680                __aeabi_i2d
                0x00000000080006a4                __extendsfdf2
                0x00000000080006a4                __aeabi_f2d
                0x00000000080006e0                __aeabi_ul2d
                0x00000000080006e0                __floatundidf
                0x00000000080006f0                __floatdidf
                0x00000000080006f0                __aeabi_l2d
 .text          0x000000000800074c      0x424 /usr/lib/gcc/arm-none-eabi/6.3.1/thumb/v7-m/libgcc.a(_arm_muldivdf3.o)
                0x000000000800074c                __aeabi_dmul
                0x000000000800074c                __muldf3
                0x00000000080009a0                __aeabi_ddiv
                0x00000000080009a0                __divdf3
 .text          0x0000000008000b70      0x110 /usr/lib/gcc/arm-none-eabi/6.3.1/thumb/v7-m/libgcc.a(_arm_cmpdf2.o)
                0x0000000008000b70                __gtdf2
                0x0000000008000b70                __gedf2
                0x0000000008000b78                __ltdf2
                0x0000000008000b78                __ledf2
                0x0000000008000b80                __cmpdf2
                0x0000000008000b80                __eqdf2
                0x0000000008000b80                __nedf2
                0x0000000008000bfc                __aeabi_cdrcmple
                0x0000000008000c0c                __aeabi_cdcmple
                0x0000000008000c0c                __aeabi_cdcmpeq
                0x0000000008000c1c                __aeabi_dcmpeq
                0x0000000008000c30                __aeabi_dcmplt
                0x0000000008000c44                __aeabi_dcmple
                0x0000000008000c58                __aeabi_dcmpge
                0x0000000008000c6c                __aeabi_dcmpgt
 .text          0x0000000008000c80       0x50 /usr/lib/gcc/arm-none-eabi/6.3.1/thumb/v7-m/libgcc.a(_arm_fixdfsi.o)
                0x0000000008000c80                __fixdfsi
                0x0000000008000c80                __aeabi_d2iz
 .text          0x0000000008000cd0       0x40 /usr/lib/gcc/arm-none-eabi/6.3.1/thumb/v7-m/libgcc.a(_arm_fixunsdfsi.o)
                0x0000000008000cd0                __fixunsdfsi
                0x0000000008000cd0                __aeabi_d2uiz
 *(.text*)
 .text.main     0x0000000008000d10       0x1c _build/main.o
                0x0000000008000d10                main
 .text.SystemInit
                0x0000000008000d2c       0x48 _build/system_stm32l1xx.o
                0x0000000008000d2c                SystemInit
 .text.HAL_RTCEx_DeactivateWakeUpTimer
                0x0000000008000d74       0x70 _build/stm32l1xx_hal_rtc_ex.o
                0x0000000008000d74                HAL_RTCEx_DeactivateWakeUpTimer
 .text.HAL_RTCEx_AlarmBEventCallback
                0x0000000008000de4        0x2 _build/stm32l1xx_hal_rtc_ex.o
                0x0000000008000de4                HAL_RTCEx_AlarmBEventCallback
 .text.HAL_MspInit
                0x0000000008000de6        0x2 _build/stm32l1xx_hal_msp_template.o
                0x0000000008000de6                HAL_MspInit
 .text.HAL_SPI_MspInit
                0x0000000008000de8        0x2 _build/stm32l1xx_hal_spi.o
                0x0000000008000de8                HAL_SPI_MspInit
 .text.HAL_SPI_Init
                0x0000000008000dea       0x70 _build/stm32l1xx_hal_spi.o
                0x0000000008000dea                HAL_SPI_Init
 *fill*         0x0000000008000e5a        0x2 
 .text.HAL_RCCEx_PeriphCLKConfig
                0x0000000008000e5c      0x138 _build/stm32l1xx_hal_rcc_ex.o
                0x0000000008000e5c                HAL_RCCEx_PeriphCLKConfig
 .text.HAL_InitTick
                0x0000000008000f94       0x50 _build/stm32l1xx_hal.o
                0x0000000008000f94                HAL_InitTick
 .text.HAL_Init
                0x0000000008000fe4       0x1e _build/stm32l1xx_hal.o
                0x0000000008000fe4                HAL_Init
 *fill*         0x0000000008001002        0x2 
 .text.HAL_IncTick
                0x0000000008001004       0x18 _build/stm32l1xx_hal.o
                0x0000000008001004                HAL_IncTick
 .text.HAL_GetTick
                0x000000000800101c        0xc _build/stm32l1xx_hal.o
                0x000000000800101c                HAL_GetTick
 .text.HAL_Delay
                0x0000000008001028       0x28 _build/stm32l1xx_hal.o
                0x0000000008001028                HAL_Delay
 .text.HAL_DBGMCU_DisableDBGSleepMode
                0x0000000008001050       0x10 _build/stm32l1xx_hal.o
                0x0000000008001050                HAL_DBGMCU_DisableDBGSleepMode
 .text.HAL_DBGMCU_DisableDBGStopMode
                0x0000000008001060       0x10 _build/stm32l1xx_hal.o
                0x0000000008001060                HAL_DBGMCU_DisableDBGStopMode
 .text.HAL_DBGMCU_DisableDBGStandbyMode
                0x0000000008001070       0x10 _build/stm32l1xx_hal.o
                0x0000000008001070                HAL_DBGMCU_DisableDBGStandbyMode
 .text.HAL_I2C_MspInit
                0x0000000008001080        0x2 _build/stm32l1xx_hal_i2c.o
                0x0000000008001080                HAL_I2C_MspInit
 *fill*         0x0000000008001082        0x2 
 .text.HAL_I2C_Init
                0x0000000008001084      0x1a0 _build/stm32l1xx_hal_i2c.o
                0x0000000008001084                HAL_I2C_Init
 .text.UART_EndRxTransfer
                0x0000000008001224       0x1c _build/stm32l1xx_hal_uart.o
 .text.UART_Transmit_IT
                0x0000000008001240       0x6a _build/stm32l1xx_hal_uart.o
 *fill*         0x00000000080012aa        0x2 
 .text.UART_SetConfig
                0x00000000080012ac      0x164 _build/stm32l1xx_hal_uart.o
 .text.HAL_UART_MspInit
                0x0000000008001410        0x2 _build/stm32l1xx_hal_uart.o
                0x0000000008001410                HAL_UART_MspInit
 .text.HAL_UART_Init
                0x0000000008001412       0x5e _build/stm32l1xx_hal_uart.o
                0x0000000008001412                HAL_UART_Init
 .text.HAL_UART_Transmit_IT
                0x0000000008001470       0x48 _build/stm32l1xx_hal_uart.o
                0x0000000008001470                HAL_UART_Transmit_IT
 .text.HAL_UART_Receive_IT
                0x00000000080014b8       0x5c _build/stm32l1xx_hal_uart.o
                0x00000000080014b8                HAL_UART_Receive_IT
 .text.UART_EndTransmit_IT
                0x0000000008001514       0x1a _build/stm32l1xx_hal_uart.o
 .text.UART_Receive_IT
                0x000000000800152e       0x9e _build/stm32l1xx_hal_uart.o
 .text.HAL_UART_IRQHandler
                0x00000000080015cc      0x120 _build/stm32l1xx_hal_uart.o
                0x00000000080015cc                HAL_UART_IRQHandler
 .text.UART_DMAAbortOnError
                0x00000000080016ec       0x10 _build/stm32l1xx_hal_uart.o
 .text.HAL_ADC_MspInit
                0x00000000080016fc        0x2 _build/stm32l1xx_hal_adc.o
                0x00000000080016fc                HAL_ADC_MspInit
 *fill*         0x00000000080016fe        0x2 
 .text.HAL_ADC_Init
                0x0000000008001700      0x1a0 _build/stm32l1xx_hal_adc.o
                0x0000000008001700                HAL_ADC_Init
 .text.HAL_ADC_MspDeInit
                0x00000000080018a0        0x2 _build/stm32l1xx_hal_adc.o
                0x00000000080018a0                HAL_ADC_MspDeInit
 .text.ADC_ConversionStop_Disable
                0x00000000080018a2       0x4c _build/stm32l1xx_hal_adc.o
                0x00000000080018a2                ADC_ConversionStop_Disable
 *fill*         0x00000000080018ee        0x2 
 .text.HAL_ADC_DeInit
                0x00000000080018f0      0x11c _build/stm32l1xx_hal_adc.o
                0x00000000080018f0                HAL_ADC_DeInit
 .text.HAL_GPIO_Init
                0x0000000008001a0c      0x1a0 _build/stm32l1xx_hal_gpio.o
                0x0000000008001a0c                HAL_GPIO_Init
 .text.HAL_GPIO_WritePin
                0x0000000008001bac        0xc _build/stm32l1xx_hal_gpio.o
                0x0000000008001bac                HAL_GPIO_WritePin
 .text.HAL_GPIO_EXTI_IRQHandler
                0x0000000008001bb8       0x1c _build/stm32l1xx_hal_gpio.o
                0x0000000008001bb8                HAL_GPIO_EXTI_IRQHandler
 .text.HAL_NVIC_SetPriorityGrouping
                0x0000000008001bd4       0x24 _build/stm32l1xx_hal_cortex.o
                0x0000000008001bd4                HAL_NVIC_SetPriorityGrouping
 .text.HAL_NVIC_SetPriority
                0x0000000008001bf8       0x64 _build/stm32l1xx_hal_cortex.o
                0x0000000008001bf8                HAL_NVIC_SetPriority
 .text.HAL_NVIC_EnableIRQ
                0x0000000008001c5c       0x1c _build/stm32l1xx_hal_cortex.o
                0x0000000008001c5c                HAL_NVIC_EnableIRQ
 .text.HAL_SYSTICK_Config
                0x0000000008001c78       0x2c _build/stm32l1xx_hal_cortex.o
                0x0000000008001c78                HAL_SYSTICK_Config
 .text.HAL_SYSTICK_CLKSourceConfig
                0x0000000008001ca4       0x20 _build/stm32l1xx_hal_cortex.o
                0x0000000008001ca4                HAL_SYSTICK_CLKSourceConfig
 .text.HAL_SYSTICK_Callback
                0x0000000008001cc4        0x2 _build/stm32l1xx_hal_cortex.o
                0x0000000008001cc4                HAL_SYSTICK_Callback
 .text.HAL_SYSTICK_IRQHandler
                0x0000000008001cc6        0x8 _build/stm32l1xx_hal_cortex.o
                0x0000000008001cc6                HAL_SYSTICK_IRQHandler
 .text.HAL_DMA_Abort_IT
                0x0000000008001cce       0x50 _build/stm32l1xx_hal_dma.o
                0x0000000008001cce                HAL_DMA_Abort_IT
 .text.HAL_RTC_MspInit
                0x0000000008001d1e        0x2 _build/stm32l1xx_hal_rtc.o
                0x0000000008001d1e                HAL_RTC_MspInit
 .text.HAL_RTC_DeactivateAlarm
                0x0000000008001d20       0xb8 _build/stm32l1xx_hal_rtc.o
                0x0000000008001d20                HAL_RTC_DeactivateAlarm
 .text.HAL_RTC_AlarmAEventCallback
                0x0000000008001dd8        0x2 _build/stm32l1xx_hal_rtc.o
                0x0000000008001dd8                HAL_RTC_AlarmAEventCallback
 *fill*         0x0000000008001dda        0x2 
 .text.HAL_RTC_AlarmIRQHandler
                0x0000000008001ddc       0x60 _build/stm32l1xx_hal_rtc.o
                0x0000000008001ddc                HAL_RTC_AlarmIRQHandler
 .text.HAL_RTC_WaitForSynchro
                0x0000000008001e3c       0x3e _build/stm32l1xx_hal_rtc.o
                0x0000000008001e3c                HAL_RTC_WaitForSynchro
 .text.RTC_EnterInitMode
                0x0000000008001e7a       0x3c _build/stm32l1xx_hal_rtc.o
                0x0000000008001e7a                RTC_EnterInitMode
 .text.HAL_RTC_Init
                0x0000000008001eb6       0xa4 _build/stm32l1xx_hal_rtc.o
                0x0000000008001eb6                HAL_RTC_Init
 .text.RTC_ByteToBcd2
                0x0000000008001f5a       0x16 _build/stm32l1xx_hal_rtc.o
                0x0000000008001f5a                RTC_ByteToBcd2
 .text.HAL_RTC_SetTime
                0x0000000008001f70       0xf0 _build/stm32l1xx_hal_rtc.o
                0x0000000008001f70                HAL_RTC_SetTime
 .text.HAL_RTC_SetDate
                0x0000000008002060       0xce _build/stm32l1xx_hal_rtc.o
                0x0000000008002060                HAL_RTC_SetDate
 *fill*         0x000000000800212e        0x2 
 .text.HAL_RTC_SetAlarm_IT
                0x0000000008002130      0x190 _build/stm32l1xx_hal_rtc.o
                0x0000000008002130                HAL_RTC_SetAlarm_IT
 .text.RTC_Bcd2ToByte
                0x00000000080022c0       0x12 _build/stm32l1xx_hal_rtc.o
                0x00000000080022c0                RTC_Bcd2ToByte
 .text.HAL_RTC_GetTime
                0x00000000080022d2       0x58 _build/stm32l1xx_hal_rtc.o
                0x00000000080022d2                HAL_RTC_GetTime
 .text.HAL_RTC_GetDate
                0x000000000800232a       0x42 _build/stm32l1xx_hal_rtc.o
                0x000000000800232a                HAL_RTC_GetDate
 .text.HAL_RTC_GetAlarm
                0x000000000800236c       0x80 _build/stm32l1xx_hal_rtc.o
                0x000000000800236c                HAL_RTC_GetAlarm
 .text.RCC_SetFlashLatencyFromMSIRange
                0x00000000080023ec       0x98 _build/stm32l1xx_hal_rcc.o
 .text.HAL_RCC_OscConfig
                0x0000000008002484      0x50c _build/stm32l1xx_hal_rcc.o
                0x0000000008002484                HAL_RCC_OscConfig
 .text.HAL_RCC_GetSysClockFreq
                0x0000000008002990       0x70 _build/stm32l1xx_hal_rcc.o
                0x0000000008002990                HAL_RCC_GetSysClockFreq
 .text.HAL_RCC_ClockConfig
                0x0000000008002a00      0x1dc _build/stm32l1xx_hal_rcc.o
                0x0000000008002a00                HAL_RCC_ClockConfig
 .text.HAL_RCC_GetHCLKFreq
                0x0000000008002bdc        0xc _build/stm32l1xx_hal_rcc.o
                0x0000000008002bdc                HAL_RCC_GetHCLKFreq
 .text.HAL_RCC_GetPCLK1Freq
                0x0000000008002be8       0x20 _build/stm32l1xx_hal_rcc.o
                0x0000000008002be8                HAL_RCC_GetPCLK1Freq
 .text.HAL_RCC_GetPCLK2Freq
                0x0000000008002c08       0x20 _build/stm32l1xx_hal_rcc.o
                0x0000000008002c08                HAL_RCC_GetPCLK2Freq
 .text.SX1276IoInit
                0x0000000008002c28       0x90 _build/sx1276-board.o
                0x0000000008002c28                SX1276IoInit
 .text.SpiFormat
                0x0000000008002cb8       0x98 _build/spi-board.o
                0x0000000008002cb8                SpiFormat
 .text.SpiFrequency
                0x0000000008002d50       0x44 _build/spi-board.o
                0x0000000008002d50                SpiFrequency
 .text.SpiInit  0x0000000008002d94      0x194 _build/spi-board.o
                0x0000000008002d94                SpiInit
 .text.GpioMcuWrite
                0x0000000008002f28       0x1c _build/gpio-board.o
                0x0000000008002f28                GpioMcuWrite
 .text.GpioMcuInit
                0x0000000008002f44      0x130 _build/gpio-board.o
                0x0000000008002f44                GpioMcuInit
 .text.EXTI0_IRQHandler
                0x0000000008003074        0xe _build/gpio-board.o
                0x0000000008003074                EXTI0_IRQHandler
 .text.EXTI1_IRQHandler
                0x0000000008003082        0xe _build/gpio-board.o
                0x0000000008003082                EXTI1_IRQHandler
 .text.EXTI2_IRQHandler
                0x0000000008003090        0xe _build/gpio-board.o
                0x0000000008003090                EXTI2_IRQHandler
 .text.EXTI3_IRQHandler
                0x000000000800309e        0xe _build/gpio-board.o
                0x000000000800309e                EXTI3_IRQHandler
 .text.EXTI4_IRQHandler
                0x00000000080030ac        0xe _build/gpio-board.o
                0x00000000080030ac                EXTI4_IRQHandler
 .text.EXTI9_5_IRQHandler
                0x00000000080030ba       0x2a _build/gpio-board.o
                0x00000000080030ba                EXTI9_5_IRQHandler
 .text.EXTI15_10_IRQHandler
                0x00000000080030e4       0x38 _build/gpio-board.o
                0x00000000080030e4                EXTI15_10_IRQHandler
 .text.HAL_GPIO_EXTI_Callback
                0x000000000800311c       0x28 _build/gpio-board.o
                0x000000000800311c                HAL_GPIO_EXTI_Callback
 .text.DelayMsMcu
                0x0000000008003144        0x8 _build/delay-board.o
                0x0000000008003144                DelayMsMcu
 .text.SystemClockReConfig
                0x000000000800314c       0x6c _build/board.o
 .text.SystemClockConfig
                0x00000000080031b8       0xa8 _build/board.o
 .text.BoardDisableIrq
                0x0000000008003260       0x10 _build/board.o
                0x0000000008003260                BoardDisableIrq
 .text.BoardEnableIrq
                0x0000000008003270       0x14 _build/board.o
                0x0000000008003270                BoardEnableIrq
 .text.SysTick_Handler
                0x0000000008003284        0xc _build/board.o
                0x0000000008003284                SysTick_Handler
 .text.GetBoardPowerSource
                0x0000000008003290        0x4 _build/board.o
                0x0000000008003290                GetBoardPowerSource
 .text.BoardUnusedIoInit
                0x0000000008003294       0xe4 _build/board.o
 .text.BoardInitMcu
                0x0000000008003378       0xbc _build/board.o
                0x0000000008003378                BoardInitMcu
 .text.RtcCheckCalendarRollOver
                0x0000000008003434       0x40 _build/rtc-board.o
 .text.RtcGetCalendar
                0x0000000008003474       0x4c _build/rtc-board.o
 .text.RtcComputeTimerTimeToAlarmTick
                0x00000000080034c0      0x208 _build/rtc-board.o
 .text.RtcStartWakeUpAlarm
                0x00000000080036c8       0x90 _build/rtc-board.o
 .text.RtcConvertCalendarTickToTimerTime
                0x0000000008003758      0x140 _build/rtc-board.o
 .text.RtcComputeWakeUpTime
                0x0000000008003898       0x88 _build/rtc-board.o
 .text.RtcInit  0x0000000008003920       0x90 _build/rtc-board.o
                0x0000000008003920                RtcInit
 .text.RtcSetTimeout
                0x00000000080039b0        0x8 _build/rtc-board.o
                0x00000000080039b0                RtcSetTimeout
 .text.RtcGetAdjustedTimeoutValue
                0x00000000080039b8       0x48 _build/rtc-board.o
                0x00000000080039b8                RtcGetAdjustedTimeoutValue
 .text.RtcGetElapsedAlarmTime
                0x0000000008003a00       0x24 _build/rtc-board.o
                0x0000000008003a00                RtcGetElapsedAlarmTime
 .text.RtcRecoverMcuStatus
                0x0000000008003a24       0x48 _build/rtc-board.o
                0x0000000008003a24                RtcRecoverMcuStatus
 .text.BlockLowPowerDuringTask
                0x0000000008003a6c       0x18 _build/rtc-board.o
                0x0000000008003a6c                BlockLowPowerDuringTask
 .text.RTC_Alarm_IRQHandler
                0x0000000008003a84       0x2c _build/rtc-board.o
                0x0000000008003a84                RTC_Alarm_IRQHandler
 .text.I2cMcuInit
                0x0000000008003ab0       0x78 _build/i2c-board.o
                0x0000000008003ab0                I2cMcuInit
 .text.I2cMcuFormat
                0x0000000008003b28       0x54 _build/i2c-board.o
                0x0000000008003b28                I2cMcuFormat
 .text.AdcMcuInit
                0x0000000008003b7c       0x4c _build/adc-board.o
                0x0000000008003b7c                AdcMcuInit
 .text.AdcMcuConfig
                0x0000000008003bc8       0x38 _build/adc-board.o
                0x0000000008003bc8                AdcMcuConfig
 .text.UartMcuInit
                0x0000000008003c00       0x64 _build/uart-board.o
                0x0000000008003c00                UartMcuInit
 .text.UartMcuConfig
                0x0000000008003c64       0xf0 _build/uart-board.o
                0x0000000008003c64                UartMcuConfig
 .text.UartMcuPutChar
                0x0000000008003d54       0x50 _build/uart-board.o
                0x0000000008003d54                UartMcuPutChar
 .text.HAL_UART_TxCpltCallback
                0x0000000008003da4       0x3c _build/uart-board.o
                0x0000000008003da4                HAL_UART_TxCpltCallback
 .text.HAL_UART_RxCpltCallback
                0x0000000008003de0       0x3c _build/uart-board.o
                0x0000000008003de0                HAL_UART_RxCpltCallback
 .text.HAL_UART_ErrorCallback
                0x0000000008003e1c       0x18 _build/uart-board.o
                0x0000000008003e1c                HAL_UART_ErrorCallback
 .text.USART1_IRQHandler
                0x0000000008003e34       0x10 _build/uart-board.o
                0x0000000008003e34                USART1_IRQHandler
 .text.UartInit
                0x0000000008003e44       0x12 _build/uart.o
                0x0000000008003e44                UartInit
 .text.UartConfig
                0x0000000008003e56       0x1e _build/uart.o
                0x0000000008003e56                UartConfig
 .text.UartPutChar
                0x0000000008003e74        0x8 _build/uart.o
                0x0000000008003e74                UartPutChar
 .text.I2cInit  0x0000000008003e7c       0x38 _build/i2c.o
                0x0000000008003e7c                I2cInit
 .text.DelayMs  0x0000000008003eb4        0x8 _build/delay.o
                0x0000000008003eb4                DelayMs
 .text.GpioInit
                0x0000000008003ebc       0x16 _build/gpio.o
                0x0000000008003ebc                GpioInit
 .text.FifoNext
                0x0000000008003ed2       0x10 _build/fifo.o
 .text.FifoInit
                0x0000000008003ee2        0xc _build/fifo.o
                0x0000000008003ee2                FifoInit
 .text.FifoPush
                0x0000000008003eee       0x14 _build/fifo.o
                0x0000000008003eee                FifoPush
 .text.FifoPop  0x0000000008003f02       0x14 _build/fifo.o
                0x0000000008003f02                FifoPop
 .text.IsFifoEmpty
                0x0000000008003f16        0xe _build/fifo.o
                0x0000000008003f16                IsFifoEmpty
 .text.IsFifoFull
                0x0000000008003f24       0x16 _build/fifo.o
                0x0000000008003f24                IsFifoFull
 *fill*         0x0000000008003f3a        0x2 
 .text.TimerSetTimeout
                0x0000000008003f3c       0x1c _build/timer.o
 .text.TimerGetValue
                0x0000000008003f58        0x8 _build/timer.o
                0x0000000008003f58                TimerGetValue
 .text.TimerIrqHandler
                0x0000000008003f60       0x54 _build/timer.o
                0x0000000008003f60                TimerIrqHandler
 .text.AdcInit  0x0000000008003fb4       0x20 _build/adc.o
                0x0000000008003fb4                AdcInit
 .text.Reset_Handler
                0x0000000008003fd4       0x48 _build/startup_stm32l151xba.o
                0x0000000008003fd4                Reset_Handler
 .text.Default_Handler
                0x000000000800401c        0x2 _build/startup_stm32l151xba.o
                0x000000000800401c                DebugMon_Handler
                0x000000000800401c                HardFault_Handler
                0x000000000800401c                TIM10_IRQHandler
                0x000000000800401c                USB_HP_IRQHandler
                0x000000000800401c                TIM6_IRQHandler
                0x000000000800401c                PVD_IRQHandler
                0x000000000800401c                PendSV_Handler
                0x000000000800401c                NMI_Handler
                0x000000000800401c                I2C2_EV_IRQHandler
                0x000000000800401c                UsageFault_Handler
                0x000000000800401c                SPI1_IRQHandler
                0x000000000800401c                USB_FS_WKUP_IRQHandler
                0x000000000800401c                DMA1_Channel4_IRQHandler
                0x000000000800401c                ADC1_IRQHandler
                0x000000000800401c                USART3_IRQHandler
                0x000000000800401c                DMA1_Channel7_IRQHandler
                0x000000000800401c                TIM4_IRQHandler
                0x000000000800401c                I2C1_EV_IRQHandler
                0x000000000800401c                DMA1_Channel6_IRQHandler
                0x000000000800401c                TIM3_IRQHandler
                0x000000000800401c                RCC_IRQHandler
                0x000000000800401c                DMA1_Channel1_IRQHandler
                0x000000000800401c                Default_Handler
                0x000000000800401c                TIM7_IRQHandler
                0x000000000800401c                TIM9_IRQHandler
                0x000000000800401c                TAMPER_STAMP_IRQHandler
                0x000000000800401c                RTC_WKUP_IRQHandler
                0x000000000800401c                SPI2_IRQHandler
                0x000000000800401c                MemManage_Handler
                0x000000000800401c                SVC_Handler
                0x000000000800401c                DMA1_Channel5_IRQHandler
                0x000000000800401c                USB_LP_IRQHandler
                0x000000000800401c                DMA1_Channel3_IRQHandler
                0x000000000800401c                COMP_IRQHandler
                0x000000000800401c                WWDG_IRQHandler
                0x000000000800401c                TIM2_IRQHandler
                0x000000000800401c                DAC_IRQHandler
                0x000000000800401c                TIM11_IRQHandler
                0x000000000800401c                USART2_IRQHandler
                0x000000000800401c                I2C2_ER_IRQHandler
                0x000000000800401c                DMA1_Channel2_IRQHandler
                0x000000000800401c                FLASH_IRQHandler
                0x000000000800401c                BusFault_Handler
                0x000000000800401c                I2C1_ER_IRQHandler
 *(.glue_7)
 .glue_7        0x000000000800401e        0x0 linker stubs
 *(.glue_7t)
 .glue_7t       0x000000000800401e        0x0 linker stubs
 *(.eh_frame)
 *fill*         0x000000000800401e        0x2 
 .eh_frame      0x0000000008004020        0x0 /usr/lib/gcc/arm-none-eabi/6.3.1/thumb/v7-m/crtbegin.o
 *(.init)
 .init          0x0000000008004020        0x4 /usr/lib/gcc/arm-none-eabi/6.3.1/thumb/v7-m/crti.o
                0x0000000008004020                _init
 .init          0x0000000008004024        0x8 /usr/lib/gcc/arm-none-eabi/6.3.1/thumb/v7-m/crtn.o
 *(.fini)
 .fini          0x000000000800402c        0x4 /usr/lib/gcc/arm-none-eabi/6.3.1/thumb/v7-m/crti.o
                0x000000000800402c                _fini
 .fini          0x0000000008004030        0x8 /usr/lib/gcc/arm-none-eabi/6.3.1/thumb/v7-m/crtn.o
                0x0000000008004038                . = ALIGN (0x4)
                0x0000000008004038                _etext = .

.vfp11_veneer   0x0000000008004038        0x0
 .vfp11_veneer  0x0000000008004038        0x0 linker stubs

.v4_bx          0x0000000008004038        0x0
 .v4_bx         0x0000000008004038        0x0 linker stubs

.iplt           0x0000000008004038        0x0
 .iplt          0x0000000008004038        0x0 /usr/lib/gcc/arm-none-eabi/6.3.1/thumb/v7-m/crtbegin.o

.rodata         0x0000000008004038       0x3c
                0x0000000008004038                . = ALIGN (0x4)
 *(.rodata)
 *(.rodata*)
 .rodata.AHBPrescTable
                0x0000000008004038       0x10 _build/system_stm32l1xx.o
                0x0000000008004038                AHBPrescTable
 .rodata.APBPrescTable
                0x0000000008004048        0x8 _build/system_stm32l1xx.o
                0x0000000008004048                APBPrescTable
 .rodata.PLLMulTable
                0x0000000008004050        0x9 _build/system_stm32l1xx.o
                0x0000000008004050                PLLMulTable
 *fill*         0x0000000008004059        0x3 
 .rodata.DaysInMonth
                0x000000000800405c        0xc _build/rtc-board.o
 .rodata.DaysInMonthLeapYear
                0x0000000008004068        0xc _build/rtc-board.o
                0x0000000008004074                . = ALIGN (0x4)

.rel.dyn        0x0000000008004074        0x0
 .rel.iplt      0x0000000008004074        0x0 /usr/lib/gcc/arm-none-eabi/6.3.1/thumb/v7-m/crtbegin.o

.ARM.extab
 *(.ARM.extab* .gnu.linkonce.armextab.*)

.ARM            0x0000000008004074        0x0
                0x0000000008004074                __exidx_start = .
 *(.ARM.exidx*)
                0x0000000008004074                __exidx_end = .

.preinit_array  0x0000000008004074        0x0
                0x0000000008004074                PROVIDE (__preinit_array_start, .)
 *(.preinit_array*)
                0x0000000008004074                PROVIDE (__preinit_array_end, .)

.init_array     0x0000000008004074        0x4
                0x0000000008004074                PROVIDE (__init_array_start, .)
 *(SORT(.init_array.*))
 *(.init_array*)
 .init_array    0x0000000008004074        0x4 /usr/lib/gcc/arm-none-eabi/6.3.1/thumb/v7-m/crtbegin.o
                0x0000000008004078                PROVIDE (__init_array_end, .)

.fini_array     0x0000000008004078        0x4
                0x0000000008004078                PROVIDE (__fini_array_start, .)
 *(SORT(.fini_array.*))
 *(.fini_array*)
 .fini_array    0x0000000008004078        0x4 /usr/lib/gcc/arm-none-eabi/6.3.1/thumb/v7-m/crtbegin.o
                0x000000000800407c                PROVIDE (__fini_array_end, .)
                0x000000000800407c                _sidata = LOADADDR (.data)

.data           0x0000000020000000        0xc load address 0x000000000800407c
                0x0000000020000000                . = ALIGN (0x4)
                0x0000000020000000                _sdata = .
 *(.data)
 *(.data*)
 .data.SystemCoreClock
                0x0000000020000000        0x4 _build/system_stm32l1xx.o
                0x0000000020000000                SystemCoreClock
 .data.uwTickFreq
                0x0000000020000004        0x4 _build/stm32l1xx_hal.o
                0x0000000020000004                uwTickFreq
 .data.uwTickPrio
                0x0000000020000008        0x4 _build/stm32l1xx_hal.o
                0x0000000020000008                uwTickPrio
                0x000000002000000c                . = ALIGN (0x4)
                0x000000002000000c                _edata = .

.jcr            0x000000002000000c        0x0 load address 0x0000000008004088
 .jcr           0x000000002000000c        0x0 /usr/lib/gcc/arm-none-eabi/6.3.1/thumb/v7-m/crtbegin.o

.tm_clone_table
                0x000000002000000c        0x0 load address 0x0000000008004088
 .tm_clone_table
                0x000000002000000c        0x0 /usr/lib/gcc/arm-none-eabi/6.3.1/thumb/v7-m/crtbegin.o
 .tm_clone_table
                0x000000002000000c        0x0 /usr/lib/gcc/arm-none-eabi/6.3.1/thumb/v7-m/crtend.o

.igot.plt       0x000000002000000c        0x0 load address 0x0000000008004088
 .igot.plt      0x000000002000000c        0x0 /usr/lib/gcc/arm-none-eabi/6.3.1/thumb/v7-m/crtbegin.o
                0x000000002000000c                . = ALIGN (0x4)

.bss            0x000000002000000c      0xc24 load address 0x0000000008004088
                0x000000002000000c                _sbss = .
                0x000000002000000c                __bss_start__ = _sbss
 *(.bss)
 .bss           0x000000002000000c       0x1c /usr/lib/gcc/arm-none-eabi/6.3.1/thumb/v7-m/crtbegin.o
 *(.bss*)
 .bss.SpiHandle
                0x0000000020000028       0xb0 _build/spi-board.o
 .bss.GpioIrq   0x00000000200000d8       0x40 _build/gpio-board.o
 .bss.IrqNestLevel
                0x0000000020000118        0x1 _build/board.o
 .bss.McuInitialized
                0x0000000020000119        0x1 _build/board.o
 .bss.CalendarRollOverReady
                0x000000002000011a        0x1 _build/rtc-board.o
 *fill*         0x000000002000011b        0x1 
 .bss.Century   0x000000002000011c        0x2 _build/rtc-board.o
 .bss.LowPowerDisableDuringTask
                0x000000002000011e        0x1 _build/rtc-board.o
 *fill*         0x000000002000011f        0x1 
 .bss.McuWakeUpTime
                0x0000000020000120        0x4 _build/rtc-board.o
                0x0000000020000120                McuWakeUpTime
 .bss.NonScheduledWakeUp
                0x0000000020000124        0x1 _build/rtc-board.o
                0x0000000020000124                NonScheduledWakeUp
 *fill*         0x0000000020000125        0x1 
 .bss.PreviousCentury
                0x0000000020000126        0x2 _build/rtc-board.o
 .bss.RtcHandle
                0x0000000020000128       0x20 _build/rtc-board.o
                0x0000000020000128                RtcHandle
 .bss.RtcInitialized
                0x0000000020000148        0x1 _build/rtc-board.o
 .bss.RtcTimerEventAllowsLowPower
                0x0000000020000149        0x1 _build/rtc-board.o
 *fill*         0x000000002000014a        0x2 
 .bss.TimeoutValueError
                0x000000002000014c        0x4 _build/rtc-board.o
 .bss.WakeUpTimeInitialized
                0x0000000020000150        0x1 _build/rtc-board.o
 *fill*         0x0000000020000151        0x3 
 .bss.I2cHandle
                0x0000000020000154       0x54 _build/i2c-board.o
 .bss.RxData    0x00000000200001a8        0x1 _build/uart-board.o
                0x00000000200001a8                RxData
 .bss.TxData    0x00000000200001a9        0x1 _build/uart-board.o
                0x00000000200001a9                TxData
 *fill*         0x00000000200001aa        0x2 
 .bss.UartHandle
                0x00000000200001ac       0x40 _build/uart-board.o
 .bss.I2cInitialized
                0x00000000200001ec        0x1 _build/i2c.o
 .bss.HasLoopedThroughMain
                0x00000000200001ed        0x1 _build/timer.o
                0x00000000200001ed                HasLoopedThroughMain
 *fill*         0x00000000200001ee        0x2 
 .bss.TimerListHead
                0x00000000200001f0        0x4 _build/timer.o
 .bss.AdcInitialized
                0x00000000200001f4        0x1 _build/adc.o
 *(COMMON)
 *fill*         0x00000000200001f5        0x3 
 COMMON         0x00000000200001f8      0x128 _build/sx1276.o
                0x00000000200001f8                TxTimeoutTimer
                0x000000002000020c                RxTimeoutSyncWord
                0x0000000020000220                SX1276
                0x000000002000030c                RxTimeoutTimer
 COMMON         0x0000000020000320        0x4 _build/stm32l1xx_hal.o
                0x0000000020000320                uwTick
 COMMON         0x0000000020000324      0x89c _build/board.o
                0x0000000020000324                UsbDetect
                0x0000000020000330                Led2
                0x000000002000033c                Led3
                0x0000000020000348                I2c
                0x0000000020000364                Uart1TxBuffer
                0x0000000020000764                Uart1
                0x000000002000079c                Uart1RxBuffer
                0x0000000020000b9c                Adc
                0x0000000020000ba8                Led1
                0x0000000020000bb4                Led4
 COMMON         0x0000000020000bc0       0x1c _build/rtc-board.o
                0x0000000020000bc0                RtcCalendarContext
 COMMON         0x0000000020000bdc       0x54 _build/adc-board.o
                0x0000000020000bdc                AdcHandle
                0x0000000020000c30                . = ALIGN (0x4)
                0x0000000020000c30                _ebss = .
                0x0000000020000c30                __bss_end__ = _ebss

._user_heap_stack
                0x0000000020000c30      0x600 load address 0x0000000008004088
                0x0000000020000c30                . = ALIGN (0x8)
                [!provide]                        PROVIDE (end, .)
                [!provide]                        PROVIDE (_end, .)
                0x0000000020000e30                . = (. + _Min_Heap_Size)
 *fill*         0x0000000020000c30      0x200 
                0x0000000020001230                . = (. + _Min_Stack_Size)
 *fill*         0x0000000020000e30      0x400 
                0x0000000020001230                . = ALIGN (0x8)

/DISCARD/
 libc.a(*)
 libm.a(*)
 libgcc.a(*)

.ARM.attributes
                0x0000000000000000       0x29
 *(.ARM.attributes)
 .ARM.attributes
                0x0000000000000000       0x1d /usr/lib/gcc/arm-none-eabi/6.3.1/thumb/v7-m/crti.o
 .ARM.attributes
                0x000000000000001d       0x2d /usr/lib/gcc/arm-none-eabi/6.3.1/thumb/v7-m/crtbegin.o
 .ARM.attributes
                0x000000000000004a       0x33 _build/main.o
 .ARM.attributes
                0x000000000000007d       0x33 _build/system_stm32l1xx.o
 .ARM.attributes
                0x00000000000000b0       0x33 _build/sx1276.o
 .ARM.attributes
                0x00000000000000e3       0x33 _build/stm32l1xx_hal_rtc_ex.o
 .ARM.attributes
                0x0000000000000116       0x33 _build/stm32l1xx_hal_msp_template.o
 .ARM.attributes
                0x0000000000000149       0x33 _build/stm32l1xx_hal_spi.o
 .ARM.attributes
                0x000000000000017c       0x33 _build/stm32l1xx_hal_rcc_ex.o
 .ARM.attributes
                0x00000000000001af       0x33 _build/stm32l1xx_hal.o
 .ARM.attributes
                0x00000000000001e2       0x33 _build/stm32l1xx_hal_i2c.o
 .ARM.attributes
                0x0000000000000215       0x33 _build/stm32l1xx_hal_uart.o
 .ARM.attributes
                0x0000000000000248       0x33 _build/stm32l1xx_hal_adc.o
 .ARM.attributes
                0x000000000000027b       0x33 _build/stm32l1xx_hal_gpio.o
 .ARM.attributes
                0x00000000000002ae       0x33 _build/stm32l1xx_hal_cortex.o
 .ARM.attributes
                0x00000000000002e1       0x33 _build/stm32l1xx_hal_dma.o
 .ARM.attributes
                0x0000000000000314       0x33 _build/stm32l1xx_hal_rtc.o
 .ARM.attributes
                0x0000000000000347       0x33 _build/stm32l1xx_hal_rcc.o
 .ARM.attributes
                0x000000000000037a       0x33 _build/sx1276-board.o
 .ARM.attributes
                0x00000000000003ad       0x33 _build/spi-board.o
 .ARM.attributes
                0x00000000000003e0       0x33 _build/gpio-board.o
 .ARM.attributes
                0x0000000000000413       0x33 _build/delay-board.o
 .ARM.attributes
                0x0000000000000446       0x33 _build/board.o
 .ARM.attributes
                0x0000000000000479       0x33 _build/rtc-board.o
 .ARM.attributes
                0x00000000000004ac       0x33 _build/i2c-board.o
 .ARM.attributes
                0x00000000000004df       0x33 _build/adc-board.o
 .ARM.attributes
                0x0000000000000512       0x33 _build/uart-board.o
 .ARM.attributes
                0x0000000000000545       0x33 _build/uart.o
 .ARM.attributes
                0x0000000000000578       0x33 _build/i2c.o
 .ARM.attributes
                0x00000000000005ab       0x33 _build/delay.o
 .ARM.attributes
                0x00000000000005de       0x33 _build/gpio.o
 .ARM.attributes
                0x0000000000000611       0x33 _build/fifo.o
 .ARM.attributes
                0x0000000000000644       0x33 _build/timer.o
 .ARM.attributes
                0x0000000000000677       0x33 _build/adc.o
 .ARM.attributes
                0x00000000000006aa       0x21 _build/startup_stm32l151xba.o
 .ARM.attributes
                0x00000000000006cb       0x2d /usr/lib/gcc/arm-none-eabi/6.3.1/../../../arm-none-eabi/lib/thumb/v7-m/libc_nano.a(lib_a-init.o)
 .ARM.attributes
                0x00000000000006f8       0x2d /usr/lib/gcc/arm-none-eabi/6.3.1/../../../arm-none-eabi/lib/thumb/v7-m/libm.a(lib_a-s_ceil.o)
 .ARM.attributes
                0x0000000000000725       0x2d /usr/lib/gcc/arm-none-eabi/6.3.1/../../../arm-none-eabi/lib/thumb/v7-m/libm.a(lib_a-s_round.o)
 .ARM.attributes
                0x0000000000000752       0x1d /usr/lib/gcc/arm-none-eabi/6.3.1/thumb/v7-m/libgcc.a(_arm_addsubdf3.o)
 .ARM.attributes
                0x000000000000076f       0x1d /usr/lib/gcc/arm-none-eabi/6.3.1/thumb/v7-m/libgcc.a(_arm_muldivdf3.o)
 .ARM.attributes
                0x000000000000078c       0x1d /usr/lib/gcc/arm-none-eabi/6.3.1/thumb/v7-m/libgcc.a(_arm_cmpdf2.o)
 .ARM.attributes
                0x00000000000007a9       0x1d /usr/lib/gcc/arm-none-eabi/6.3.1/thumb/v7-m/libgcc.a(_arm_fixdfsi.o)
 .ARM.attributes
                0x00000000000007c6       0x1d /usr/lib/gcc/arm-none-eabi/6.3.1/thumb/v7-m/libgcc.a(_arm_fixunsdfsi.o)
 .ARM.attributes
                0x00000000000007e3       0x2d /usr/lib/gcc/arm-none-eabi/6.3.1/thumb/v7-m/crtend.o
 .ARM.attributes
                0x0000000000000810       0x1d /usr/lib/gcc/arm-none-eabi/6.3.1/thumb/v7-m/crtn.o
OUTPUT(_build/STM32L151.elf elf32-littlearm)

.comment        0x0000000000000000       0x88
 .comment       0x0000000000000000       0x31 /usr/lib/gcc/arm-none-eabi/6.3.1/thumb/v7-m/crtbegin.o
                                         0x32 (size before relaxing)
 .comment       0x0000000000000031       0x32 _build/main.o
 .comment       0x0000000000000031       0x32 _build/system_stm32l1xx.o
 .comment       0x0000000000000031       0x32 _build/sx1276.o
 .comment       0x0000000000000031       0x32 _build/stm32l1xx_hal_rtc_ex.o
 .comment       0x0000000000000031       0x32 _build/stm32l1xx_hal_msp_template.o
 .comment       0x0000000000000031       0x32 _build/stm32l1xx_hal_spi.o
 .comment       0x0000000000000031       0x32 _build/stm32l1xx_hal_rcc_ex.o
 .comment       0x0000000000000031       0x32 _build/stm32l1xx_hal.o
 .comment       0x0000000000000031       0x32 _build/stm32l1xx_hal_i2c.o
 .comment       0x0000000000000031       0x32 _build/stm32l1xx_hal_uart.o
 .comment       0x0000000000000031       0x32 _build/stm32l1xx_hal_adc.o
 .comment       0x0000000000000031       0x32 _build/stm32l1xx_hal_gpio.o
 .comment       0x0000000000000031       0x32 _build/stm32l1xx_hal_cortex.o
 .comment       0x0000000000000031       0x32 _build/stm32l1xx_hal_dma.o
 .comment       0x0000000000000031       0x32 _build/stm32l1xx_hal_rtc.o
 .comment       0x0000000000000031       0x32 _build/stm32l1xx_hal_rcc.o
 .comment       0x0000000000000031       0x32 _build/sx1276-board.o
 .comment       0x0000000000000031       0x32 _build/spi-board.o
 .comment       0x0000000000000031       0x32 _build/gpio-board.o
 .comment       0x0000000000000031       0x32 _build/delay-board.o
 .comment       0x0000000000000031       0x32 _build/board.o
 .comment       0x0000000000000031       0x32 _build/rtc-board.o
 .comment       0x0000000000000031       0x32 _build/i2c-board.o
 .comment       0x0000000000000031       0x32 _build/adc-board.o
 .comment       0x0000000000000031       0x32 _build/uart-board.o
 .comment       0x0000000000000031       0x32 _build/uart.o
 .comment       0x0000000000000031       0x32 _build/i2c.o
 .comment       0x0000000000000031       0x32 _build/delay.o
 .comment       0x0000000000000031       0x32 _build/gpio.o
 .comment       0x0000000000000031       0x32 _build/fifo.o
 .comment       0x0000000000000031       0x32 _build/timer.o
 .comment       0x0000000000000031       0x32 _build/adc.o
 .comment       0x0000000000000031       0x57 /usr/lib/gcc/arm-none-eabi/6.3.1/../../../arm-none-eabi/lib/thumb/v7-m/libc_nano.a(lib_a-init.o)
                                         0x58 (size before relaxing)
 .comment       0x0000000000000088       0x58 /usr/lib/gcc/arm-none-eabi/6.3.1/../../../arm-none-eabi/lib/thumb/v7-m/libm.a(lib_a-s_ceil.o)
 .comment       0x0000000000000088       0x58 /usr/lib/gcc/arm-none-eabi/6.3.1/../../../arm-none-eabi/lib/thumb/v7-m/libm.a(lib_a-s_round.o)
 .comment       0x0000000000000088       0x32 /usr/lib/gcc/arm-none-eabi/6.3.1/thumb/v7-m/crtend.o

.debug_info     0x0000000000000000    0x227bb
 .debug_info    0x0000000000000000     0x143d _build/main.o
 .debug_info    0x000000000000143d      0x4de _build/system_stm32l1xx.o
 .debug_info    0x000000000000191b     0x3db4 _build/sx1276.o
 .debug_info    0x00000000000056cf     0x12b8 _build/stm32l1xx_hal_rtc_ex.o
 .debug_info    0x0000000000006987      0x1ce _build/stm32l1xx_hal_msp_template.o
 .debug_info    0x0000000000006b55     0x1c8d _build/stm32l1xx_hal_spi.o
 .debug_info    0x00000000000087e2      0x557 _build/stm32l1xx_hal_rcc_ex.o
 .debug_info    0x0000000000008d39      0x836 _build/stm32l1xx_hal.o
 .debug_info    0x000000000000956f     0x343b _build/stm32l1xx_hal_i2c.o
 .debug_info    0x000000000000c9aa     0x1820 _build/stm32l1xx_hal_uart.o
 .debug_info    0x000000000000e1ca     0x11d1 _build/stm32l1xx_hal_adc.o
 .debug_info    0x000000000000f39b      0x71d _build/stm32l1xx_hal_gpio.o
 .debug_info    0x000000000000fab8      0xf94 _build/stm32l1xx_hal_cortex.o
 .debug_info    0x0000000000010a4c      0x8a8 _build/stm32l1xx_hal_dma.o
 .debug_info    0x00000000000112f4      0xf9e _build/stm32l1xx_hal_rtc.o
 .debug_info    0x0000000000012292      0xbcd _build/stm32l1xx_hal_rcc.o
 .debug_info    0x0000000000012e5f     0x1f45 _build/sx1276-board.o
 .debug_info    0x0000000000014da4     0x1115 _build/spi-board.o
 .debug_info    0x0000000000015eb9      0xf73 _build/gpio-board.o
 .debug_info    0x0000000000016e2c      0x1c2 _build/delay-board.o
 .debug_info    0x0000000000016fee     0x22e1 _build/board.o
 .debug_info    0x00000000000192cf     0x1d30 _build/rtc-board.o
 .debug_info    0x000000000001afff     0x11e8 _build/i2c-board.o
 .debug_info    0x000000000001c1e7      0xe14 _build/adc-board.o
 .debug_info    0x000000000001cffb     0x14ea _build/uart-board.o
 .debug_info    0x000000000001e4e5      0x99f _build/uart.o
 .debug_info    0x000000000001ee84      0x8cb _build/i2c.o
 .debug_info    0x000000000001f74f      0x105 _build/delay.o
 .debug_info    0x000000000001f854      0x768 _build/gpio.o
 .debug_info    0x000000000001ffbc      0x29d _build/fifo.o
 .debug_info    0x0000000000020259      0x6dd _build/timer.o
 .debug_info    0x0000000000020936      0x55e _build/adc.o
 .debug_info    0x0000000000020e94       0x86 _build/startup_stm32l151xba.o
 .debug_info    0x0000000000020f1a      0x109 /usr/lib/gcc/arm-none-eabi/6.3.1/../../../arm-none-eabi/lib/thumb/v7-m/libc_nano.a(lib_a-init.o)
 .debug_info    0x0000000000021023      0x9e9 /usr/lib/gcc/arm-none-eabi/6.3.1/../../../arm-none-eabi/lib/thumb/v7-m/libm.a(lib_a-s_ceil.o)
 .debug_info    0x0000000000021a0c      0x9ef /usr/lib/gcc/arm-none-eabi/6.3.1/../../../arm-none-eabi/lib/thumb/v7-m/libm.a(lib_a-s_round.o)
 .debug_info    0x00000000000223fb       0xc0 /usr/lib/gcc/arm-none-eabi/6.3.1/thumb/v7-m/libgcc.a(_arm_addsubdf3.o)
 .debug_info    0x00000000000224bb       0xc0 /usr/lib/gcc/arm-none-eabi/6.3.1/thumb/v7-m/libgcc.a(_arm_muldivdf3.o)
 .debug_info    0x000000000002257b       0xc0 /usr/lib/gcc/arm-none-eabi/6.3.1/thumb/v7-m/libgcc.a(_arm_cmpdf2.o)
 .debug_info    0x000000000002263b       0xc0 /usr/lib/gcc/arm-none-eabi/6.3.1/thumb/v7-m/libgcc.a(_arm_fixdfsi.o)
 .debug_info    0x00000000000226fb       0xc0 /usr/lib/gcc/arm-none-eabi/6.3.1/thumb/v7-m/libgcc.a(_arm_fixunsdfsi.o)

.debug_abbrev   0x0000000000000000     0x4a89
 .debug_abbrev  0x0000000000000000      0x218 _build/main.o
 .debug_abbrev  0x0000000000000218      0x110 _build/system_stm32l1xx.o
 .debug_abbrev  0x0000000000000328      0x3fc _build/sx1276.o
 .debug_abbrev  0x0000000000000724      0x247 _build/stm32l1xx_hal_rtc_ex.o
 .debug_abbrev  0x000000000000096b       0x93 _build/stm32l1xx_hal_msp_template.o
 .debug_abbrev  0x00000000000009fe      0x284 _build/stm32l1xx_hal_spi.o
 .debug_abbrev  0x0000000000000c82      0x206 _build/stm32l1xx_hal_rcc_ex.o
 .debug_abbrev  0x0000000000000e88      0x225 _build/stm32l1xx_hal.o
 .debug_abbrev  0x00000000000010ad      0x2e8 _build/stm32l1xx_hal_i2c.o
 .debug_abbrev  0x0000000000001395      0x2ba _build/stm32l1xx_hal_uart.o
 .debug_abbrev  0x000000000000164f      0x2b8 _build/stm32l1xx_hal_adc.o
 .debug_abbrev  0x0000000000001907      0x21a _build/stm32l1xx_hal_gpio.o
 .debug_abbrev  0x0000000000001b21      0x33b _build/stm32l1xx_hal_cortex.o
 .debug_abbrev  0x0000000000001e5c      0x231 _build/stm32l1xx_hal_dma.o
 .debug_abbrev  0x000000000000208d      0x21c _build/stm32l1xx_hal_rtc.o
 .debug_abbrev  0x00000000000022a9      0x287 _build/stm32l1xx_hal_rcc.o
 .debug_abbrev  0x0000000000002530      0x2e1 _build/sx1276-board.o
 .debug_abbrev  0x0000000000002811      0x230 _build/spi-board.o
 .debug_abbrev  0x0000000000002a41      0x260 _build/gpio-board.o
 .debug_abbrev  0x0000000000002ca1       0xcd _build/delay-board.o
 .debug_abbrev  0x0000000000002d6e      0x398 _build/board.o
 .debug_abbrev  0x0000000000003106      0x40c _build/rtc-board.o
 .debug_abbrev  0x0000000000003512      0x22b _build/i2c-board.o
 .debug_abbrev  0x000000000000373d      0x20d _build/adc-board.o
 .debug_abbrev  0x000000000000394a      0x28d _build/uart-board.o
 .debug_abbrev  0x0000000000003bd7      0x140 _build/uart.o
 .debug_abbrev  0x0000000000003d17      0x12e _build/i2c.o
 .debug_abbrev  0x0000000000003e45       0xb0 _build/delay.o
 .debug_abbrev  0x0000000000003ef5      0x128 _build/gpio.o
 .debug_abbrev  0x000000000000401d      0x137 _build/fifo.o
 .debug_abbrev  0x0000000000004154      0x267 _build/timer.o
 .debug_abbrev  0x00000000000043bb      0x13e _build/adc.o
 .debug_abbrev  0x00000000000044f9       0x12 _build/startup_stm32l151xba.o
 .debug_abbrev  0x000000000000450b       0xba /usr/lib/gcc/arm-none-eabi/6.3.1/../../../arm-none-eabi/lib/thumb/v7-m/libc_nano.a(lib_a-init.o)
 .debug_abbrev  0x00000000000045c5      0x229 /usr/lib/gcc/arm-none-eabi/6.3.1/../../../arm-none-eabi/lib/thumb/v7-m/libm.a(lib_a-s_ceil.o)
 .debug_abbrev  0x00000000000047ee      0x237 /usr/lib/gcc/arm-none-eabi/6.3.1/../../../arm-none-eabi/lib/thumb/v7-m/libm.a(lib_a-s_round.o)
 .debug_abbrev  0x0000000000004a25       0x14 /usr/lib/gcc/arm-none-eabi/6.3.1/thumb/v7-m/libgcc.a(_arm_addsubdf3.o)
 .debug_abbrev  0x0000000000004a39       0x14 /usr/lib/gcc/arm-none-eabi/6.3.1/thumb/v7-m/libgcc.a(_arm_muldivdf3.o)
 .debug_abbrev  0x0000000000004a4d       0x14 /usr/lib/gcc/arm-none-eabi/6.3.1/thumb/v7-m/libgcc.a(_arm_cmpdf2.o)
 .debug_abbrev  0x0000000000004a61       0x14 /usr/lib/gcc/arm-none-eabi/6.3.1/thumb/v7-m/libgcc.a(_arm_fixdfsi.o)
 .debug_abbrev  0x0000000000004a75       0x14 /usr/lib/gcc/arm-none-eabi/6.3.1/thumb/v7-m/libgcc.a(_arm_fixunsdfsi.o)

.debug_loc      0x0000000000000000    0x1207f
 .debug_loc     0x0000000000000000       0x20 _build/main.o
 .debug_loc     0x0000000000000020      0x18f _build/system_stm32l1xx.o
 .debug_loc     0x00000000000001af     0x146f _build/sx1276.o
 .debug_loc     0x000000000000161e      0xe7f _build/stm32l1xx_hal_rtc_ex.o
 .debug_loc     0x000000000000249d     0x21ae _build/stm32l1xx_hal_spi.o
 .debug_loc     0x000000000000464b      0x315 _build/stm32l1xx_hal_rcc_ex.o
 .debug_loc     0x0000000000004960      0x21c _build/stm32l1xx_hal.o
 .debug_loc     0x0000000000004b7c     0x4254 _build/stm32l1xx_hal_i2c.o
 .debug_loc     0x0000000000008dd0     0x1a59 _build/stm32l1xx_hal_uart.o
 .debug_loc     0x000000000000a829      0xb36 _build/stm32l1xx_hal_adc.o
 .debug_loc     0x000000000000b35f      0x408 _build/stm32l1xx_hal_gpio.o
 .debug_loc     0x000000000000b767      0x6a6 _build/stm32l1xx_hal_cortex.o
 .debug_loc     0x000000000000be0d      0x82a _build/stm32l1xx_hal_dma.o
 .debug_loc     0x000000000000c637      0xbb6 _build/stm32l1xx_hal_rtc.o
 .debug_loc     0x000000000000d1ed      0x6de _build/stm32l1xx_hal_rcc.o
 .debug_loc     0x000000000000d8cb      0x3f2 _build/sx1276-board.o
 .debug_loc     0x000000000000dcbd      0x386 _build/spi-board.o
 .debug_loc     0x000000000000e043      0x78c _build/gpio-board.o
 .debug_loc     0x000000000000e7cf       0x41 _build/delay-board.o
 .debug_loc     0x000000000000e810      0x28e _build/board.o
 .debug_loc     0x000000000000ea9e      0xb45 _build/rtc-board.o
 .debug_loc     0x000000000000f5e3      0x60e _build/i2c-board.o
 .debug_loc     0x000000000000fbf1      0x156 _build/adc-board.o
 .debug_loc     0x000000000000fd47      0x6bb _build/uart-board.o
 .debug_loc     0x0000000000010402      0x3f0 _build/uart.o
 .debug_loc     0x00000000000107f2      0x68f _build/i2c.o
 .debug_loc     0x0000000000010e81       0x84 _build/delay.o
 .debug_loc     0x0000000000010f05      0x285 _build/gpio.o
 .debug_loc     0x000000000001118a      0x13e _build/fifo.o
 .debug_loc     0x00000000000112c8      0x74f _build/timer.o
 .debug_loc     0x0000000000011a17      0x10f _build/adc.o
 .debug_loc     0x0000000000011b26       0xa2 /usr/lib/gcc/arm-none-eabi/6.3.1/../../../arm-none-eabi/lib/thumb/v7-m/libc_nano.a(lib_a-init.o)
 .debug_loc     0x0000000000011bc8      0x2c8 /usr/lib/gcc/arm-none-eabi/6.3.1/../../../arm-none-eabi/lib/thumb/v7-m/libm.a(lib_a-s_ceil.o)
 .debug_loc     0x0000000000011e90      0x1ef /usr/lib/gcc/arm-none-eabi/6.3.1/../../../arm-none-eabi/lib/thumb/v7-m/libm.a(lib_a-s_round.o)

.debug_aranges  0x0000000000000000     0x1508
 .debug_aranges
                0x0000000000000000       0x20 _build/main.o
 .debug_aranges
                0x0000000000000020       0x28 _build/system_stm32l1xx.o
 .debug_aranges
                0x0000000000000048      0x138 _build/sx1276.o
 .debug_aranges
                0x0000000000000180      0x140 _build/stm32l1xx_hal_rtc_ex.o
 .debug_aranges
                0x00000000000002c0       0x38 _build/stm32l1xx_hal_msp_template.o
 .debug_aranges
                0x00000000000002f8      0x1d0 _build/stm32l1xx_hal_spi.o
 .debug_aranges
                0x00000000000004c8       0x58 _build/stm32l1xx_hal_rcc_ex.o
 .debug_aranges
                0x0000000000000520       0xe0 _build/stm32l1xx_hal.o
 .debug_aranges
                0x0000000000000600      0x290 _build/stm32l1xx_hal_i2c.o
 .debug_aranges
                0x0000000000000890      0x1d0 _build/stm32l1xx_hal_uart.o
 .debug_aranges
                0x0000000000000a60       0xf0 _build/stm32l1xx_hal_adc.o
 .debug_aranges
                0x0000000000000b50       0x58 _build/stm32l1xx_hal_gpio.o
 .debug_aranges
                0x0000000000000ba8       0xa8 _build/stm32l1xx_hal_cortex.o
 .debug_aranges
                0x0000000000000c50       0x80 _build/stm32l1xx_hal_dma.o
 .debug_aranges
                0x0000000000000cd0       0xb8 _build/stm32l1xx_hal_rtc.o
 .debug_aranges
                0x0000000000000d88       0x90 _build/stm32l1xx_hal_rcc.o
 .debug_aranges
                0x0000000000000e18       0x78 _build/sx1276-board.o
 .debug_aranges
                0x0000000000000e90       0x40 _build/spi-board.o
 .debug_aranges
                0x0000000000000ed0       0x88 _build/gpio-board.o
 .debug_aranges
                0x0000000000000f58       0x20 _build/delay-board.o
 .debug_aranges
                0x0000000000000f78       0x98 _build/board.o
 .debug_aranges
                0x0000000000001010       0xb0 _build/rtc-board.o
 .debug_aranges
                0x00000000000010c0       0x58 _build/i2c-board.o
 .debug_aranges
                0x0000000000001118       0x30 _build/adc-board.o
 .debug_aranges
                0x0000000000001148       0x70 _build/uart-board.o
 .debug_aranges
                0x00000000000011b8       0x50 _build/uart.o
 .debug_aranges
                0x0000000000001208       0x50 _build/i2c.o
 .debug_aranges
                0x0000000000001258       0x28 _build/delay.o
 .debug_aranges
                0x0000000000001280       0x48 _build/gpio.o
 .debug_aranges
                0x00000000000012c8       0x50 _build/fifo.o
 .debug_aranges
                0x0000000000001318       0x98 _build/timer.o
 .debug_aranges
                0x00000000000013b0       0x30 _build/adc.o
 .debug_aranges
                0x00000000000013e0       0x28 _build/startup_stm32l151xba.o
 .debug_aranges
                0x0000000000001408       0x20 /usr/lib/gcc/arm-none-eabi/6.3.1/../../../arm-none-eabi/lib/thumb/v7-m/libc_nano.a(lib_a-init.o)
 .debug_aranges
                0x0000000000001428       0x20 /usr/lib/gcc/arm-none-eabi/6.3.1/../../../arm-none-eabi/lib/thumb/v7-m/libm.a(lib_a-s_ceil.o)
 .debug_aranges
                0x0000000000001448       0x20 /usr/lib/gcc/arm-none-eabi/6.3.1/../../../arm-none-eabi/lib/thumb/v7-m/libm.a(lib_a-s_round.o)
 .debug_aranges
                0x0000000000001468       0x20 /usr/lib/gcc/arm-none-eabi/6.3.1/thumb/v7-m/libgcc.a(_arm_addsubdf3.o)
 .debug_aranges
                0x0000000000001488       0x20 /usr/lib/gcc/arm-none-eabi/6.3.1/thumb/v7-m/libgcc.a(_arm_muldivdf3.o)
 .debug_aranges
                0x00000000000014a8       0x20 /usr/lib/gcc/arm-none-eabi/6.3.1/thumb/v7-m/libgcc.a(_arm_cmpdf2.o)
 .debug_aranges
                0x00000000000014c8       0x20 /usr/lib/gcc/arm-none-eabi/6.3.1/thumb/v7-m/libgcc.a(_arm_fixdfsi.o)
 .debug_aranges
                0x00000000000014e8       0x20 /usr/lib/gcc/arm-none-eabi/6.3.1/thumb/v7-m/libgcc.a(_arm_fixunsdfsi.o)

.debug_ranges   0x0000000000000000     0x1360
 .debug_ranges  0x0000000000000000       0x10 _build/main.o
 .debug_ranges  0x0000000000000010       0x18 _build/system_stm32l1xx.o
 .debug_ranges  0x0000000000000028      0x158 _build/sx1276.o
 .debug_ranges  0x0000000000000180      0x130 _build/stm32l1xx_hal_rtc_ex.o
 .debug_ranges  0x00000000000002b0       0x28 _build/stm32l1xx_hal_msp_template.o
 .debug_ranges  0x00000000000002d8      0x1c0 _build/stm32l1xx_hal_spi.o
 .debug_ranges  0x0000000000000498       0x60 _build/stm32l1xx_hal_rcc_ex.o
 .debug_ranges  0x00000000000004f8       0xd0 _build/stm32l1xx_hal.o
 .debug_ranges  0x00000000000005c8      0x298 _build/stm32l1xx_hal_i2c.o
 .debug_ranges  0x0000000000000860      0x1c0 _build/stm32l1xx_hal_uart.o
 .debug_ranges  0x0000000000000a20       0xe0 _build/stm32l1xx_hal_adc.o
 .debug_ranges  0x0000000000000b00       0x48 _build/stm32l1xx_hal_gpio.o
 .debug_ranges  0x0000000000000b48       0xf8 _build/stm32l1xx_hal_cortex.o
 .debug_ranges  0x0000000000000c40       0x70 _build/stm32l1xx_hal_dma.o
 .debug_ranges  0x0000000000000cb0       0xa8 _build/stm32l1xx_hal_rtc.o
 .debug_ranges  0x0000000000000d58       0x98 _build/stm32l1xx_hal_rcc.o
 .debug_ranges  0x0000000000000df0       0x68 _build/sx1276-board.o
 .debug_ranges  0x0000000000000e58       0x30 _build/spi-board.o
 .debug_ranges  0x0000000000000e88       0xa8 _build/gpio-board.o
 .debug_ranges  0x0000000000000f30       0x10 _build/delay-board.o
 .debug_ranges  0x0000000000000f40       0x88 _build/board.o
 .debug_ranges  0x0000000000000fc8       0xc0 _build/rtc-board.o
 .debug_ranges  0x0000000000001088       0x48 _build/i2c-board.o
 .debug_ranges  0x00000000000010d0       0x20 _build/adc-board.o
 .debug_ranges  0x00000000000010f0       0x78 _build/uart-board.o
 .debug_ranges  0x0000000000001168       0x40 _build/uart.o
 .debug_ranges  0x00000000000011a8       0x40 _build/i2c.o
 .debug_ranges  0x00000000000011e8       0x18 _build/delay.o
 .debug_ranges  0x0000000000001200       0x38 _build/gpio.o
 .debug_ranges  0x0000000000001238       0x40 _build/fifo.o
 .debug_ranges  0x0000000000001278       0x88 _build/timer.o
 .debug_ranges  0x0000000000001300       0x20 _build/adc.o
 .debug_ranges  0x0000000000001320       0x20 _build/startup_stm32l151xba.o
 .debug_ranges  0x0000000000001340       0x20 /usr/lib/gcc/arm-none-eabi/6.3.1/../../../arm-none-eabi/lib/thumb/v7-m/libm.a(lib_a-s_round.o)

.debug_line     0x0000000000000000     0x98b6
 .debug_line    0x0000000000000000      0x1c7 _build/main.o
 .debug_line    0x00000000000001c7      0x1c2 _build/system_stm32l1xx.o
 .debug_line    0x0000000000000389      0x894 _build/sx1276.o
 .debug_line    0x0000000000000c1d      0x8e4 _build/stm32l1xx_hal_rtc_ex.o
 .debug_line    0x0000000000001501      0x1b5 _build/stm32l1xx_hal_msp_template.o
 .debug_line    0x00000000000016b6      0xbf9 _build/stm32l1xx_hal_spi.o
 .debug_line    0x00000000000022af      0x2cf _build/stm32l1xx_hal_rcc_ex.o
 .debug_line    0x000000000000257e      0x390 _build/stm32l1xx_hal.o
 .debug_line    0x000000000000290e     0x174b _build/stm32l1xx_hal_i2c.o
 .debug_line    0x0000000000004059      0xb0f _build/stm32l1xx_hal_uart.o
 .debug_line    0x0000000000004b68      0x697 _build/stm32l1xx_hal_adc.o
 .debug_line    0x00000000000051ff      0x31e _build/stm32l1xx_hal_gpio.o
 .debug_line    0x000000000000551d      0x3e1 _build/stm32l1xx_hal_cortex.o
 .debug_line    0x00000000000058fe      0x3e6 _build/stm32l1xx_hal_dma.o
 .debug_line    0x0000000000005ce4      0x5a4 _build/stm32l1xx_hal_rtc.o
 .debug_line    0x0000000000006288      0x534 _build/stm32l1xx_hal_rcc.o
 .debug_line    0x00000000000067bc      0x307 _build/sx1276-board.o
 .debug_line    0x0000000000006ac3      0x2af _build/spi-board.o
 .debug_line    0x0000000000006d72      0x38a _build/gpio-board.o
 .debug_line    0x00000000000070fc      0x173 _build/delay-board.o
 .debug_line    0x000000000000726f      0x4aa _build/board.o
 .debug_line    0x0000000000007719      0x56c _build/rtc-board.o
 .debug_line    0x0000000000007c85      0x2b8 _build/i2c-board.o
 .debug_line    0x0000000000007f3d      0x244 _build/adc-board.o
 .debug_line    0x0000000000008181      0x375 _build/uart-board.o
 .debug_line    0x00000000000084f6      0x14b _build/uart.o
 .debug_line    0x0000000000008641      0x164 _build/i2c.o
 .debug_line    0x00000000000087a5       0xd6 _build/delay.o
 .debug_line    0x000000000000887b      0x120 _build/gpio.o
 .debug_line    0x000000000000899b      0x113 _build/fifo.o
 .debug_line    0x0000000000008aae      0x2a1 _build/timer.o
 .debug_line    0x0000000000008d4f       0xfe _build/adc.o
 .debug_line    0x0000000000008e4d       0xa0 _build/startup_stm32l151xba.o
 .debug_line    0x0000000000008eed       0xba /usr/lib/gcc/arm-none-eabi/6.3.1/../../../arm-none-eabi/lib/thumb/v7-m/libc_nano.a(lib_a-init.o)
 .debug_line    0x0000000000008fa7      0x248 /usr/lib/gcc/arm-none-eabi/6.3.1/../../../arm-none-eabi/lib/thumb/v7-m/libm.a(lib_a-s_ceil.o)
 .debug_line    0x00000000000091ef      0x1f7 /usr/lib/gcc/arm-none-eabi/6.3.1/../../../arm-none-eabi/lib/thumb/v7-m/libm.a(lib_a-s_round.o)
 .debug_line    0x00000000000093e6      0x183 /usr/lib/gcc/arm-none-eabi/6.3.1/thumb/v7-m/libgcc.a(_arm_addsubdf3.o)
 .debug_line    0x0000000000009569      0x19f /usr/lib/gcc/arm-none-eabi/6.3.1/thumb/v7-m/libgcc.a(_arm_muldivdf3.o)
 .debug_line    0x0000000000009708       0xbe /usr/lib/gcc/arm-none-eabi/6.3.1/thumb/v7-m/libgcc.a(_arm_cmpdf2.o)
 .debug_line    0x00000000000097c6       0x7a /usr/lib/gcc/arm-none-eabi/6.3.1/thumb/v7-m/libgcc.a(_arm_fixdfsi.o)
 .debug_line    0x0000000000009840       0x76 /usr/lib/gcc/arm-none-eabi/6.3.1/thumb/v7-m/libgcc.a(_arm_fixunsdfsi.o)

.debug_str      0x0000000000000000     0x6641
 .debug_str     0x0000000000000000      0x9eb _build/main.o
                                        0xb5d (size before relaxing)
 .debug_str     0x00000000000009eb      0x1b1 _build/system_stm32l1xx.o
                                        0x2fc (size before relaxing)
 .debug_str     0x0000000000000b9c      0x810 _build/sx1276.o
                                       0x130b (size before relaxing)
 .debug_str     0x00000000000013ac      0x8b8 _build/stm32l1xx_hal_rtc_ex.o
                                        0xacf (size before relaxing)
 .debug_str     0x0000000000001c64       0x85 _build/stm32l1xx_hal_msp_template.o
                                        0x23c (size before relaxing)
 .debug_str     0x0000000000001ce9      0x8a1 _build/stm32l1xx_hal_spi.o
                                        0xb5c (size before relaxing)
 .debug_str     0x000000000000258a      0x1af _build/stm32l1xx_hal_rcc_ex.o
                                        0x44e (size before relaxing)
 .debug_str     0x0000000000002739      0x51e _build/stm32l1xx_hal.o
                                        0x7b9 (size before relaxing)
 .debug_str     0x0000000000002c57      0xad4 _build/stm32l1xx_hal_i2c.o
                                        0xf88 (size before relaxing)
 .debug_str     0x000000000000372b      0x6b0 _build/stm32l1xx_hal_uart.o
                                        0xbb9 (size before relaxing)
 .debug_str     0x0000000000003ddb      0x500 _build/stm32l1xx_hal_adc.o
                                        0x9d2 (size before relaxing)
 .debug_str     0x00000000000042db      0x1a0 _build/stm32l1xx_hal_gpio.o
                                        0x450 (size before relaxing)
 .debug_str     0x000000000000447b      0x47d _build/stm32l1xx_hal_cortex.o
                                        0xa0a (size before relaxing)
 .debug_str     0x00000000000048f8      0x20d _build/stm32l1xx_hal_dma.o
                                        0x654 (size before relaxing)
 .debug_str     0x0000000000004b05      0x20a _build/stm32l1xx_hal_rtc.o
                                        0x756 (size before relaxing)
 .debug_str     0x0000000000004d0f      0x33e _build/stm32l1xx_hal_rcc.o
                                        0x6af (size before relaxing)
 .debug_str     0x000000000000504d      0x212 _build/sx1276-board.o
                                        0xf80 (size before relaxing)
 .debug_str     0x000000000000525f       0xd9 _build/spi-board.o
                                        0xa9b (size before relaxing)
 .debug_str     0x0000000000005338      0x1b3 _build/gpio-board.o
                                        0xc05 (size before relaxing)
 .debug_str     0x00000000000054eb       0x40 _build/delay-board.o
                                        0x201 (size before relaxing)
 .debug_str     0x000000000000552b      0x355 _build/board.o
                                       0x14ea (size before relaxing)
 .debug_str     0x0000000000005880      0x4a9 _build/rtc-board.o
                                       0x1296 (size before relaxing)
 .debug_str     0x0000000000005d29      0x1dd _build/i2c-board.o
                                        0xcbe (size before relaxing)
 .debug_str     0x0000000000005f06       0x80 _build/adc-board.o
                                        0xa9c (size before relaxing)
 .debug_str     0x0000000000005f86      0x179 _build/uart-board.o
                                       0x1022 (size before relaxing)
 .debug_str     0x00000000000060ff       0x41 _build/uart.o
                                        0x73c (size before relaxing)
 .debug_str     0x0000000000006140       0x6c _build/i2c.o
                                        0x5d7 (size before relaxing)
 .debug_str     0x00000000000061ac       0x1b _build/delay.o
                                        0x156 (size before relaxing)
 .debug_str     0x00000000000061c7       0x42 _build/gpio.o
                                        0x675 (size before relaxing)
 .debug_str     0x0000000000006209       0x32 _build/fifo.o
                                        0x1cc (size before relaxing)
 .debug_str     0x000000000000623b      0x13e _build/timer.o
                                        0x44b (size before relaxing)
 .debug_str     0x0000000000006379       0x28 _build/adc.o
                                        0x4e5 (size before relaxing)
 .debug_str     0x00000000000063a1      0x17e /usr/lib/gcc/arm-none-eabi/6.3.1/../../../arm-none-eabi/lib/thumb/v7-m/libc_nano.a(lib_a-init.o)
                                        0x220 (size before relaxing)
 .debug_str     0x000000000000651f       0xc7 /usr/lib/gcc/arm-none-eabi/6.3.1/../../../arm-none-eabi/lib/thumb/v7-m/libm.a(lib_a-s_ceil.o)
                                        0x64e (size before relaxing)
 .debug_str     0x00000000000065e6       0x5b /usr/lib/gcc/arm-none-eabi/6.3.1/../../../arm-none-eabi/lib/thumb/v7-m/libm.a(lib_a-s_round.o)
                                        0x66c (size before relaxing)

.debug_frame    0x0000000000000000     0x4084
 .debug_frame   0x0000000000000000       0x2c _build/main.o
 .debug_frame   0x000000000000002c       0x30 _build/system_stm32l1xx.o
 .debug_frame   0x000000000000005c      0x48c _build/sx1276.o
 .debug_frame   0x00000000000004e8      0x3ec _build/stm32l1xx_hal_rtc_ex.o
 .debug_frame   0x00000000000008d4       0x50 _build/stm32l1xx_hal_msp_template.o
 .debug_frame   0x0000000000000924      0x628 _build/stm32l1xx_hal_spi.o
 .debug_frame   0x0000000000000f4c       0xc4 _build/stm32l1xx_hal_rcc_ex.o
 .debug_frame   0x0000000000001010      0x1e4 _build/stm32l1xx_hal.o
 .debug_frame   0x00000000000011f4      0xa10 _build/stm32l1xx_hal_i2c.o
 .debug_frame   0x0000000000001c04      0x570 _build/stm32l1xx_hal_uart.o
 .debug_frame   0x0000000000002174      0x334 _build/stm32l1xx_hal_adc.o
 .debug_frame   0x00000000000024a8       0xe4 _build/stm32l1xx_hal_gpio.o
 .debug_frame   0x000000000000258c      0x16c _build/stm32l1xx_hal_cortex.o
 .debug_frame   0x00000000000026f8      0x16c _build/stm32l1xx_hal_dma.o
 .debug_frame   0x0000000000002864      0x268 _build/stm32l1xx_hal_rtc.o
 .debug_frame   0x0000000000002acc      0x1c4 _build/stm32l1xx_hal_rcc.o
 .debug_frame   0x0000000000002c90      0x168 _build/sx1276-board.o
 .debug_frame   0x0000000000002df8       0xd0 _build/spi-board.o
 .debug_frame   0x0000000000002ec8      0x1bc _build/gpio-board.o
 .debug_frame   0x0000000000003084       0x2c _build/delay-board.o
 .debug_frame   0x00000000000030b0      0x1b0 _build/board.o
 .debug_frame   0x0000000000003260      0x294 _build/rtc-board.o
 .debug_frame   0x00000000000034f4      0x11c _build/i2c-board.o
 .debug_frame   0x0000000000003610       0x78 _build/adc-board.o
 .debug_frame   0x0000000000003688      0x1a0 _build/uart-board.o
 .debug_frame   0x0000000000003828       0xd8 _build/uart.o
 .debug_frame   0x0000000000003900      0x114 _build/i2c.o
 .debug_frame   0x0000000000003a14       0x48 _build/delay.o
 .debug_frame   0x0000000000003a5c       0xbc _build/gpio.o
 .debug_frame   0x0000000000003b18       0xac _build/fifo.o
 .debug_frame   0x0000000000003bc4      0x1d0 _build/timer.o
 .debug_frame   0x0000000000003d94       0x58 _build/adc.o
 .debug_frame   0x0000000000003dec       0x2c /usr/lib/gcc/arm-none-eabi/6.3.1/../../../arm-none-eabi/lib/thumb/v7-m/libc_nano.a(lib_a-init.o)
 .debug_frame   0x0000000000003e18       0x34 /usr/lib/gcc/arm-none-eabi/6.3.1/../../../arm-none-eabi/lib/thumb/v7-m/libm.a(lib_a-s_ceil.o)
 .debug_frame   0x0000000000003e4c       0x30 /usr/lib/gcc/arm-none-eabi/6.3.1/../../../arm-none-eabi/lib/thumb/v7-m/libm.a(lib_a-s_round.o)
 .debug_frame   0x0000000000003e7c       0xac /usr/lib/gcc/arm-none-eabi/6.3.1/thumb/v7-m/libgcc.a(_arm_addsubdf3.o)
 .debug_frame   0x0000000000003f28       0x50 /usr/lib/gcc/arm-none-eabi/6.3.1/thumb/v7-m/libgcc.a(_arm_muldivdf3.o)
 .debug_frame   0x0000000000003f78       0xc4 /usr/lib/gcc/arm-none-eabi/6.3.1/thumb/v7-m/libgcc.a(_arm_cmpdf2.o)
 .debug_frame   0x000000000000403c       0x24 /usr/lib/gcc/arm-none-eabi/6.3.1/thumb/v7-m/libgcc.a(_arm_fixdfsi.o)
 .debug_frame   0x0000000000004060       0x24 /usr/lib/gcc/arm-none-eabi/6.3.1/thumb/v7-m/libgcc.a(_arm_fixunsdfsi.o)

Cross Reference Table

Symbol                                            File
ADC1_IRQHandler                                   _build/startup_stm32l151xba.o
ADC_ConversionStop_Disable                        _build/stm32l1xx_hal_adc.o
                                                  _build/stm32l1xx_hal_adc_ex.o
ADC_Enable                                        _build/stm32l1xx_hal_adc.o
                                                  _build/stm32l1xx_hal_adc_ex.o
AHBPrescTable                                     _build/system_stm32l1xx.o
                                                  _build/stm32l1xx_hal_rcc.o
APBPrescTable                                     _build/system_stm32l1xx.o
                                                  _build/stm32l1xx_hal_rcc.o
Adc                                               _build/board.o
AdcDeInit                                         _build/adc.o
                                                  _build/board.o
AdcHandle                                         _build/adc-board.o
AdcInit                                           _build/adc.o
                                                  _build/board.o
AdcMcuConfig                                      _build/adc-board.o
                                                  _build/adc.o
AdcMcuInit                                        _build/adc-board.o
                                                  _build/adc.o
AdcMcuReadChannel                                 _build/adc-board.o
                                                  _build/adc.o
AdcReadChannel                                    _build/adc.o
                                                  _build/board.o
AntSwitchHf                                       _build/sx1276-board.o
AntSwitchLf                                       _build/sx1276-board.o
BlockLowPowerDuringTask                           _build/rtc-board.o
                                                  _build/gps.o
BoardBatteryMeasureVolage                         _build/board.o
BoardDeInitMcu                                    _build/board.o
                                                  _build/rtc-board.o
BoardDisableIrq                                   _build/board.o
                                                  _build/timer.o
                                                  _build/gps.o
                                                  _build/uart-board.o
                                                  _build/spi-board.o
BoardEnableIrq                                    _build/board.o
                                                  _build/timer.o
                                                  _build/gps.o
                                                  _build/uart-board.o
                                                  _build/spi-board.o
BoardGetBatteryLevel                              _build/board.o
BoardGetBatteryVoltage                            _build/board.o
BoardGetRandomSeed                                _build/board.o
BoardGetUniqueId                                  _build/board.o
BoardInitMcu                                      _build/board.o
                                                  _build/rtc-board.o
                                                  _build/main.o
BoardResetMcu                                     _build/board.o
BusFault_Handler                                  _build/startup_stm32l151xba.o
COMP_IRQHandler                                   _build/startup_stm32l151xba.o
DAC_IRQHandler                                    _build/startup_stm32l151xba.o
DMA1_Channel1_IRQHandler                          _build/startup_stm32l151xba.o
DMA1_Channel2_IRQHandler                          _build/startup_stm32l151xba.o
DMA1_Channel3_IRQHandler                          _build/startup_stm32l151xba.o
DMA1_Channel4_IRQHandler                          _build/startup_stm32l151xba.o
DMA1_Channel5_IRQHandler                          _build/startup_stm32l151xba.o
DMA1_Channel6_IRQHandler                          _build/startup_stm32l151xba.o
DMA1_Channel7_IRQHandler                          _build/startup_stm32l151xba.o
DebugMon_Handler                                  _build/startup_stm32l151xba.o
Default_Handler                                   _build/startup_stm32l151xba.o
Delay                                             _build/delay.o
DelayMs                                           _build/delay.o
                                                  _build/sx1276-board.o
                                                  _build/sx1276.o
                                                  _build/main.o
DelayMsMcu                                        _build/delay-board.o
                                                  _build/delay.o
DioIrq                                            _build/sx1276.o
EXTI0_IRQHandler                                  _build/gpio-board.o
EXTI15_10_IRQHandler                              _build/gpio-board.o
EXTI1_IRQHandler                                  _build/gpio-board.o
EXTI2_IRQHandler                                  _build/gpio-board.o
EXTI3_IRQHandler                                  _build/gpio-board.o
EXTI4_IRQHandler                                  _build/gpio-board.o
EXTI9_5_IRQHandler                                _build/gpio-board.o
EepromGetDeviceAddr                               _build/eeprom.o
EepromMcuGetDeviceAddr                            _build/eeprom-board.o
                                                  _build/eeprom.o
EepromMcuReadBuffer                               _build/eeprom-board.o
                                                  _build/eeprom.o
EepromMcuSetDeviceAddr                            _build/eeprom-board.o
                                                  _build/eeprom.o
EepromMcuWriteBuffer                              _build/eeprom-board.o
                                                  _build/eeprom.o
EepromReadBuffer                                  _build/eeprom.o
EepromSetDeviceAddr                               _build/eeprom.o
EepromWriteBuffer                                 _build/eeprom.o
FLASH_IRQHandler                                  _build/startup_stm32l151xba.o
FLASH_PageErase                                   _build/stm32l1xx_hal_flash_ex.o
                                                  _build/stm32l1xx_hal_flash.o
FLASH_WaitForLastOperation                        _build/stm32l1xx_hal_flash.o
                                                  _build/stm32l1xx_hal_flash_ex.o
FifoFlush                                         _build/fifo.o
FifoInit                                          _build/fifo.o
                                                  _build/board.o
FifoPop                                           _build/fifo.o
                                                  _build/uart-board.o
FifoPush                                          _build/fifo.o
                                                  _build/uart-board.o
FskBandwidths                                     _build/sx1276.o
GetBoardPowerSource                               _build/board.o
                                                  _build/timer.o
GpioInit                                          _build/gpio.o
                                                  _build/uart-board.o
                                                  _build/adc-board.o
                                                  _build/i2c-board.o
                                                  _build/board.o
                                                  _build/spi-board.o
                                                  _build/sx1276-board.o
GpioMcuInit                                       _build/gpio-board.o
                                                  _build/gpio.o
GpioMcuRead                                       _build/gpio-board.o
                                                  _build/gpio.o
GpioMcuRemoveInterrupt                            _build/gpio-board.o
                                                  _build/gpio.o
GpioMcuSetInterrupt                               _build/gpio-board.o
                                                  _build/gpio.o
GpioMcuToggle                                     _build/gpio-board.o
                                                  _build/gpio.o
GpioMcuWrite                                      _build/gpio-board.o
                                                  _build/gpio.o
GpioRead                                          _build/gpio.o
GpioRemoveInterrupt                               _build/gpio.o
GpioSetInterrupt                                  _build/gpio.o
                                                  _build/sx1276-board.o
GpioToggle                                        _build/gpio.o
GpioWrite                                         _build/gpio.o
                                                  _build/sx1276-board.o
                                                  _build/sx1276.o
GpsConvertPositionFromStringToNumerical           _build/gps.o
GpsConvertPositionIntoBinary                      _build/gps.o
GpsFormatGpsData                                  _build/gps.o
GpsGetLatestGpsAltitude                           _build/gps.o
GpsGetLatestGpsPositionBinary                     _build/gps.o
GpsGetLatestGpsPositionDouble                     _build/gps.o
GpsGetPpsDetectedState                            _build/gps.o
GpsHasFix                                         _build/gps.o
GpsInit                                           _build/gps.o
GpsMcuInit                                        _build/gps.o
GpsMcuInvertPpsTrigger                            _build/gps.o
GpsMcuProcess                                     _build/gps.o
GpsMcuStart                                       _build/gps.o
GpsMcuStop                                        _build/gps.o
GpsNmeaChecksum                                   _build/gps.o
GpsParseGpsData                                   _build/gps.o
GpsPpsHandler                                     _build/gps.o
GpsProcess                                        _build/gps.o
GpsResetPosition                                  _build/gps.o
GpsStart                                          _build/gps.o
GpsStop                                           _build/gps.o
HAL_ADCEx_InjectedConfigChannel                   _build/stm32l1xx_hal_adc_ex.o
HAL_ADCEx_InjectedConvCpltCallback                _build/stm32l1xx_hal_adc_ex.o
                                                  _build/stm32l1xx_hal_adc.o
HAL_ADCEx_InjectedGetValue                        _build/stm32l1xx_hal_adc_ex.o
HAL_ADCEx_InjectedPollForConversion               _build/stm32l1xx_hal_adc_ex.o
HAL_ADCEx_InjectedStart                           _build/stm32l1xx_hal_adc_ex.o
HAL_ADCEx_InjectedStart_IT                        _build/stm32l1xx_hal_adc_ex.o
HAL_ADCEx_InjectedStop                            _build/stm32l1xx_hal_adc_ex.o
HAL_ADCEx_InjectedStop_IT                         _build/stm32l1xx_hal_adc_ex.o
HAL_ADC_AnalogWDGConfig                           _build/stm32l1xx_hal_adc.o
HAL_ADC_ConfigChannel                             _build/stm32l1xx_hal_adc.o
                                                  _build/adc-board.o
HAL_ADC_ConvCpltCallback                          _build/stm32l1xx_hal_adc.o
HAL_ADC_ConvHalfCpltCallback                      _build/stm32l1xx_hal_adc.o
HAL_ADC_DeInit                                    _build/stm32l1xx_hal_adc.o
                                                  _build/adc-board.o
HAL_ADC_ErrorCallback                             _build/stm32l1xx_hal_adc.o
HAL_ADC_GetError                                  _build/stm32l1xx_hal_adc.o
HAL_ADC_GetState                                  _build/stm32l1xx_hal_adc.o
HAL_ADC_GetValue                                  _build/stm32l1xx_hal_adc.o
                                                  _build/adc-board.o
HAL_ADC_IRQHandler                                _build/stm32l1xx_hal_adc.o
HAL_ADC_Init                                      _build/stm32l1xx_hal_adc.o
                                                  _build/adc-board.o
HAL_ADC_LevelOutOfWindowCallback                  _build/stm32l1xx_hal_adc.o
HAL_ADC_MspDeInit                                 _build/stm32l1xx_hal_adc.o
HAL_ADC_MspInit                                   _build/stm32l1xx_hal_adc.o
HAL_ADC_PollForConversion                         _build/stm32l1xx_hal_adc.o
                                                  _build/adc-board.o
HAL_ADC_PollForEvent                              _build/stm32l1xx_hal_adc.o
HAL_ADC_Start                                     _build/stm32l1xx_hal_adc.o
                                                  _build/adc-board.o
HAL_ADC_Start_DMA                                 _build/stm32l1xx_hal_adc.o
HAL_ADC_Start_IT                                  _build/stm32l1xx_hal_adc.o
HAL_ADC_Stop                                      _build/stm32l1xx_hal_adc.o
HAL_ADC_Stop_DMA                                  _build/stm32l1xx_hal_adc.o
HAL_ADC_Stop_IT                                   _build/stm32l1xx_hal_adc.o
HAL_DBGMCU_DisableDBGSleepMode                    _build/stm32l1xx_hal.o
                                                  _build/board.o
HAL_DBGMCU_DisableDBGStandbyMode                  _build/stm32l1xx_hal.o
                                                  _build/board.o
HAL_DBGMCU_DisableDBGStopMode                     _build/stm32l1xx_hal.o
                                                  _build/board.o
HAL_DBGMCU_EnableDBGSleepMode                     _build/stm32l1xx_hal.o
HAL_DBGMCU_EnableDBGStandbyMode                   _build/stm32l1xx_hal.o
HAL_DBGMCU_EnableDBGStopMode                      _build/stm32l1xx_hal.o
HAL_DMA_Abort                                     _build/stm32l1xx_hal_dma.o
                                                  _build/stm32l1xx_hal_adc.o
                                                  _build/stm32l1xx_hal_uart.o
                                                  _build/stm32l1xx_hal_spi.o
                                                  _build/stm32l1xx_hal_usart.o
HAL_DMA_Abort_IT                                  _build/stm32l1xx_hal_dma.o
                                                  _build/stm32l1xx_hal_tim.o
                                                  _build/stm32l1xx_hal_uart.o
                                                  _build/stm32l1xx_hal_i2c.o
                                                  _build/stm32l1xx_hal_spi.o
                                                  _build/stm32l1xx_hal_usart.o
HAL_DMA_DeInit                                    _build/stm32l1xx_hal_dma.o
HAL_DMA_GetError                                  _build/stm32l1xx_hal_dma.o
                                                  _build/stm32l1xx_hal_uart.o
HAL_DMA_GetState                                  _build/stm32l1xx_hal_dma.o
                                                  _build/stm32l1xx_hal_i2c.o
HAL_DMA_IRQHandler                                _build/stm32l1xx_hal_dma.o
HAL_DMA_Init                                      _build/stm32l1xx_hal_dma.o
HAL_DMA_PollForTransfer                           _build/stm32l1xx_hal_dma.o
HAL_DMA_RegisterCallback                          _build/stm32l1xx_hal_dma.o
HAL_DMA_Start                                     _build/stm32l1xx_hal_dma.o
HAL_DMA_Start_IT                                  _build/stm32l1xx_hal_dma.o
                                                  _build/stm32l1xx_hal_tim.o
                                                  _build/stm32l1xx_hal_adc.o
                                                  _build/stm32l1xx_hal_uart.o
                                                  _build/stm32l1xx_hal_i2c.o
                                                  _build/stm32l1xx_hal_spi.o
                                                  _build/stm32l1xx_hal_usart.o
HAL_DMA_UnRegisterCallback                        _build/stm32l1xx_hal_dma.o
HAL_DeInit                                        _build/stm32l1xx_hal.o
HAL_Delay                                         _build/stm32l1xx_hal.o
                                                  _build/delay-board.o
HAL_FLASHEx_AdvOBGetConfig                        _build/stm32l1xx_hal_flash_ex.o
HAL_FLASHEx_AdvOBProgram                          _build/stm32l1xx_hal_flash_ex.o
HAL_FLASHEx_DATAEEPROM_DisableFixedTimeProgram    _build/stm32l1xx_hal_flash_ex.o
HAL_FLASHEx_DATAEEPROM_EnableFixedTimeProgram     _build/stm32l1xx_hal_flash_ex.o
HAL_FLASHEx_DATAEEPROM_Erase                      _build/stm32l1xx_hal_flash_ex.o
HAL_FLASHEx_DATAEEPROM_EraseDoubleWord            _build/stm32l1xx_hal_flash_ramfunc.o
HAL_FLASHEx_DATAEEPROM_Lock                       _build/stm32l1xx_hal_flash_ex.o
HAL_FLASHEx_DATAEEPROM_Program                    _build/stm32l1xx_hal_flash_ex.o
HAL_FLASHEx_DATAEEPROM_ProgramDoubleWord          _build/stm32l1xx_hal_flash_ramfunc.o
HAL_FLASHEx_DATAEEPROM_Unlock                     _build/stm32l1xx_hal_flash_ex.o
HAL_FLASHEx_DisableRunPowerDown                   _build/stm32l1xx_hal_flash_ramfunc.o
HAL_FLASHEx_EnableRunPowerDown                    _build/stm32l1xx_hal_flash_ramfunc.o
HAL_FLASHEx_Erase                                 _build/stm32l1xx_hal_flash_ex.o
HAL_FLASHEx_Erase_IT                              _build/stm32l1xx_hal_flash_ex.o
HAL_FLASHEx_GetError                              _build/stm32l1xx_hal_flash_ramfunc.o
HAL_FLASHEx_HalfPageProgram                       _build/stm32l1xx_hal_flash_ramfunc.o
HAL_FLASHEx_OBGetConfig                           _build/stm32l1xx_hal_flash_ex.o
HAL_FLASHEx_OBProgram                             _build/stm32l1xx_hal_flash_ex.o
HAL_FLASHEx_OB_DeSelectPCROP                      _build/stm32l1xx_hal_flash_ex.o
HAL_FLASHEx_OB_SelectPCROP                        _build/stm32l1xx_hal_flash_ex.o
HAL_FLASH_EndOfOperationCallback                  _build/stm32l1xx_hal_flash.o
HAL_FLASH_GetError                                _build/stm32l1xx_hal_flash.o
HAL_FLASH_IRQHandler                              _build/stm32l1xx_hal_flash.o
HAL_FLASH_Lock                                    _build/stm32l1xx_hal_flash.o
HAL_FLASH_OB_Launch                               _build/stm32l1xx_hal_flash.o
HAL_FLASH_OB_Lock                                 _build/stm32l1xx_hal_flash.o
HAL_FLASH_OB_Unlock                               _build/stm32l1xx_hal_flash.o
HAL_FLASH_OperationErrorCallback                  _build/stm32l1xx_hal_flash.o
HAL_FLASH_Program                                 _build/stm32l1xx_hal_flash.o
HAL_FLASH_Program_IT                              _build/stm32l1xx_hal_flash.o
HAL_FLASH_Unlock                                  _build/stm32l1xx_hal_flash.o
HAL_GPIO_DeInit                                   _build/stm32l1xx_hal_gpio.o
HAL_GPIO_EXTI_Callback                            _build/gpio-board.o
                                                  _build/stm32l1xx_hal_gpio.o
HAL_GPIO_EXTI_IRQHandler                          _build/stm32l1xx_hal_gpio.o
                                                  _build/gpio-board.o
HAL_GPIO_Init                                     _build/stm32l1xx_hal_gpio.o
                                                  _build/gpio-board.o